06-06 21:37:44.714 31784 31826 D SmartSidebar.VideoAssistantAppStatusManager: (main)isAppEnabled: to.kuudere.anisuge = true
06-06 21:37:44.795  1510  1510 I BufferQueueProducer: [to.kuudere.anisuge/to.kuudere.anisuge.MainActivity#203939](this:0xb4000078323042f8,id:-1,api:0,p:-1,c:1510) queueBuffer: fps=57.25 dur=1013.16 max=67.16 min=15.28
06-06 21:37:44.857  1438  1523 I OriginChannel: wise light debug, data[0].type is 65627,data[0].sensor is 91:[6.000000,,200.000000,,99.000000,0.000000,553279330277604]
06-06 21:37:45.015 31784 31826 D SmartSidebar.EdgePanelSettingsValueProxy: (main)getOverlayShowVideoAssistant edge_panel_video_assistant =-1
06-06 21:37:45.017  2220  4632 D FlexibleTaskController: check task which not have enough child, isInSingleWhiteList:false isCloneTask:false
06-06 21:37:45.022 31784 31784 D VideoAssistantUtils: isInSplitScreenMode  === :false
06-06 21:37:45.023  2220  4632 D FlexibleTaskController: check task which not have enough child, isInSingleWhiteList:false isCloneTask:false
06-06 21:37:45.026 31784 31826 D SmartSidebar.EdgePanelUtils: (main)getTopAppInfo() result: ApplicationInfo{8655c8c to.kuudere.anisuge}
06-06 21:37:45.027 31784 31826 D SmartSidebar.EdgePanelUtils: (main)getTopPkg() pkg: to.*****.anisuge
06-06 21:37:45.028  2220  4632 W ContentService: Observer is already registered. Pid is 31784
06-06 21:37:45.031 31784 31826 D SmartSidebar.VideoAssistantPanelView: (main)Registered app status observer for: to.kuudere.anisuge
06-06 21:37:45.031 31784 31826 D SmartSidebar.VideoAssistantAppStatusManager: (main)isAppEnabled: to.kuudere.anisuge = true
06-06 21:37:45.082  1438  1523 I OriginChannel: wise light debug, data[0].type is 65627,data[0].sensor is 91:[6.000000,,200.000000,,85.000000,0.000000,553279530346594]
06-06 21:37:45.169  8618  9482 D IHansComunication: HANS sendMessageToKernel: threadId = 543345654848, netLinkSetup = 1, type = FROZEN_TRANS, targetUid = 10658, pkgCmd = PKG_CMD_MAX
06-06 21:37:45.282  1438  1523 I OriginChannel: wise light debug, data[4].type is 65627,data[4].sensor is 91:[6.000000,,200.000000,,83.000000,0.000000,553279730358508]
06-06 21:37:45.332 31784 31826 D SmartSidebar.EdgePanelSettingsValueProxy: (main)getOverlayShowVideoAssistant edge_panel_video_assistant =-1
06-06 21:37:45.334  2220  4632 D FlexibleTaskController: check task which not have enough child, isInSingleWhiteList:false isCloneTask:false
06-06 21:37:45.338 31784 31784 D VideoAssistantUtils: isInSplitScreenMode  === :false
06-06 21:37:45.339  2220  4632 D FlexibleTaskController: check task which not have enough child, isInSingleWhiteList:false isCloneTask:false
06-06 21:37:45.341 31784 31826 D SmartSidebar.EdgePanelUtils: (main)getTopAppInfo() result: ApplicationInfo{5a33fd5 to.kuudere.anisuge}
06-06 21:37:45.342 31784 31826 D SmartSidebar.EdgePanelUtils: (main)getTopPkg() pkg: to.*****.anisuge
06-06 21:37:45.343  2220  4632 W ContentService: Observer is already registered. Pid is 31784
06-06 21:37:45.344 31784 31826 D SmartSidebar.VideoAssistantPanelView: (main)Registered app status observer for: to.kuudere.anisuge
06-06 21:37:45.345 31784 31826 D SmartSidebar.VideoAssistantAppStatusManager: (main)isAppEnabled: to.kuudere.anisuge = true
06-06 21:37:45.375  2220  2390 D AES     : AEEIOCTL_GET/SET_SF_STATE IOCTL,cmd= 1074294797, lParam=0. 
06-06 21:37:45.376  2220  2390 D AES     : AEEIOCTL_RT_MON_Kick IOCTL,cmd= 2147774474, lParam=300. 
06-06 21:37:45.378  6938 18291 D gaia-GaiaConnectChecker: start connect check++
06-06 21:37:45.384  6938  7691 D gaia-GaiaConnectChecker: start connect check++
06-06 21:37:45.402  1464  1530 D vendor.oplus.hardware.charger-V10-service: ret_value:138, read content:,352,346,4402,4379,0,2000,2200,100,100,1,17,-1,5062,100,1,1048704,1,1,0,0,4435,0,5,0,5,0,1,0,-2740,0,4,2,0,0,40,40,40,0,0,0,0,0,0,0,0,0,0
06-06 21:37:45.403  1464  1530 D vendor.oplus.hardware.charger-V10-service: gmtime: 2026-06-06-21-37-45
06-06 21:37:45.404  1464  1530 D vendor.oplus.hardware.charger-V10-service: usb_online:1, ac_online:0, wireless_online:-2147483648
06-06 21:37:45.428  2220  2839 D OplusSlaFastSwitch: Network Capabiliteis changed 322
06-06 21:37:45.431  3006  3123 W OPLUS_LOG_LOAD: ==LOGS PROG INFO, prog(com.android.systemui) ==
06-06 21:37:45.431  3006  3123 D WifiStatusTracker: mNetworkCallback onCapabilitiesChanged network:322 mPrimaryNetworkId:322
06-06 21:37:45.440  3006  3178 D WifiPickerTracker: handleNetworkCapabilitiesChanged network:322
06-06 21:37:45.443  3502  4080 I SmartDataSwitchValidator: unexpected network onCapabilitiesChanged
06-06 21:37:45.445  2220  2839 D OplusSlaNetworkManager: isPrimaryWifi:true network:322
06-06 21:37:45.445  3006  3178 I WifiPickerTracker: wifi connected status realConnectedWifiEntry not null: true
06-06 21:37:45.449 29991 29991 D VendorWifiService: onEvent event:9,action:1
06-06 21:37:45.450  3006  3123 D WifiStatusTracker: mNetworkCallback onCapabilitiesChanged network:322 mPrimaryNetworkId:322
06-06 21:37:45.450  2220  2802 D MultiNetworkStatsMonitor: wifi network 322 nc changed, primary=true, iface=wlan0
06-06 21:37:45.450  2220  2802 D OplusInterfaceMonitor: interface:wlan0 primary:true
06-06 21:37:45.451 29991 29991 D SubsysEventListenerManager: mDefaultNetworkCb onCapabilitiesChanged
06-06 21:37:45.452  2220  2802 D ScorerUtils: isLowTraffic: txTputKBps=0, rxTputKBps=2
06-06 21:37:45.452  2220  2700 W IPCThreadState: Sending oneway calls to frozen process.
06-06 21:37:45.452 29991 29991 D NetworkService[0]: default onCapabilitiesChanged
06-06 21:37:45.452  2220  2700 W IPCThreadState: Sending oneway calls to frozen process.
06-06 21:37:45.452  2220  2700 W IPCThreadState: Sending oneway calls to frozen process.
06-06 21:37:45.452  2220  2802 D OplusWifiPower_TriggerCenter: mComponentCallback: wifistat
06-06 21:37:45.453  3006  3123 I SystemUi--Statusbar: NetworkController.WifiSignalController-->handleStatusUpdated state=3 enabled=true connected=true isDefaultNetwork=true rssi=-45 level=4 statusLabel=null isDirty=false
06-06 21:37:45.453 29991 29991 D SubsysEventListenerManager: onCapabilitiesChanged
06-06 21:37:45.453 29991 29991 D DataStateTracker: getCurDataChannel, channel:1
06-06 21:37:45.454  2220  2802 D OplusWifiResidenceRecognition: No available relateBssidList
06-06 21:37:45.455  2220  2700 W IPCThreadState: Sending oneway calls to frozen process.
06-06 21:37:45.455  2220  2700 W IPCThreadState: Sending oneway calls to frozen process.
06-06 21:37:45.457  3006  3123 I SystemUi--Statusbar: NetworkController.WifiSignalController-->handleStatusUpdated state=3 enabled=true connected=true isDefaultNetwork=true rssi=-45 level=4 statusLabel=null isDirty=false
06-06 21:37:45.457  3006  3123 I SystemUi--Statusbar: NetworkController.WifiSignalController-->handleStatusUpdated state=3 enabled=true connected=true isDefaultNetwork=true rssi=-45 level=4 statusLabel=null isDirty=false
06-06 21:37:45.458  3468  3617 I BugleRcsEngine: Connected state: [1], networkType: [WIFI] [CONTEXT thread_id=2970 ]
06-06 21:37:45.458  2220  2700 D ConnectivityService: NetReassign [no changes] [c 0] [a 0] [i 1]
06-06 21:37:45.459 21649 30187 I NearbyMediums: Wifi changed new SSID: <unknown ssid>
06-06 21:37:45.459 21649 30187 I NearbyMediums: WifiLanConnectivityInfo is not changed, skip notify.
06-06 21:37:45.459  1434  1448 I hwcomposer: [HWCDisplay] (0 updateFps():4512), (type:1, mode:2) fps:57.512875,dur:1008.47,max:67.39,min:13.17  
06-06 21:37:45.459  3468  3753 I BugleRcsEngine: handleMessage processing message:[NOTIFY_UPTIME_IGNORE_STATE_CHANGED] with [non-null]:RcsEngineImpl reference [CONTEXT log_prefix="RcsEngineImpl[DUAL_REG]:[2efd3a7b-2aa9]>Handler" thread_id=2973 ]
06-06 21:37:45.459  3468  3753 I BugleRcsEngine: Cannot use CS.apk as it's battery optimized [CONTEXT thread_id=2973 ]
06-06 21:37:45.462 22197 26125 I NearbyMediums: Wifi changed new SSID: <unknown ssid>
06-06 21:37:45.462 22197 26125 I NearbyMediums: WifiLanConnectivityInfo is not changed, skip notify.
06-06 21:37:45.462  2220  2700 D ConnectivityService: NetReassign [no changes] [c 0] [a 1] [i 1]
06-06 21:37:45.466  3468  3753 I BugleRcsEngine: Rcs is enabled from user settings: true [CONTEXT log_prefix="ProvisioningEngineDataRetriever" thread_id=2973 ]
06-06 21:37:45.482  1438  1523 I OriginChannel: wise light debug, data[3].type is 65627,data[3].sensor is 91:[6.000000,,200.000000,,82.000000,0.000000,553279955946276]
06-06 21:37:45.482  1438  1523 I OriginChannel: wise light debug, data[4].type is 65627,data[4].sensor is 91:[6.000000,,200.000000,,81.000000,0.000000,553280155348046]
06-06 21:37:45.482  1438  1523 I OriginChannel: wise light debug, data[9].type is 65627,data[9].sensor is 91:[6.000000,,200.000000,,102.000000,0.000000,553280355451200]
06-06 21:37:45.485 29991  5609 D CommonApp-322-10885: commonScoreStrategy scenarios 5 mdnsScore=0
06-06 21:37:45.485 29991  5609 D CommonApp-322-10885: notifyScoreChange appScene COMMON score 78
06-06 21:37:45.485 29991  5609 D ScorePolicy: handleScoreChanged: []
06-06 21:37:45.485 29991  5609 D ScorePolicy: handleScoreChanged: []
06-06 21:37:45.485 29991  5609 D ScorePolicy: handleScoreChanged: []
06-06 21:37:45.645 31784 31826 D SmartSidebar.EdgePanelSettingsValueProxy: (main)getOverlayShowVideoAssistant edge_panel_video_assistant =-1
06-06 21:37:45.647  2220  3728 D FlexibleTaskController: check task which not have enough child, isInSingleWhiteList:false isCloneTask:false
06-06 21:37:45.650 31784 31784 D VideoAssistantUtils: isInSplitScreenMode  === :false
06-06 21:37:45.652  2220  3728 D FlexibleTaskController: check task which not have enough child, isInSingleWhiteList:false isCloneTask:false
06-06 21:37:45.655 31784 31826 D SmartSidebar.EdgePanelUtils: (main)getTopAppInfo() result: ApplicationInfo{7b343ea to.kuudere.anisuge}
06-06 21:37:45.655 31784 31826 D SmartSidebar.EdgePanelUtils: (main)getTopPkg() pkg: to.*****.anisuge
06-06 21:37:45.657  2220  3728 W ContentService: Observer is already registered. Pid is 31784
06-06 21:37:45.659 31784 31826 D SmartSidebar.VideoAssistantPanelView: (main)Registered app status observer for: to.kuudere.anisuge
06-06 21:37:45.659 31784 31826 D SmartSidebar.VideoAssistantAppStatusManager: (main)isAppEnabled: to.kuudere.anisuge = true
06-06 21:37:45.697   769   769 E mpv     : mpv_get_property(path) format 1 returned error property unavailable
06-06 21:37:45.707  1438  1523 I OriginChannel: wise light debug, data[4].type is 65627,data[4].sensor is 91:[6.000000,,200.000000,,97.000000,0.000000,553280580184729]
06-06 21:37:45.762  1435  1435 D healthd : system healthd: battery l=100 v=4 t=35.1 h=2 st=5 c=4 fc=4869000 chg=u
06-06 21:37:45.806  1438  1523 I OriginChannel: wise light debug, data[0].type is 65627,data[0].sensor is 91:[6.000000,,200.000000,,75.000000,0.000000,553280780775191]
06-06 21:37:45.808  1510  1510 I BufferQueueProducer: [to.kuudere.anisuge/to.kuudere.anisuge.MainActivity#203939](this:0xb4000078323042f8,id:-1,api:0,p:-1,c:1510) queueBuffer: fps=57.25 dur=1013.03 max=66.87 min=14.86
06-06 21:37:45.810  1435  1435 D healthd : system healthd: battery l=100 v=4 t=35.1 h=2 st=5 c=0 fc=4869000 chg=u
06-06 21:37:45.907  1438  1523 I OriginChannel: wise light debug, data[4].type is 65627,data[4].sensor is 91:[6.000000,,200.000000,,96.000000,0.000000,553280980357575]
06-06 21:37:45.960 31784 31826 D SmartSidebar.EdgePanelSettingsValueProxy: (main)getOverlayShowVideoAssistant edge_panel_video_assistant =-1
06-06 21:37:45.961 22197 26125 I NearbySharing: Network state changed: NetworkState(isRestricted=false, isOnline=true, isCongested=false, isMetered=false, isWifiConnected=true)
06-06 21:37:45.962  2220  2860 D FlexibleTaskController: check task which not have enough child, isInSingleWhiteList:false isCloneTask:false
06-06 21:37:45.965 31784 31784 D VideoAssistantUtils: isInSplitScreenMode  === :false
06-06 21:37:45.967  2220  2860 D FlexibleTaskController: check task which not have enough child, isInSingleWhiteList:false isCloneTask:false
06-06 21:37:45.969 31784 31826 D SmartSidebar.EdgePanelUtils: (main)getTopAppInfo() result: ApplicationInfo{70166db to.kuudere.anisuge}
06-06 21:37:45.970 31784 31826 D SmartSidebar.EdgePanelUtils: (main)getTopPkg() pkg: to.*****.anisuge
06-06 21:37:45.971  2220  2860 W ContentService: Observer is already registered. Pid is 31784
06-06 21:37:45.974 31784 31826 D SmartSidebar.VideoAssistantPanelView: (main)Registered app status observer for: to.kuudere.anisuge
06-06 21:37:45.974 31784 31826 D SmartSidebar.VideoAssistantAppStatusManager: (main)isAppEnabled: to.kuudere.anisuge = true
06-06 21:37:45.993  3006  3123 I SystemUi--Statusbar: OplusNetworkSpeedControllExImpl-->updateNetworkSpeed: isConnected:true,isSwitchOn:true,isSuspend:false,isPause:false
06-06 21:37:45.997  3006  3123 I SystemUi--Statusbar: OplusNetworkSpeedControllExImpl-->getTotalByte: totalRxBytes:47812308900,totalTxBytes:15997976461,loopbackTxBytes:4996266579,loopbackRxBytes:4996266579 ,totalBytes:53817752203
06-06 21:37:46.012  1464  1464 D ChargerInfo: getInfo: type: 0x1, update: 1
06-06 21:37:46.013  1464  1509 D ChargerInfo: chargerInfoUpdateThread: update start
06-06 21:37:46.014  1464  1509 D ChargerInfo: enableTx: path(/proc/wireless/enable_tx): not exist
06-06 21:37:46.018  1464  1509 D ChargerInfo: get_ui_charge_icon_type: [0 0] [0 0] 1
06-06 21:37:46.021  1464  1509 E ChargerInfo: SingleHyperPath not found
06-06 21:37:46.021  1464  1509 D ChargerInfo: CarC: path(/sys/class/oplus_chg/battery/gauge_car_c): not exist
06-06 21:37:46.021  1464  1509 D ChargerInfo: chargerInfoUpdateThread: update end
06-06 21:37:46.021  1464  1509 D ChargerInfo: chargerInfoUpdateThread: update wait
06-06 21:37:46.021  1464  1464 D ChargerInfo: enableTx: path(/proc/wireless/enable_tx): not exist
06-06 21:37:46.022  1464  1464 D ChargerInfo: getInfo: {"Update":{"batteryFcc":4869,"batteryRm":4869,"bddLeakCurr":0,"bmsStatus":0,"bypassChgStatus":0,"chargeTimeRemaining":0,"cpaPower":0,"enableTx":"0","fastCharge":0,"isSupportSpeedCharge":0,"notifyCode":1048704,"otgOnline":0,"ppsChargePower":0,"ppsCharging":0,"shortCHwStatus":0,"shortIcOtpStatus":0,"uiIconType":0,"uiPower":0,"usbStatus":0,"wlsAdapterPower":0}}
06-06 21:37:46.039  3006  3006 E OplusNotificationPullDownAnimationExImpl: updateShelfPosition, error! ambientState=com.android.systemui.statusbar.notification.stack.AmbientState@26e6372, shelfViewState=com.android.systemui.statusbar.NotificationShelf$ShelfState@77943c3, lastViewState=null, stackLayout=com.android.systemui.statusbar.notification.stack.NotificationStackScrollLayout{d197440 V.E...... ......ID 0,0-1080,2256 #7f0a08f0 app:id/notification_stack_scroller alpha=1.0 viewInfo = }, shelfEx=com.oplus.systemui.notification.row.OplusShelfExImpl@ec22f79
06-06 21:37:46.043  1510  1510 I BufferQueueProducer: [StatusBar#92](this:0xb40000782c96daf8,id:-1,api:0,p:-1,c:1510) queueBuffer: fps=0.25 dur=4005.31 max=4005.31 min=4005.31
06-06 21:37:46.108  1438  1523 I OriginChannel: wise light debug, data[3].type is 65627,data[3].sensor is 91:[6.000000,,200.000000,,95.000000,0.000000,553281205673638]
06-06 21:37:46.154  1464  1464 D ChargerInfo: getInfo: type: 0x1, update: 1
06-06 21:37:46.155  1464  1509 D ChargerInfo: chargerInfoUpdateThread: update start
06-06 21:37:46.159  1464  1509 D ChargerInfo: enableTx: path(/proc/wireless/enable_tx): not exist
06-06 21:37:46.162  1464  1509 D ChargerInfo: get_ui_charge_icon_type: [0 0] [0 0] 1
06-06 21:37:46.164  1464  1509 E ChargerInfo: SingleHyperPath not found
06-06 21:37:46.165  1464  1509 D ChargerInfo: CarC: path(/sys/class/oplus_chg/battery/gauge_car_c): not exist
06-06 21:37:46.165  1464  1509 D ChargerInfo: chargerInfoUpdateThread: update end
06-06 21:37:46.165  1464  1509 D ChargerInfo: chargerInfoUpdateThread: update wait
06-06 21:37:46.166  1464  1464 D ChargerInfo: enableTx: path(/proc/wireless/enable_tx): not exist
06-06 21:37:46.166  1464  1464 D ChargerInfo: getInfo: {"Update":{"batteryFcc":4869,"batteryRm":4869,"bddLeakCurr":0,"bmsStatus":0,"bypassChgStatus":0,"chargeTimeRemaining":0,"cpaPower":0,"enableTx":"0","fastCharge":0,"isSupportSpeedCharge":0,"notifyCode":1048704,"otgOnline":0,"ppsChargePower":0,"ppsCharging":0,"shortCHwStatus":0,"shortIcOtpStatus":0,"uiIconType":0,"uiPower":0,"usbStatus":0,"wlsAdapterPower":0}}
06-06 21:37:46.182  2220  2581 V AlarmManager: sending alarm Alarm{1785f2c type 1 origWhen 1780762066182 whenElapsed 553281681 android} uid 1000 whenElapsed 553281681 windowLength 0 maxWhenElapsed 553281681 repeatInterval 0 action null component null tag StorgaeBandInfoAlarmTag flags 0x9 procName system_server
06-06 21:37:46.184  2220 27977 E OplusStorageUFSBandwidth: storage_io_metrics_path is /proc/oplus_storage/io_metrics/forever/
06-06 21:37:46.185  1458  3605 E PerformanceService: storage_feature: open /proc/oplus_storage/io_metrics/forever//ufs_total_read_size_mb fail
06-06 21:37:46.191  1458  3605 E PerformanceService: storage_feature: open /proc/oplus_storage/io_metrics/forever//ufs_total_write_size_mb fail
06-06 21:37:46.193  2220 27977 E OplusStorageUFSBandwidth: Bandwidth - Read: 0.00 MB/s, Write: 0.00 MB/s
06-06 21:37:46.193  2220 27977 E OplusStorageUFSBandwidth: Task time: 10ms
06-06 21:37:46.200  2220 27977 E OplusStorageUFSBandwidth: Alarm set to trigger in 10 seconds
06-06 21:37:46.275 31784 31826 D SmartSidebar.EdgePanelSettingsValueProxy: (main)getOverlayShowVideoAssistant edge_panel_video_assistant =-1
06-06 21:37:46.277  2220  3728 D FlexibleTaskController: check task which not have enough child, isInSingleWhiteList:false isCloneTask:false
06-06 21:37:46.280 31784 31784 D VideoAssistantUtils: isInSplitScreenMode  === :false
06-06 21:37:46.282  2220  3728 D FlexibleTaskController: check task which not have enough child, isInSingleWhiteList:false isCloneTask:false
06-06 21:37:46.286 31784 31826 D SmartSidebar.EdgePanelUtils: (main)getTopAppInfo() result: ApplicationInfo{151b578 to.kuudere.anisuge}
06-06 21:37:46.286 31784 31826 D SmartSidebar.EdgePanelUtils: (main)getTopPkg() pkg: to.*****.anisuge
06-06 21:37:46.287  2220  3728 W ContentService: Observer is already registered. Pid is 31784
06-06 21:37:46.289 31784 31826 D SmartSidebar.VideoAssistantPanelView: (main)Registered app status observer for: to.kuudere.anisuge
06-06 21:37:46.289 31784 31826 D SmartSidebar.VideoAssistantAppStatusManager: (main)isAppEnabled: to.kuudere.anisuge = true
06-06 21:37:46.459  1434  1448 I hwcomposer: [HWCDisplay] (0 updateFps():4512), (type:1, mode:2) fps:59.970451,dur:1000.49,max:20.52,min:9.77  
06-06 21:37:46.515 29991  5609 D CommonApp-322-10885: commonScoreStrategy scenarios low package
06-06 21:37:46.515 29991  5609 D ScorePolicy: handleScoreChanged: []
06-06 21:37:46.515 29991  5609 D ScorePolicy: handleScoreChanged: []
06-06 21:37:46.515 29991  5609 D ScorePolicy: handleScoreChanged: []
06-06 21:37:46.532  1438  1523 I OriginChannel: wise light debug, data[0].type is 65627,data[0].sensor is 91:[6.000000,,200.000000,,94.000000,0.000000,553281405298191]
06-06 21:37:46.548   769   769 I SurfaceView: 252712159 onAttachedToWindow
06-06 21:37:46.557   769   973 V mpv     : [cplayer:v] Applying profile 'fast'...
06-06 21:37:46.558   769   973 V mpv     : [cplayer:v] Setting option 'scale' = 'bilinear' (flags = 4)
06-06 21:37:46.558   769   973 V mpv     : [cplayer:v] Setting option 'dscale' = 'bilinear' (flags = 4)
06-06 21:37:46.558   769   973 V mpv     : [cplayer:v] Setting option 'dither' = 'no' (flags = 4)
06-06 21:37:46.558   769   973 V mpv     : [cplayer:v] Setting option 'correct-downscaling' = 'no' (flags = 4)
06-06 21:37:46.558   769   973 V mpv     : [cplayer:v] Setting option 'linear-downscaling' = 'no' (flags = 4)
06-06 21:37:46.559   769   973 V mpv     : [cplayer:v] Setting option 'sigmoid-upscaling' = 'no' (flags = 4)
06-06 21:37:46.559   769   973 V mpv     : [cplayer:v] Setting option 'hdr-compute-peak' = 'no' (flags = 4)
06-06 21:37:46.560   769   973 V mpv     : [cplayer:v] Setting option 'allow-delayed-peak-detect' = 'yes' (flags = 4)
06-06 21:37:46.560  2220  3728 I MediaFocusControl: requestAudioFocus() from uid/pid 10885/769 AA=USAGE_MEDIA/CONTENT_TYPE_MOVIE clientId=android.media.AudioManager@52c27fdto.kuudere.anisuge.player.MediaSessionManager$$ExternalSyntheticLambda0@23bf31d callingPack=to.kuudere.anisuge req=1 flags=0x0 sdk=35
06-06 21:37:46.561  2220  3728 I AS.FadeOutManager: unfadeOutUid() uid:10885
06-06 21:37:46.562   769   769 I MediaSessionImpl: Init d078992 [AndroidXMedia3/1.5.1] [RE5C86L1, RMX3870, realme, 36]
06-06 21:37:46.566   769   769 W MediaSessionCompat: Couldn't find a unique registered media button receiver in the given context.
06-06 21:37:46.568  2220  3728 I MediaSessionStack: addSession to bottom of stack | record: to.kuudere.anisuge/androidx.media3.session.id.AnisugVideoSession_1780762066561/616 (userId=0)
06-06 21:37:46.569  2220  3728 D MediaSessionService: Media button session is changed to to.kuudere.anisuge/androidx.media3.session.id.AnisugVideoSession_1780762066561/616 (userId=0)
06-06 21:37:46.571  2220  2220 I OplusMediaControlService: onActiveSessionsChanged begin
06-06 21:37:46.571  2220  3728 D MediaSessionStack: getMediaButtonSession() mMediaButtonSession=to.kuudere.anisuge/androidx.media3.session.id.AnisugVideoSession_1780762066561/616 (userId=0)
06-06 21:37:46.571  2220  2220 I OplusMediaControlService: onEventFromMediaControllerList controller size = 0
06-06 21:37:46.571  2220  2220 I OplusMediaControlService: updateControllerMap begin
06-06 21:37:46.571  2220  2220 I OplusMediaControlService: updataPlayStateMap begin
06-06 21:37:46.571  2220  2220 I OplusMediaControlService: updateMetadataMap begin
06-06 21:37:46.572  2220  2220 I OplusMediaControlService: updatePlayerInfoList event = com.oplus.media.OplusMediaEvent@65ba256
06-06 21:37:46.572  2220  2220 I OplusMediaControlService: sendOnEventMessage begin, eventType: 6, observer: android.os.BinderProxy@e941955
06-06 21:37:46.572  2220  2220 I OplusMediaControlService: on event EventType: 6
06-06 21:37:46.575  2220  3728 I OplusMediaControlService: unregisterEventObserver start, observer: android.os.BinderProxy@e941955, callerUid: 10197
06-06 21:37:46.575  2220  3728 I OplusMediaControlService: unregisterEventObserver successfully.
06-06 21:37:46.576  2220  3728 D MediaSessionService: onSessionPlaybackStateChanged: record=to.kuudere.anisuge/androidx.media3.session.id.AnisugVideoSession_1780762066561/616 (userId=0) playbackState=PlaybackState {state=NONE(0), position=0, buffered position=0, speed=0.0, updated=553282076, actions=647, custom actions=[], active item id=-1, error=null}
06-06 21:37:46.577  2220  4632 I OplusMediaControlService: registerEventObserver start, observer: android.os.BinderProxy@e941955, callerUid: 10197
06-06 21:37:46.577  2220  3728 D MediaSessionService: onSessionActiveStateChanged: record=to.kuudere.anisuge/androidx.media3.session.id.AnisugVideoSession_1780762066561/616 (userId=0) playbackState=PlaybackState {state=NONE(0), position=0, buffered position=0, speed=0.0, updated=553282076, actions=647, custom actions=[], active item id=-1, error=null}
06-06 21:37:46.580  2220  3728 D MediaSessionService: onSessionPlaybackStateChanged: record=to.kuudere.anisuge/androidx.media3.session.id.AnisugVideoSession_1780762066561/616 (userId=0) playbackState=PlaybackState {state=NONE(0), position=0, buffered position=0, speed=0.0, updated=553282078, actions=647, custom actions=[], active item id=-1, error=null}
06-06 21:37:46.580  2220  2220 I OplusMediaControlService: onActiveSessionsChanged begin
06-06 21:37:46.580  2220  2220 I OplusMediaControlService: onEventFromMediaControllerList controller size = 1
06-06 21:37:46.580  2220  2220 I OplusMediaControlService: getPlayerInfo, playerId: 84125938, pkgname: to.kuudere.anisuge
06-06 21:37:46.581  2220  2220 I MediaControlUtils: addPlayers | players: [84125938 | to.kuudere.anisuge]
06-06 21:37:46.581  2220  2220 I OplusMediaControlService: updateControllerMap begin
06-06 21:37:46.581  2220  2220 I OplusMediaControlService: updataPlayStateMap begin
06-06 21:37:46.581  2220  2220 I OplusMediaControlService: updateMetadataMap begin
06-06 21:37:46.582  2220  2220 I OplusMediaControlService: updatePlayerInfoList event = com.oplus.media.OplusMediaEvent@58567c4
06-06 21:37:46.582  2220  2220 I OplusMediaControlService: sendOnEventMessage begin, eventType: 6, observer: android.os.BinderProxy@e941955
06-06 21:37:46.582  2220  2220 I OplusMediaControlService: on event EventType: 6
06-06 21:37:46.586  2220  2860 I OplusMediaControlService: sendEvent type: 2, player: 84125938
06-06 21:37:46.586  2220  2860 I OplusMediaControlService: onEventFromRequestData: 1, player: 84125938
06-06 21:37:46.586  2220  2860 I OplusMediaControlService: getTitleAndArtist, title: Anisuge, artist: null, playerId: 84125938
06-06 21:37:46.586  2220  2860 D OplusMediaControlService: players is empty
06-06 21:37:46.588  2220  3647 I OplusMediaControlService: sendEvent type: 2, player: 84125938
06-06 21:37:46.588  2220  3647 I OplusMediaControlService: onEventFromRequestData: 2, player: 84125938
06-06 21:37:46.588  2220  3647 D OplusMediaControlService: players is empty
06-06 21:37:46.589 31784 31826 D SmartSidebar.EdgePanelSettingsValueProxy: (main)getOverlayShowVideoAssistant edge_panel_video_assistant =-1
06-06 21:37:46.590  2220  3647 D FlexibleTaskController: check task which not have enough child, isInSingleWhiteList:false isCloneTask:false
06-06 21:37:46.590  2220  2860 I OplusMediaControlService: unregisterEventObserver start, observer: android.os.BinderProxy@e941955, callerUid: 10197
06-06 21:37:46.590  2220  2860 I OplusMediaControlService: unregisterEventObserver successfully.
06-06 21:37:46.590 31784 31784 D VideoAssistantUtils: isInSplitScreenMode  === :false
06-06 21:37:46.591  2220  3647 D FlexibleTaskController: check task which not have enough child, isInSingleWhiteList:false isCloneTask:false
06-06 21:37:46.591 31784 31826 D SmartSidebar.EdgePanelUtils: (main)getTopAppInfo() result: ApplicationInfo{7e50451 to.kuudere.anisuge}
06-06 21:37:46.592  2220  2860 W ContentService: Observer is already registered. Pid is 31784
06-06 21:37:46.592 31784 31826 D SmartSidebar.EdgePanelUtils: (main)getTopPkg() pkg: to.*****.anisuge
06-06 21:37:46.592 31784 31826 D SmartSidebar.VideoAssistantPanelView: (main)Registered app status observer for: to.kuudere.anisuge
06-06 21:37:46.592  2220  3647 I OplusMediaControlService: registerEventObserver start, observer: android.os.BinderProxy@e941955, callerUid: 10197
06-06 21:37:46.593  2220  3647 I OplusMediaControlService: registerEventObserver successfully.
06-06 21:37:46.593 31784 31826 D SmartSidebar.VideoAssistantAppStatusManager: (main)isAppEnabled: to.kuudere.anisuge = true
06-06 21:37:46.599   769   769 D SurfaceView: 252712159 dispatchDraw mDrawFinished false isAboveParent false (mPrivateFlags & PFLAG_SKIP_DRAW) 128
06-06 21:37:46.612   769   769 I System.out: [WatchVM] Aniskip lookup malIn=null anilist=182205 resolvedMal=59970 ep=8 len=1440.0
06-06 21:37:46.617   769  1921 I AnisugeSubs: Loading 1 embed/API subtitle(s)
06-06 21:37:46.618   769   973 V mpv     : [cplayer:v] Set property: speed=1.000000 -> 1
06-06 21:37:46.620   769   973 V mpv     : [cplayer:v] Set property: sub-scale="1.3" -> 1
06-06 21:37:46.622  1452  1473 I mtkpower@impl: [setMode] type:6, enabled:1
06-06 21:37:46.622  1452  1473 E mtkpower@impl: [setMode] unknown type
06-06 21:37:46.626  1510  1510 I BufferQueueProducer: [FramebufferSurface](this:0xb400007879a66ef0,id:-1,api:1,p:1510,c:1510) queueBuffer: fps=0.01 dur=184541.43 max=184541.43 min=184541.43
06-06 21:37:46.630   769   769 D SurfaceView: 252712159, SurfaceView[to.kuudere.anisuge/to.kuudere.anisuge.MainActivity], layerid: 203959 createBlastSurfaceControls
06-06 21:37:46.630   769   769 D BufferQueueConsumer: [](id:30100000003,api:0,p:-1,c:769) connect: controlledByApp=false
06-06 21:37:46.630   769   769 D BufferQueueConsumer: [f1014df SurfaceView[to.kuudere.anisuge/to.kuudere.anisuge.MainActivity]#3(BLAST Consumer)3](id:30100000003,api:0,p:-1,c:769) setMaxAcquiredBufferCount: 6
06-06 21:37:46.631   769   769 I SurfaceView: 252712159 visibleChanged -- surfaceCreated 
06-06 21:37:46.631  3502  4076 D DnsDomainBlock: onDnsEvent: latencyMs=2, returnCode=0, uid=10885
06-06 21:37:46.631   769   973 V mpv     : event: video-reconfig
06-06 21:37:46.632   769   973 V mpv     : [vo/gpu:v] Probing for best GPU context.
06-06 21:37:46.632   769   973 V mpv     : [vo/gpu/auto:v] Initializing GPU context 'auto'
06-06 21:37:46.632   769   973 V mpv     : [vo/gpu/opengl:v] Initializing GPU context 'android'
06-06 21:37:46.633   769  2264 D libMEOW : meow new tls: 0xb4000079251e2880
06-06 21:37:46.633   769  2264 D libMEOW : applied 0 plugin for [to.kuudere.anisuge].
06-06 21:37:46.633   769   973 V mpv     : [vo/gpu/opengl:v] EGL_VERSION=1.5 Android META-EGL
06-06 21:37:46.633   769   973 V mpv     : [vo/gpu/opengl:v] EGL_VENDOR=Android
06-06 21:37:46.633   769   973 V mpv     : [vo/gpu/opengl:v] EGL_CLIENT_APIS=OpenGL_ES
06-06 21:37:46.633   769   973 V mpv     : [vo/gpu/opengl:v] Trying to create Desktop OpenGL context.
06-06 21:37:46.633  1510  2041 D VRR [OTI]: handleIdle from 0 to 1
06-06 21:37:46.634   769   973 V mpv     : [vo/gpu/opengl:v] Could not bind API!
06-06 21:37:46.634   769   973 V mpv     : [vo/gpu/opengl:v] Trying to create GLES 2.x + context.
06-06 21:37:46.634  1510  2041 D VRR [OTI-HW]: isStateReady 0
06-06 21:37:46.634  1510  2041 D VRR [OTI-HW]: keep rate.
06-06 21:37:46.637  1510  2041 D VRR [OTI]: handleIdle from 1 to 0
06-06 21:37:46.637  1510  2041 D VRR [OTI-HW]: isStateReady 0
06-06 21:37:46.637  1510  2041 D VRR [OTI-HW]: keep rate.
06-06 21:37:46.638  2220  2822 D GestureLog_OplusMultiPointerDetector: onTouchEvent------>start, mCurNumPointers=1, mCurrStatus=0 mIsDownIntervalTimeout=true, action=0 downTime=450618971 deviceId=3
06-06 21:37:46.639  2220  2429 D PowerManagerService: userActivityNoUpdateLocked: groupId=0, eventTime=450618971, event=touch, flags=0x0, uid=1000
06-06 21:37:46.639  2220  3137 I [UAH_CLIENT]: UahEventAcquire, cmdid:37, pkg:none, identity:OplusUAwareInputHelper
06-06 21:37:46.640  2220  2429 D PowerManagerService: userActivityNoUpdateLocked: groupId=0, eventTime=450618971, event=touch, flags=0x0, uid=1000
06-06 21:37:46.641  2220  3137 D UAH-UahAdaptHelper: adaptSetNotification identity = OplusUAwareInputHelpersrc = 1000 , type 0 ,p1 = -1 ,p2 = -1 ,p3 = -1 ,p4 =
06-06 21:37:46.641  2220  3137 I [UAH_CLIENT]: uahRuleCtl, ruleId:1000, status:0
06-06 21:37:46.642  1452  1473 I mtkpower@impl: [setMode] type:6, enabled:0
06-06 21:37:46.642  1452  1473 E mtkpower@impl: [setMode] unknown type
06-06 21:37:46.648   769  2264 D Surface : Surface::dispatchSetGameApi
06-06 21:37:46.648   769  2264 D Surface : dispatchSetGameApi pid[769] tid[2264] GameApi[0]
06-06 21:37:46.649   769  2264 D Surface : dispatchSetGameApi res:0
06-06 21:37:46.649   769  2264 D libEGL  : set game api gles successfully
06-06 21:37:46.650   769   973 V mpv     : [vo/gpu/opengl:v] GL_VERSION='OpenGL ES 3.2 v1.r49p1-03bet0.5f9a92adb22346da069f00be2943f72a.I68f2d9af44ef65fd25877be97c6eb13fb'
06-06 21:37:46.650   769   973 V mpv     : [vo/gpu/opengl:v] Detected GLES 3.2.
06-06 21:37:46.650   769   973 V mpv     : [vo/gpu/opengl:v] GL_VENDOR='ARM'
06-06 21:37:46.650   769   973 V mpv     : [vo/gpu/opengl:v] GL_RENDERER='Mali-G68 MC4'
06-06 21:37:46.650   769   973 V mpv     : [vo/gpu/opengl:v] GL_SHADING_LANGUAGE_VERSION='OpenGL ES GLSL ES 3.20'
06-06 21:37:46.659  2220  3137 D UAH-UahAdaptHelper: adaptSetNotification identity = OplusUAwareInputHelpersrc = 1000 , type 1 ,p1 = -1 ,p2 = -1 ,p3 = -1 ,p4 =
06-06 21:37:46.659   769   973 V mpv     : [vo/gpu/opengl:v] Loaded extension GL_EXT_disjoint_timer_query.
06-06 21:37:46.659  2220  3137 I [UAH_CLIENT]: uahRuleCtl, ruleId:1000, status:1
06-06 21:37:46.660   769   973 V mpv     : [vo/gpu/opengl:v] Loaded extension GL_EXT_buffer_storage.
06-06 21:37:46.660   769   973 V mpv     : [vo/gpu/opengl:v] 16 bit UNORM textures not available.
06-06 21:37:46.660   769   973 V mpv     : [vo/gpu:v] Testing FBO format rgba16f
06-06 21:37:46.661   769   973 V mpv     : [vo/gpu:v] Using FBO format rgba16f.
06-06 21:37:46.661   769   973 V mpv     : [vo/gpu:v] No advanced processing required. Enabling dumb mode.
06-06 21:37:46.661   769   973 V mpv     : [vo/gpu:v] reconfig to 960x540 yuv444p auto/auto/auto/auto/auto CL=unknown
06-06 21:37:46.661   769   973 V mpv     : [vo/gpu:v] Resize: 1080x608
06-06 21:37:46.661   769   973 V mpv     : [vo/gpu:v] Window size: 1080x608 (Borders: l=0 t=0 r=0 b=0)
06-06 21:37:46.661   769   973 V mpv     : [vo/gpu:v] Video source: 960x540 (1:1)
06-06 21:37:46.661   769   973 V mpv     : [vo/gpu:v] Video display: (0, 0) 960x540 -> (0, 0) 1080x607
06-06 21:37:46.662   769   973 V mpv     : [vo/gpu:v] Video scale: 1.125000/1.124074
06-06 21:37:46.662   769   973 V mpv     : [vo/gpu:v] OSD borders: l=0 t=0 r=0 b=1
06-06 21:37:46.662   769   973 V mpv     : [vo/gpu:v] Video borders: l=0 t=0 r=0 b=1
06-06 21:37:46.662   769   973 V mpv     : event: video-reconfig
06-06 21:37:46.662   769   973 V mpv     : [vo/gpu:v] Reported display depth: 8
06-06 21:37:46.662   769   973 V mpv     : [vo/gpu:v] Texture for plane 0: 960x540
06-06 21:37:46.662   769   973 V mpv     : [vo/gpu:v] Texture for plane 1: 960x540
06-06 21:37:46.662   769   973 V mpv     : [vo/gpu:v] Texture for plane 2: 960x540
06-06 21:37:46.662   769   973 V mpv     : [vo/gpu:v] Testing FBO format rgba16f
06-06 21:37:46.662   769   973 V mpv     : [vo/gpu:v] Using FBO format rgba16f.
06-06 21:37:46.662   769   973 V mpv     : [vo/gpu:v] No advanced processing required. Enabling dumb mode.
06-06 21:37:46.662   769   973 V mpv     : [cplayer:v] Set property: vo="gpu" -> 1
06-06 21:37:46.662  2220  2860 D OplusStartingWindowManager: updateRecordSurfaceViewState windowToken = android.os.BinderProxy@9419ede, surfaceState = true, attachedToWindow = true, inList = false, win = Window{d0c78bf u0 to.kuudere.anisuge/to.kuudere.anisuge.MainActivity}
06-06 21:37:46.668   769  2264 D BLASTBufferQueue: [f1014df SurfaceView[to.kuudere.anisuge/to.kuudere.anisuge.MainActivity]#3](f:0,a:1) acquireNextBufferLocked size=1080x608 mFrameNumber=1 applyTransaction=true mTimestamp=450619003089858(auto) mPendingTransactions.size=0 graphicBufferId=3302829850677 transform=0
06-06 21:37:46.668   769  1031 E mpv     : mpv_get_property(path) format 1 returned error property unavailable
06-06 21:37:46.668   769   973 V mpv     : [cplayer:v] Set property: android-surface-size="1080x608" -> 1
06-06 21:37:46.669   769   769 D SurfaceView: 252712159 handleSyncNoBuffer
06-06 21:37:46.669   769   973 V mpv     : event: start-file
06-06 21:37:46.669   769   769 D SurfaceView: 252712159 finishedDrawing
06-06 21:37:46.669   769   769 D SurfaceView: 252712159 performDrawFinished mAttachedToWindow true
06-06 21:37:46.670   769   769 D SurfaceView: 252712159 dispatchDraw mDrawFinished true isAboveParent false (mPrivateFlags & PFLAG_SKIP_DRAW) 128
06-06 21:37:46.670   769   769 D SurfaceView: 252712159 clearSurfaceViewPort mCornerRadius 0.0
06-06 21:37:46.670   769   973 V mpv     : [stream_callback:v] Opening http://127.0.0.1:39707/proxy/97bafe1f-dc4a-4054-93f0-b119424ad2e1/3e04ed54-cbde-4e60-ac4a-ca9a324a016b/playlist.m3u8
06-06 21:37:46.671   769   973 V mpv     : [ffmpeg:v] Opening http://127.0.0.1:39707/proxy/97bafe1f-dc4a-4054-93f0-b119424ad2e1/3e04ed54-cbde-4e60-ac4a-ca9a324a016b/playlist.m3u8
06-06 21:37:46.672   769   769 E IJankManager: slideSceneEnd unknown scene 1000 mScene:-1
06-06 21:37:46.677   769   769 D ViewRootImplExtImpl: the up motion event handled by client, just return
06-06 21:37:46.679   769  2258 I AnisugeSubs: Loading 1 embed/API subtitle(s)
06-06 21:37:46.683  3502  4076 D DnsDomainBlock: onDnsEvent: latencyMs=1, returnCode=0, uid=10885
06-06 21:37:46.686  3502  4076 D DnsDomainBlock: onDnsEvent: latencyMs=1, returnCode=0, uid=10885
06-06 21:37:46.688   769   769 I SurfaceView: 252712159 surfaceDestroyed
06-06 21:37:46.689   769   973 V mpv     : [vo/gpu:v] Resize: 1080x608
06-06 21:37:46.689   769   973 V mpv     : [vo/gpu:v] Window size: 1080x608 (Borders: l=0 t=0 r=0 b=0)
06-06 21:37:46.689   769   973 V mpv     : [vo/gpu:v] Video source: 960x540 (1:1)
06-06 21:37:46.689   769   973 V mpv     : [vo/gpu:v] Video display: (0, 0) 960x540 -> (0, 0) 1080x607
06-06 21:37:46.689   769   973 V mpv     : [vo/gpu:v] Video scale: 1.125000/1.124074
06-06 21:37:46.689   769   973 V mpv     : [vo/gpu:v] OSD borders: l=0 t=0 r=0 b=1
06-06 21:37:46.689   769   973 V mpv     : [vo/gpu:v] Video borders: l=0 t=0 r=0 b=1
06-06 21:37:46.689   769   973 V mpv     : [vo/gpu:v] Reported display depth: 8
06-06 21:37:46.691   769  2264 D libMEOW : meow delete tls: 0xb4000079251e2880
06-06 21:37:46.691   769   973 V mpv     : event: video-reconfig
06-06 21:37:46.692   769   973 V mpv     : [vo/null:v] reconfig to 960x540 unknown auto/auto/auto/auto/auto CL=unknown
06-06 21:37:46.692   769   973 V mpv     : event: video-reconfig
06-06 21:37:46.692   769   973 V mpv     : [cplayer:v] Set property: vo="null" -> 1
06-06 21:37:46.692   769   769 D BLASTBufferQueue: [f1014df SurfaceView[to.kuudere.anisuge/to.kuudere.anisuge.MainActivity]#3](f:0,a:1) destructor()
06-06 21:37:46.692   769   769 D BufferQueueConsumer: [f1014df SurfaceView[to.kuudere.anisuge/to.kuudere.anisuge.MainActivity]#3(BLAST Consumer)3](id:30100000003,api:0,p:-1,c:769) disconnect
06-06 21:37:46.693  2220  2860 D OplusStartingWindowManager: updateRecordSurfaceViewState windowToken = android.os.BinderProxy@9419ede, surfaceState = false, attachedToWindow = true, inList = false, win = Window{d0c78bf u0 to.kuudere.anisuge/to.kuudere.anisuge.MainActivity}
06-06 21:37:46.695  1434  2025 W hwcomposer: [DRMDEV] paramIsSame(), id 62664, w 1080/1080, h 2400/2400, pitch 1088/1088, format 0x2/0x1, secure 0/0  
06-06 21:37:46.699   769   769 I MediaSessionImpl: Release d078992 [AndroidXMedia3/1.5.1] [RE5C86L1, RMX3870, realme, 36] [media3.common, media3.session]
06-06 21:37:46.700  2220  2860 I MediaSessionStack: removeSession | record: to.kuudere.anisuge/androidx.media3.session.id.AnisugVideoSession_1780762066561/616 (userId=0)
06-06 21:37:46.700  2220  2860 D MediaSessionService: Media button session is changed to null
06-06 21:37:46.701  2220  2860 D MediaSessionService: destroySessionLocked: record=to.kuudere.anisuge/androidx.media3.session.id.AnisugVideoSession_1780762066561/616 (userId=0)
06-06 21:37:46.702  2220  2860 I MediaFocusControl: abandonAudioFocus() from uid/pid 10885/769 clientId=android.media.AudioManager@52c27fdto.kuudere.anisuge.player.MediaSessionManager$$ExternalSyntheticLambda0@23bf31d callingPack=to.kuudere.anisuge
06-06 21:37:46.703  2220  2220 I OplusMediaControlService: onActiveSessionsChanged begin
06-06 21:37:46.703  2220  2220 I OplusMediaControlService: onEventFromMediaControllerList controller size = 0
06-06 21:37:46.703  2220  2220 I MediaControlUtils: removePlayers | players: [84125938 | to.kuudere.anisuge]
06-06 21:37:46.703  2220  2220 I OplusMediaControlService: updateControllerMap begin
06-06 21:37:46.703  2220  2220 I OplusMediaControlService: releaseCallback begin, playerId: 84125938
06-06 21:37:46.703  2220  2220 I OplusMediaControlService: updataPlayStateMap begin
06-06 21:37:46.703  2220  2220 I OplusMediaControlService: updateMetadataMap begin
06-06 21:37:46.703  2220  2220 I OplusMediaControlService: updatePlayerInfoList event = com.oplus.media.OplusMediaEvent@9533c30
06-06 21:37:46.703  2220  2220 I OplusMediaControlService: sendOnEventMessage begin, eventType: 6, observer: android.os.BinderProxy@e941955
06-06 21:37:46.703  2220  2220 I OplusMediaControlService: onActiveSessionsChanged begin
06-06 21:37:46.703  2220  2220 I OplusMediaControlService: onEventFromMediaControllerList controller size = 0
06-06 21:37:46.703  2220  2220 I OplusMediaControlService: updateControllerMap begin
06-06 21:37:46.703  2220  2220 I OplusMediaControlService: updataPlayStateMap begin
06-06 21:37:46.703  2220  2220 I OplusMediaControlService: updateMetadataMap begin
06-06 21:37:46.703  2220  2220 I OplusMediaControlService: updatePlayerInfoList event = com.oplus.media.OplusMediaEvent@1e770a9
06-06 21:37:46.704  2220  2220 I OplusMediaControlService: sendOnEventMessage begin, eventType: 6, observer: android.os.BinderProxy@e941955
06-06 21:37:46.704  2220  2220 I OplusMediaControlService: on event EventType: 6
06-06 21:37:46.704  2220  2220 I OplusMediaControlService: on event EventType: 6
06-06 21:37:46.705  2220  3647 I OplusMediaControlService: unregisterEventObserver start, observer: android.os.BinderProxy@e941955, callerUid: 10197
06-06 21:37:46.705  2220  3647 I OplusMediaControlService: unregisterEventObserver successfully.
06-06 21:37:46.706  2220  3647 I OplusMediaControlService: registerEventObserver start, observer: android.os.BinderProxy@e941955, callerUid: 10197
06-06 21:37:46.706  2220  3647 I OplusMediaControlService: unregisterEventObserver start, observer: android.os.BinderProxy@e941955, callerUid: 10197
06-06 21:37:46.706  2220  3647 I OplusMediaControlService: unregisterEventObserver successfully.
06-06 21:37:46.707  2220  3647 I OplusMediaControlService: registerEventObserver start, observer: android.os.BinderProxy@e941955, callerUid: 10197
06-06 21:37:46.715   769   868 D SurfaceView: 55932370positionLost mSurfaceControl is null return;
06-06 21:37:46.726  1434  2025 W hwcomposer: [DRMDEV] paramIsSame(), id 62664, w 1080/1080, h 2400/2400, pitch 1088/1088, format 0x1/0x2, secure 0/0  
06-06 21:37:46.732  1438  1523 I OriginChannel: wise light debug, data[0].type is 65627,data[0].sensor is 91:[6.000000,,200.000000,,100.000000,0.000000,553281605749657]
06-06 21:37:46.821  1510  1510 I BufferQueueProducer: [to.kuudere.anisuge/to.kuudere.anisuge.MainActivity#203939](this:0xb4000078323042f8,id:-1,api:0,p:-1,c:1510) queueBuffer: fps=52.30 dur=1013.33 max=81.81 min=12.44
06-06 21:37:46.894 31784 31826 D SmartSidebar.EdgePanelSettingsValueProxy: (main)getOverlayShowVideoAssistant edge_panel_video_assistant =-1
06-06 21:37:46.897  2220  3647 D FlexibleTaskController: check task which not have enough child, isInSingleWhiteList:false isCloneTask:false
06-06 21:37:46.900 31784 31784 D VideoAssistantUtils: isInSplitScreenMode  === :false
06-06 21:37:46.902  2220  3647 D FlexibleTaskController: check task which not have enough child, isInSingleWhiteList:false isCloneTask:false
06-06 21:37:46.904 31784 31826 D SmartSidebar.EdgePanelUtils: (main)getTopAppInfo() result: ApplicationInfo{b79b4b6 to.kuudere.anisuge}
06-06 21:37:46.904 31784 31826 D SmartSidebar.EdgePanelUtils: (main)getTopPkg() pkg: to.*****.anisuge
06-06 21:37:46.906  2220  3647 W ContentService: Observer is already registered. Pid is 31784
06-06 21:37:46.908 31784 31826 D SmartSidebar.VideoAssistantPanelView: (main)Registered app status observer for: to.kuudere.anisuge
06-06 21:37:46.908 31784 31826 D SmartSidebar.VideoAssistantAppStatusManager: (main)isAppEnabled: to.kuudere.anisuge = true
06-06 21:37:46.957  1438  1523 I OriginChannel: wise light debug, data[4].type is 65627,data[4].sensor is 91:[6.000000,,200.000000,,91.000000,0.000000,553281830367133]
06-06 21:37:47.054  2220  3513 I OplusHansManager : uid=10304, pkg=org.kde.kdeconnect_tp cannot transition from R to M, importance=fg-service
06-06 21:37:47.058  2220  3513 I OplusHansManager : uid=10430, pkg=app.revanced.android.gms cannot transition from R to M, importance=bound-fg-service
06-06 21:37:47.060  2220  3513 I OplusHansManager : uid=10660, pkg=com.termux cannot transition from R to M, importance=fg-service
06-06 21:37:47.062  2220  3513 I OplusHansManager : uid=10752, pkg=flix.com.vision cannot transition from R to M, importance=fg-service
06-06 21:37:47.106  1510  2047 D SurfaceFlinger: calculateTimeoutTime, triggerInterval = 2 sec + 533562231 nsec
06-06 21:37:47.157  1438  1523 I OriginChannel: wise light debug, data[3].type is 65627,data[3].sensor is 91:[6.000000,,200.000000,,89.000000,0.000000,553282030478219]
06-06 21:37:47.209 31784 31826 D SmartSidebar.EdgePanelSettingsValueProxy: (main)getOverlayShowVideoAssistant edge_panel_video_assistant =-1
06-06 21:37:47.211  2220  3647 D FlexibleTaskController: check task which not have enough child, isInSingleWhiteList:false isCloneTask:false
06-06 21:37:47.214 31784 31784 D VideoAssistantUtils: isInSplitScreenMode  === :false
06-06 21:37:47.216  2220  3647 D FlexibleTaskController: check task which not have enough child, isInSingleWhiteList:false isCloneTask:false
06-06 21:37:47.219 31784 31826 D SmartSidebar.EdgePanelUtils: (main)getTopAppInfo() result: ApplicationInfo{2a595b7 to.kuudere.anisuge}
06-06 21:37:47.219 31784 31826 D SmartSidebar.EdgePanelUtils: (main)getTopPkg() pkg: to.*****.anisuge
06-06 21:37:47.221  2220  3647 W ContentService: Observer is already registered. Pid is 31784
06-06 21:37:47.222 31784 31826 D SmartSidebar.VideoAssistantPanelView: (main)Registered app status observer for: to.kuudere.anisuge
06-06 21:37:47.223 31784 31826 D SmartSidebar.VideoAssistantAppStatusManager: (main)isAppEnabled: to.kuudere.anisuge = true
06-06 21:37:47.357  1438  1523 I OriginChannel: wise light debug, data[0].type is 65627,data[0].sensor is 91:[6.000000,,200.000000,,95.000000,0.000000,553282230425374]
06-06 21:37:47.415 29991 29991 D AtCmdParser: parserAtcmdUrc can not find parser for +EPHYCONFIGN
06-06 21:37:47.417 29991 29991 D AtCmdParser: parserAtcmdUrc can not find parser for +EPHYCONFIG
06-06 21:37:47.422 29991 29991 D AtCmdParser: parserAtcmdUrc can not find parser for +EPHYCONFIG
06-06 21:37:47.426 29991 29991 D AtCmdParser: parserAtcmdUrc can not find parser for +EPHYCONFIGN
06-06 21:37:47.456  1758  2212 D ULogGuard: Monitoring: 2 threads, 0 requests, 0 time-bombs; 4 guards. ResetFlags = 0x7
06-06 21:37:47.473  1434  1448 I hwcomposer: [HWCDisplay] (0 updateFps():4512), (type:1, mode:2) fps:51.298912,dur:1013.67,max:84.46,min:10.62  
06-06 21:37:47.524 31784 31826 D SmartSidebar.EdgePanelSettingsValueProxy: (main)getOverlayShowVideoAssistant edge_panel_video_assistant =-1
06-06 21:37:47.526  2220  3647 D FlexibleTaskController: check task which not have enough child, isInSingleWhiteList:false isCloneTask:false
06-06 21:37:47.532 31784 31784 D VideoAssistantUtils: isInSplitScreenMode  === :false
06-06 21:37:47.534  2220  3647 D FlexibleTaskController: check task which not have enough child, isInSingleWhiteList:false isCloneTask:false
06-06 21:37:47.537 31784 31826 D SmartSidebar.EdgePanelUtils: (main)getTopAppInfo() result: ApplicationInfo{6a8b124 to.kuudere.anisuge}
06-06 21:37:47.537 31784 31826 D SmartSidebar.EdgePanelUtils: (main)getTopPkg() pkg: to.*****.anisuge
06-06 21:37:47.539 29991  5609 D CommonApp-322-10885: commonScoreStrategy scenarios 3 mTLD.uplink_packets + mTLD.downlink_packets > 10 avgRtt224
06-06 21:37:47.539 29991  5609 D CommonApp-322-10885: notifyScoreChange appScene COMMON score 88
06-06 21:37:47.540  2220  3647 W ContentService: Observer is already registered. Pid is 31784
06-06 21:37:47.540 29991  5609 D ScorePolicy: handleScoreChanged: []
06-06 21:37:47.541 29991  5609 D ScorePolicy: handleScoreChanged: [mInstanceId: -1 mPolicyId: 3342340 mLevel: 1 mValue: 88 mTechnology: 2 mNetId: 322 mUid: 10885 mPeriod: 0 mThreshold: 0 mBadReasonType: 0 mBadReason: 0 mScene: 0 mCBClientId: 0]
06-06 21:37:47.542 31784 31826 D SmartSidebar.VideoAssistantPanelView: (main)Registered app status observer for: to.kuudere.anisuge
06-06 21:37:47.542 31784 31826 D SmartSidebar.VideoAssistantAppStatusManager: (main)isAppEnabled: to.kuudere.anisuge = true
06-06 21:37:47.542 29991  5609 D ScorePolicy: handleScoreChanged: []
06-06 21:37:47.542 29991  5609 D ScoreClient: notifyScoreChange102055988 1
06-06 21:37:47.542 29991  5609 D ScoreLoader: clinetId 16844003 [mInstanceId: -1 mPolicyId: 3342340 mLevel: 1 mValue: 88 mTechnology: 2 mNetId: 322 mUid: 10885 mPeriod: 0 mThreshold: 0 mBadReasonType: 0 mBadReason: 0 mScene: 0 mCBClientId: 252681903, mInstanceId: -1 mPolicyId: 3342340 mLevel: 1 mValue: 88 mTechnology: 2 mNetId: 322 mUid: 10885 mPeriod: 0 mThreshold: 0 mBadReasonType: 0 mBadReason: 0 mScene: 0 mCBClientId: 207889651]
06-06 21:37:47.542 29991 29991 D RegStateTracker: Received scoreresult[mInstanceId: -1 mPolicyId: 3342340 mLevel: 1 mValue: 88 mTechnology: 2 mNetId: 322 mUid: 10885 mPeriod: 0 mThreshold: 0 mBadReasonType: 0 mBadReason: 0 mScene: 0 mCBClientId: 102055988]
06-06 21:37:47.547 29991  5609 D ScoreLoader: clinetId 138952924 [mInstanceId: -1 mPolicyId: 3342340 mLevel: 1 mValue: 88 mTechnology: 2 mNetId: 322 mUid: 10885 mPeriod: 0 mThreshold: 0 mBadReasonType: 0 mBadReason: 0 mScene: 0 mCBClientId: 130476408]
