06-06 21:37:50.701  3467  3467 D OplusTelephonyController: onSignalStrengthChanged: SignalStrength=SignalStrength:{mCdma=CellSignalStrengthCdma: cdmaDbm=2147483647 cdmaEcio=2147483647 evdoDbm=2147483647 evdoEcio=2147483647 evdoSnr=2147483647 level=0,mGsm=CellSignalStrengthGsm: rssi=2147483647 ber=2147483647 mTa=2147483647 mLevel=0,mWcdma=CellSignalStrengthWcdma: ss=2147483647 ber=2147483647 rscp=2147483647 ecno=2147483647 level=0,mTdscdma=CellSignalStrengthTdscdma: rssi=2147483647 ber=2147483647 rscp=2147483647 level=0,mLte=CellSignalStrengthLte: rssi=2147483647 rsrp=-130 rsrq=2147483647 rssnr=2147483647 cqiTableIndex=2147483647 cqi=2147483647 ta=2147483647 level=0 parametersUseForLevel=0,mNr=CellSignalStrengthNr:{ csiRsrp = 2147483647 csiRsrq = 2147483647 csiCqiTableIndex = 2147483647 csiCqiReport = [] ssRsrp = 2147483647 ssRsrq = 2147483647 ssSinr = 2147483647 level = 0 parametersUseForLevel = 0 timingAdvance = 2147483647 },primary=CellSignalStrengthLte}
06-06 21:37:50.704 29991 29991 D SubsysEventListenerManager-SubsysTelephonyCallback[0]: onSignalStrengthsChanged
06-06 21:37:50.705  3006  3006 D Tile.OplusCellularTile: refreshState: tile not listening, ignore
06-06 21:37:50.709  3006  3177 I SystemUi--Statusbar: MobileConnectionRepositoryImpl-->subId:1 isSoftSimCard:false slotId:0
06-06 21:37:50.709  1438  1523 I OriginChannel: wise light debug, data[0].type is 65627,data[0].sensor is 91:[6.000000,,200.000000,,96.000000,0.000000,553285580372461]
06-06 21:37:50.873  1510  1510 I BufferQueueProducer: [to.kuudere.anisuge/to.kuudere.anisuge.MainActivity#203939](this:0xb4000078323042f8,id:-1,api:0,p:-1,c:1510) queueBuffer: fps=60.21 dur=1013.06 max=19.25 min=13.95
06-06 21:37:50.878  1760  1760 I thermal_repeater: [recvMdThermalInfo] ret=28, strLen=127,  3, 43, -50, 0, 32767, 10407
06-06 21:37:50.907  1438  1523 I OriginChannel: wise light debug, data[4].type is 65627,data[4].sensor is 91:[6.000000,,200.000000,,100.000000,0.000000,553285780353024]
06-06 21:37:50.946 31784 31826 D SmartSidebar.EdgePanelSettingsValueProxy: (main)getOverlayShowVideoAssistant edge_panel_video_assistant =-1
06-06 21:37:50.948  2220  3647 D FlexibleTaskController: check task which not have enough child, isInSingleWhiteList:false isCloneTask:false
06-06 21:37:50.951 31784 31784 D VideoAssistantUtils: isInSplitScreenMode  === :false
06-06 21:37:50.953  2220  3647 D FlexibleTaskController: check task which not have enough child, isInSingleWhiteList:false isCloneTask:false
06-06 21:37:50.956 31784 31826 D SmartSidebar.EdgePanelUtils: (main)getTopAppInfo() result: ApplicationInfo{2e5bccb to.kuudere.anisuge}
06-06 21:37:50.956 31784 31826 D SmartSidebar.EdgePanelUtils: (main)getTopPkg() pkg: to.*****.anisuge
06-06 21:37:50.957  2220  3647 W ContentService: Observer is already registered. Pid is 31784
06-06 21:37:50.959 31784 31826 D SmartSidebar.VideoAssistantPanelView: (main)Registered app status observer for: to.kuudere.anisuge
06-06 21:37:50.959 31784 31826 D SmartSidebar.VideoAssistantAppStatusManager: (main)isAppEnabled: to.kuudere.anisuge = true
06-06 21:37:51.132  1438  1523 I OriginChannel: wise light debug, data[3].type is 65627,data[3].sensor is 91:[6.000000,,200.000000,,86.000000,0.000000,553286005354269]
06-06 21:37:51.260 31784 31826 D SmartSidebar.EdgePanelSettingsValueProxy: (main)getOverlayShowVideoAssistant edge_panel_video_assistant =-1
06-06 21:37:51.261  2220  3647 D FlexibleTaskController: check task which not have enough child, isInSingleWhiteList:false isCloneTask:false
06-06 21:37:51.264 31784 31784 D VideoAssistantUtils: isInSplitScreenMode  === :false
06-06 21:37:51.265  2220  3647 D FlexibleTaskController: check task which not have enough child, isInSingleWhiteList:false isCloneTask:false
06-06 21:37:51.268 31784 31826 D SmartSidebar.EdgePanelUtils: (main)getTopAppInfo() result: ApplicationInfo{b596ca8 to.kuudere.anisuge}
06-06 21:37:51.268 31784 31826 D SmartSidebar.EdgePanelUtils: (main)getTopPkg() pkg: to.*****.anisuge
06-06 21:37:51.269  2220  3647 W ContentService: Observer is already registered. Pid is 31784
06-06 21:37:51.270 31784 31826 D SmartSidebar.VideoAssistantPanelView: (main)Registered app status observer for: to.kuudere.anisuge
06-06 21:37:51.271 31784 31826 D SmartSidebar.VideoAssistantAppStatusManager: (main)isAppEnabled: to.kuudere.anisuge = true
06-06 21:37:51.332  1438  1523 I OriginChannel: wise light debug, data[0].type is 65627,data[0].sensor is 91:[6.000000,,200.000000,,97.000000,0.000000,553286205373024]
06-06 21:37:51.470  2220  2839 D OplusSlaFastSwitch: Network Capabiliteis changed 322
06-06 21:37:51.474  3006  3123 D WifiStatusTracker: mNetworkCallback onCapabilitiesChanged network:322 mPrimaryNetworkId:322
06-06 21:37:51.482  3006  3178 D WifiPickerTracker: handleNetworkCapabilitiesChanged network:322
06-06 21:37:51.485  3006  3123 D WifiStatusTracker: mNetworkCallback onCapabilitiesChanged network:322 mPrimaryNetworkId:322
06-06 21:37:51.489  2220  2839 D OplusSlaNetworkManager: isPrimaryWifi:true network:322
06-06 21:37:51.491 29991 29991 D VendorWifiService: onEvent event:9,action:1
06-06 21:37:51.493  3502  4080 I SmartDataSwitchValidator: unexpected network onCapabilitiesChanged
06-06 21:37:51.494  2220  2802 D MultiNetworkStatsMonitor: wifi network 322 nc changed, primary=true, iface=wlan0
06-06 21:37:51.494  2220  2802 D OplusInterfaceMonitor: interface:wlan0 primary:true
06-06 21:37:51.495  3006  3123 I SystemUi--Statusbar: NetworkController.WifiSignalController-->handleStatusUpdated state=3 enabled=true connected=true isDefaultNetwork=true rssi=-43 level=4 statusLabel=null isDirty=false
06-06 21:37:51.495  3006  3123 I SystemUi--Statusbar: NetworkController.WifiSignalController-->handleStatusUpdated state=3 enabled=true connected=true isDefaultNetwork=true rssi=-43 level=4 statusLabel=null isDirty=false
06-06 21:37:51.495  3006  3123 I SystemUi--Statusbar: NetworkController.WifiSignalController-->handleStatusUpdated state=3 enabled=true connected=true isDefaultNetwork=true rssi=-43 level=4 statusLabel=null isDirty=false
06-06 21:37:51.496  2220  2802 D ScorerUtils: isLowTraffic: txTputKBps=0, rxTputKBps=5
06-06 21:37:51.496 29991 29991 D SubsysEventListenerManager: onCapabilitiesChanged
06-06 21:37:51.496 29991 29991 D DataStateTracker: getCurDataChannel, channel:1
06-06 21:37:51.496  2220  2802 D OplusWifiPower_TriggerCenter: mComponentCallback: wifistat
06-06 21:37:51.497  2220  2700 W IPCThreadState: Sending oneway calls to frozen process.
06-06 21:37:51.497  2220  2700 W IPCThreadState: Sending oneway calls to frozen process.
06-06 21:37:51.497  2220  2700 W IPCThreadState: Sending oneway calls to frozen process.
06-06 21:37:51.498  2220  2802 D OplusWifiResidenceRecognition: No available relateBssidList
06-06 21:37:51.498 29991 29991 D SubsysEventListenerManager: mDefaultNetworkCb onCapabilitiesChanged
06-06 21:37:51.498 29991 29991 D NetworkService[0]: default onCapabilitiesChanged
06-06 21:37:51.501  3006  3178 I WifiPickerTracker: wifi connected status realConnectedWifiEntry not null: true
06-06 21:37:51.502  2220  2700 W IPCThreadState: Sending oneway calls to frozen process.
06-06 21:37:51.502  2220  2700 W IPCThreadState: Sending oneway calls to frozen process.
06-06 21:37:51.502  3468  3753 I BugleRcsEngine: handleMessage processing message:[NOTIFY_UPTIME_IGNORE_STATE_CHANGED] with [non-null]:RcsEngineImpl reference [CONTEXT log_prefix="RcsEngineImpl[DUAL_REG]:[2efd3a7b-2aa9]>Handler" thread_id=2973 ]
06-06 21:37:51.503  3468  3617 I BugleRcsEngine: Connected state: [1], networkType: [WIFI] [CONTEXT thread_id=2970 ]
06-06 21:37:51.503  3468  3753 I BugleRcsEngine: Cannot use CS.apk as it's battery optimized [CONTEXT thread_id=2973 ]
06-06 21:37:51.505  1434  1448 I hwcomposer: [HWCDisplay] (0 updateFps():4512), (type:1, mode:2) fps:60.401119,dur:1009.92,max:19.28,min:13.27  
06-06 21:37:51.507  2220  2700 D ConnectivityService: NetReassign [no changes] [c 0] [a 1] [i 0]
06-06 21:37:51.508 22197 17749 I NearbyMediums: Wifi changed new SSID: <unknown ssid>
06-06 21:37:51.508 22197 17749 I NearbyMediums: WifiLanConnectivityInfo is not changed, skip notify.
06-06 21:37:51.509  3468  3753 I BugleRcsEngine: Rcs is enabled from user settings: true [CONTEXT log_prefix="ProvisioningEngineDataRetriever" thread_id=2973 ]
06-06 21:37:51.509  2220  2700 D ConnectivityService: NetReassign [no changes] [c 0] [a 0] [i 1]
06-06 21:37:51.510 21649 30187 I NearbyMediums: Wifi changed new SSID: <unknown ssid>
06-06 21:37:51.510 21649 30187 I NearbyMediums: WifiLanConnectivityInfo is not changed, skip notify.
06-06 21:37:51.532  1438  1523 I OriginChannel: wise light debug, data[4].type is 65627,data[4].sensor is 91:[6.000000,,200.000000,,116.000000,0.000000,553286405347590]
06-06 21:37:51.572 31784 31826 D SmartSidebar.EdgePanelSettingsValueProxy: (main)getOverlayShowVideoAssistant edge_panel_video_assistant =-1
06-06 21:37:51.572  2220  4575 D FlexibleTaskController: check task which not have enough child, isInSingleWhiteList:false isCloneTask:false
06-06 21:37:51.574 31784 31784 D VideoAssistantUtils: isInSplitScreenMode  === :false
06-06 21:37:51.575  2220  4575 D FlexibleTaskController: check task which not have enough child, isInSingleWhiteList:false isCloneTask:false
06-06 21:37:51.576 31784 31826 D SmartSidebar.EdgePanelUtils: (main)getTopAppInfo() result: ApplicationInfo{61ea3c1 to.kuudere.anisuge}
06-06 21:37:51.577 31784 31826 D SmartSidebar.EdgePanelUtils: (main)getTopPkg() pkg: to.*****.anisuge
06-06 21:37:51.578  2220  4575 W ContentService: Observer is already registered. Pid is 31784
06-06 21:37:51.578 31784 31826 D SmartSidebar.VideoAssistantPanelView: (main)Registered app status observer for: to.kuudere.anisuge
06-06 21:37:51.578 31784 31826 D SmartSidebar.VideoAssistantAppStatusManager: (main)isAppEnabled: to.kuudere.anisuge = true
06-06 21:37:51.629 29991  5609 D CommonApp-322-10885: transport layer data is invalid
06-06 21:37:51.630 29991  5609 D ScorePolicy: handleScoreChanged: []
06-06 21:37:51.631 29991  5609 D ScorePolicy: handleScoreChanged: []
06-06 21:37:51.631 29991  5609 D ScorePolicy: handleScoreChanged: []
06-06 21:37:51.757  1438  1523 I OriginChannel: wise light debug, data[4].type is 65627,data[4].sensor is 91:[6.000000,,200.000000,,112.000000,0.000000,553286630353745]
06-06 21:37:51.844  1438  1523 I OriginChannel: wise light debug, data[0].type is 65627,data[0].sensor is 91:[6.000000,,200.000000,,85.000000,0.000000,553286830368067]
06-06 21:37:51.880 31784 31826 D SmartSidebar.EdgePanelSettingsValueProxy: (main)getOverlayShowVideoAssistant edge_panel_video_assistant =-1
06-06 21:37:51.881  2220  4575 D FlexibleTaskController: check task which not have enough child, isInSingleWhiteList:false isCloneTask:false
06-06 21:37:51.884 31784 31784 D VideoAssistantUtils: isInSplitScreenMode  === :false
06-06 21:37:51.886  2220  4575 D FlexibleTaskController: check task which not have enough child, isInSingleWhiteList:false isCloneTask:false
06-06 21:37:51.887  1510  1510 I BufferQueueProducer: [to.kuudere.anisuge/to.kuudere.anisuge.MainActivity#203939](this:0xb4000078323042f8,id:-1,api:0,p:-1,c:1510) queueBuffer: fps=60.21 dur=1013.08 max=17.24 min=15.15
06-06 21:37:51.889 31784 31826 D SmartSidebar.EdgePanelUtils: (main)getTopAppInfo() result: ApplicationInfo{936b766 to.kuudere.anisuge}
06-06 21:37:51.890 31784 31826 D SmartSidebar.EdgePanelUtils: (main)getTopPkg() pkg: to.*****.anisuge
06-06 21:37:51.891  2220  4575 W OPLUS_LOG_LOAD: ==LOGS PROG INFO, prog(system_server) ==
06-06 21:37:51.891  2220  4575 W ContentService: Observer is already registered. Pid is 31784
06-06 21:37:51.894 31784 31826 D SmartSidebar.VideoAssistantPanelView: (main)Registered app status observer for: to.kuudere.anisuge
06-06 21:37:51.894 31784 31826 D SmartSidebar.VideoAssistantAppStatusManager: (main)isAppEnabled: to.kuudere.anisuge = true
06-06 21:37:51.897  1435  1435 D healthd : system healthd: battery l=100 v=4 t=35.1 h=2 st=5 c=-4 fc=4869000 chg=u
06-06 21:37:51.938  1435  1435 D healthd : system healthd: battery l=100 v=4 t=35.1 h=2 st=5 c=1 fc=4869000 chg=u
06-06 21:37:51.957  1438  1523 I OriginChannel: wise light debug, data[4].type is 65627,data[4].sensor is 91:[6.000000,,200.000000,,87.000000,0.000000,553287030617678]
06-06 21:37:52.002 22197 17749 I NearbySharing: Network state changed: NetworkState(isRestricted=false, isOnline=true, isCongested=false, isMetered=false, isWifiConnected=true)
06-06 21:37:52.032  1510  2053 W OplusHecate: layer[203962] aacc591 SurfaceView[to.kuudere.anisuge/to.kuudere.anisuge.MainActivity](BLAST)#203962 didn't commit buffer within 3000ms, ownerPid 769
06-06 21:37:52.140  1464  1464 D ChargerInfo: getInfo: type: 0x1, update: 1
06-06 21:37:52.141  1464  1509 D ChargerInfo: chargerInfoUpdateThread: update start
06-06 21:37:52.142  1464  1509 D ChargerInfo: enableTx: path(/proc/wireless/enable_tx): not exist
06-06 21:37:52.143  1464  1509 D ChargerInfo: get_ui_charge_icon_type: [0 0] [0 0] 1
06-06 21:37:52.145  1464  1509 E ChargerInfo: SingleHyperPath not found
06-06 21:37:52.146  1464  1509 D ChargerInfo: CarC: path(/sys/class/oplus_chg/battery/gauge_car_c): not exist
06-06 21:37:52.146  1464  1509 D ChargerInfo: chargerInfoUpdateThread: update end
06-06 21:37:52.146  1464  1509 D ChargerInfo: chargerInfoUpdateThread: update wait
06-06 21:37:52.146  1464  1464 D ChargerInfo: enableTx: path(/proc/wireless/enable_tx): not exist
06-06 21:37:52.147  1464  1464 D ChargerInfo: getInfo: {"Update":{"batteryFcc":4869,"batteryRm":4869,"bddLeakCurr":0,"bmsStatus":0,"bypassChgStatus":0,"chargeTimeRemaining":0,"cpaPower":0,"enableTx":"0","fastCharge":0,"isSupportSpeedCharge":0,"notifyCode":1048704,"otgOnline":0,"ppsChargePower":0,"ppsCharging":0,"shortCHwStatus":0,"shortIcOtpStatus":0,"uiIconType":0,"uiPower":0,"usbStatus":0,"wlsAdapterPower":0}}
06-06 21:37:52.157  1438  1523 I OriginChannel: wise light debug, data[3].type is 65627,data[3].sensor is 91:[6.000000,,200.000000,,96.000000,0.000000,553287255350831]
06-06 21:37:52.195 31784 31826 D SmartSidebar.EdgePanelSettingsValueProxy: (main)getOverlayShowVideoAssistant edge_panel_video_assistant =-1
06-06 21:37:52.196  2220  4632 D FlexibleTaskController: check task which not have enough child, isInSingleWhiteList:false isCloneTask:false
06-06 21:37:52.199 31784 31784 D VideoAssistantUtils: isInSplitScreenMode  === :false
06-06 21:37:52.201  2220  4632 D FlexibleTaskController: check task which not have enough child, isInSingleWhiteList:false isCloneTask:false
06-06 21:37:52.203 31784 31826 D SmartSidebar.EdgePanelUtils: (main)getTopAppInfo() result: ApplicationInfo{7115aa7 to.kuudere.anisuge}
06-06 21:37:52.203 31784 31826 D SmartSidebar.EdgePanelUtils: (main)getTopPkg() pkg: to.*****.anisuge
06-06 21:37:52.204  2220  2581 V AlarmManager: sending alarm Alarm{ba0d619 type 1 origWhen 1780762072203 whenElapsed 553287703 android} uid 1000 whenElapsed 553287703 windowLength 0 maxWhenElapsed 553287703 repeatInterval 0 action null component null tag StorgaeBandInfoAlarmTag flags 0x9 procName system_server
06-06 21:37:52.205  2220  4632 W ContentService: Observer is already registered. Pid is 31784
06-06 21:37:52.206  2220 27977 E OplusStorageUFSBandwidth: storage_io_metrics_path is /proc/oplus_storage/io_metrics/forever/
06-06 21:37:52.206 31784 31826 D SmartSidebar.VideoAssistantPanelView: (main)Registered app status observer for: to.kuudere.anisuge
06-06 21:37:52.206 31784 31826 D SmartSidebar.VideoAssistantAppStatusManager: (main)isAppEnabled: to.kuudere.anisuge = true
06-06 21:37:52.208  1458  3605 E PerformanceService: storage_feature: open /proc/oplus_storage/io_metrics/forever//ufs_total_read_size_mb fail
06-06 21:37:52.209  1458  3605 E PerformanceService: storage_feature: open /proc/oplus_storage/io_metrics/forever//ufs_total_write_size_mb fail
06-06 21:37:52.211  2220 27977 E OplusStorageUFSBandwidth: Bandwidth - Read: 0.00 MB/s, Write: 0.00 MB/s
06-06 21:37:52.211  2220 27977 E OplusStorageUFSBandwidth: Task time: 6ms
06-06 21:37:52.215  2220 27977 E OplusStorageUFSBandwidth: Alarm set to trigger in 10 seconds
06-06 21:37:52.283  1464  1464 D ChargerInfo: getInfo: type: 0x1, update: 1
06-06 21:37:52.284  1464  1509 D ChargerInfo: chargerInfoUpdateThread: update start
06-06 21:37:52.286  1464  1509 D ChargerInfo: enableTx: path(/proc/wireless/enable_tx): not exist
06-06 21:37:52.287  1464  1509 D ChargerInfo: get_ui_charge_icon_type: [0 0] [0 0] 1
06-06 21:37:52.290  1464  1509 E ChargerInfo: SingleHyperPath not found
06-06 21:37:52.291  1464  1509 D ChargerInfo: CarC: path(/sys/class/oplus_chg/battery/gauge_car_c): not exist
06-06 21:37:52.291  1464  1509 D ChargerInfo: chargerInfoUpdateThread: update end
06-06 21:37:52.291  1464  1509 D ChargerInfo: chargerInfoUpdateThread: update wait
06-06 21:37:52.292  1464  1464 D ChargerInfo: enableTx: path(/proc/wireless/enable_tx): not exist
06-06 21:37:52.292  1464  1464 D ChargerInfo: getInfo: {"Update":{"batteryFcc":4869,"batteryRm":4869,"bddLeakCurr":0,"bmsStatus":0,"bypassChgStatus":0,"chargeTimeRemaining":0,"cpaPower":0,"enableTx":"0","fastCharge":0,"isSupportSpeedCharge":0,"notifyCode":1048704,"otgOnline":0,"ppsChargePower":0,"ppsCharging":0,"shortCHwStatus":0,"shortIcOtpStatus":0,"uiIconType":0,"uiPower":0,"usbStatus":0,"wlsAdapterPower":0}}
06-06 21:37:52.505  1434  1448 I hwcomposer: [HWCDisplay] (0 updateFps():4512), (type:1, mode:2) fps:59.982964,dur:1000.28,max:17.70,min:15.95  
06-06 21:37:52.507 31784 31826 D SmartSidebar.EdgePanelSettingsValueProxy: (main)getOverlayShowVideoAssistant edge_panel_video_assistant =-1
06-06 21:37:52.509  2220  4575 D FlexibleTaskController: check task which not have enough child, isInSingleWhiteList:false isCloneTask:false
06-06 21:37:52.512 31784 31784 D VideoAssistantUtils: isInSplitScreenMode  === :false
06-06 21:37:52.514  2220  4575 D FlexibleTaskController: check task which not have enough child, isInSingleWhiteList:false isCloneTask:false
06-06 21:37:52.516 31784 31826 D SmartSidebar.EdgePanelUtils: (main)getTopAppInfo() result: ApplicationInfo{2cab54 to.kuudere.anisuge}
06-06 21:37:52.516 31784 31826 D SmartSidebar.EdgePanelUtils: (main)getTopPkg() pkg: to.*****.anisuge
06-06 21:37:52.518  2220  4575 W ContentService: Observer is already registered. Pid is 31784
06-06 21:37:52.519 31784 31826 D SmartSidebar.VideoAssistantPanelView: (main)Registered app status observer for: to.kuudere.anisuge
06-06 21:37:52.519 31784 31826 D SmartSidebar.VideoAssistantAppStatusManager: (main)isAppEnabled: to.kuudere.anisuge = true
06-06 21:37:52.582  1438  1523 I OriginChannel: wise light debug, data[0].type is 65627,data[0].sensor is 91:[6.000000,,200.000000,,66.000000,0.000000,553287455362254]
06-06 21:37:52.657 29991  5609 D CommonApp-322-10885: transport layer data is invalid
06-06 21:37:52.657 29991  5609 D ScorePolicy: handleScoreChanged: []
06-06 21:37:52.657 29991  5609 D ScorePolicy: handleScoreChanged: []
06-06 21:37:52.657 29991  5609 D ScorePolicy: handleScoreChanged: []
06-06 21:37:52.807  1438  1523 I OriginChannel: wise light debug, data[0].type is 65627,data[0].sensor is 91:[6.000000,,200.000000,,66.000000,0.000000,553287655104101]
06-06 21:37:52.810  1801  1801 D AALLightSensor: oldLux=0 [SA:-1 LA:-1] newLux=0 (oriLux: 0)
06-06 21:37:52.811 29991 29991 D AtCmdParser: [PHONE0]< com.oplus.radio.AtCmdParser$2@3321509 urc ind:+ECSQ: 6,11,-450,1,1,-68,-518,4096,-20,5
06-06 21:37:52.813  3467  3467 D OplusTelephonyController: onSignalStrengthChanged: SignalStrength=SignalStrength:{mCdma=CellSignalStrengthCdma: cdmaDbm=2147483647 cdmaEcio=2147483647 evdoDbm=2147483647 evdoEcio=2147483647 evdoSnr=2147483647 level=0,mGsm=CellSignalStrengthGsm: rssi=2147483647 ber=2147483647 mTa=2147483647 mLevel=0,mWcdma=CellSignalStrengthWcdma: ss=2147483647 ber=2147483647 rscp=2147483647 ecno=2147483647 level=0,mTdscdma=CellSignalStrengthTdscdma: rssi=2147483647 ber=2147483647 rscp=2147483647 level=0,mLte=CellSignalStrengthLte: rssi=-113 rsrp=-130 rsrq=-17 rssnr=-5 cqiTableIndex=2147483647 cqi=0 ta=0 level=0 parametersUseForLevel=0,mNr=CellSignalStrengthNr:{ csiRsrp = 2147483647 csiRsrq = 2147483647 csiCqiTableIndex = 2147483647 csiCqiReport = [] ssRsrp = 2147483647 ssRsrq = 2147483647 ssSinr = 2147483647 level = 0 parametersUseForLevel = 0 timingAdvance = 2147483647 },primary=CellSignalStrengthLte}
06-06 21:37:52.814 29991 29991 D SubsysEventListenerManager-SubsysTelephonyCallback[0]: onSignalStrengthsChanged
06-06 21:37:52.816  3006  3006 D Tile.OplusCellularTile: refreshState: tile not listening, ignore
06-06 21:37:52.822  2220  4575 D FlexibleTaskController: check task which not have enough child, isInSingleWhiteList:false isCloneTask:false
06-06 21:37:52.822 31784 31826 D SmartSidebar.EdgePanelSettingsValueProxy: (main)getOverlayShowVideoAssistant edge_panel_video_assistant =-1
06-06 21:37:52.822  3006  3177 I SystemUi--Statusbar: MobileConnectionRepositoryImpl-->subId:1 isSoftSimCard:false slotId:0
06-06 21:37:52.825 31784 31784 D VideoAssistantUtils: isInSplitScreenMode  === :false
06-06 21:37:52.827  2220  4575 D FlexibleTaskController: check task which not have enough child, isInSingleWhiteList:false isCloneTask:false
06-06 21:37:52.829 31784 31826 D SmartSidebar.EdgePanelUtils: (main)getTopAppInfo() result: ApplicationInfo{630bafd to.kuudere.anisuge}
06-06 21:37:52.829 31784 31826 D SmartSidebar.EdgePanelUtils: (main)getTopPkg() pkg: to.*****.anisuge
06-06 21:37:52.831  2220  4575 W ContentService: Observer is already registered. Pid is 31784
06-06 21:37:52.831 31784 31826 D SmartSidebar.VideoAssistantPanelView: (main)Registered app status observer for: to.kuudere.anisuge
06-06 21:37:52.832 31784 31826 D SmartSidebar.VideoAssistantAppStatusManager: (main)isAppEnabled: to.kuudere.anisuge = true
06-06 21:37:52.900  1510  1510 I BufferQueueProducer: [to.kuudere.anisuge/to.kuudere.anisuge.MainActivity#203939](this:0xb4000078323042f8,id:-1,api:0,p:-1,c:1510) queueBuffer: fps=60.20 dur=1013.32 max=17.19 min=15.88
06-06 21:37:53.008  1438  1523 I OriginChannel: wise light debug, data[4].type is 65627,data[4].sensor is 91:[6.000000,,200.000000,,85.000000,0.000000,553287880354654]
06-06 21:37:53.133 31784 31826 D SmartSidebar.EdgePanelSettingsValueProxy: (main)getOverlayShowVideoAssistant edge_panel_video_assistant =-1
06-06 21:37:53.135  2220  4575 D FlexibleTaskController: check task which not have enough child, isInSingleWhiteList:false isCloneTask:false
06-06 21:37:53.139 31784 31784 D VideoAssistantUtils: isInSplitScreenMode  === :false
06-06 21:37:53.141  2220  4575 D FlexibleTaskController: check task which not have enough child, isInSingleWhiteList:false isCloneTask:false
06-06 21:37:53.144 31784 31826 D SmartSidebar.EdgePanelUtils: (main)getTopAppInfo() result: ApplicationInfo{866e3f2 to.kuudere.anisuge}
06-06 21:37:53.144 31784 31826 D SmartSidebar.EdgePanelUtils: (main)getTopPkg() pkg: to.*****.anisuge
06-06 21:37:53.145  2220  4575 W ContentService: Observer is already registered. Pid is 31784
06-06 21:37:53.147 31784 31826 D SmartSidebar.VideoAssistantPanelView: (main)Registered app status observer for: to.kuudere.anisuge
06-06 21:37:53.147 31784 31826 D SmartSidebar.VideoAssistantAppStatusManager: (main)isAppEnabled: to.kuudere.anisuge = true
06-06 21:37:53.207  1438  1523 I OriginChannel: wise light debug, data[3].type is 65627,data[3].sensor is 91:[6.000000,,200.000000,,82.000000,0.000000,553288080359255]
06-06 21:37:53.432  1438  1523 I OriginChannel: wise light debug, data[4].type is 65627,data[4].sensor is 91:[6.000000,,200.000000,,97.000000,0.000000,553288305377394]
06-06 21:37:53.449 31784 31826 D SmartSidebar.EdgePanelSettingsValueProxy: (main)getOverlayShowVideoAssistant edge_panel_video_assistant =-1
06-06 21:37:53.450  2220  4575 D FlexibleTaskController: check task which not have enough child, isInSingleWhiteList:false isCloneTask:false
06-06 21:37:53.452 31784 31784 D VideoAssistantUtils: isInSplitScreenMode  === :false
06-06 21:37:53.456  2220  4575 D FlexibleTaskController: check task which not have enough child, isInSingleWhiteList:false isCloneTask:false
06-06 21:37:53.458 31784 31826 D SmartSidebar.EdgePanelUtils: (main)getTopAppInfo() result: ApplicationInfo{c6efa43 to.kuudere.anisuge}
06-06 21:37:53.459 31784 31826 D SmartSidebar.EdgePanelUtils: (main)getTopPkg() pkg: to.*****.anisuge
06-06 21:37:53.460  1758  2212 D ULogGuard: Monitoring: 2 threads, 0 requests, 0 time-bombs; 4 guards. ResetFlags = 0x7
06-06 21:37:53.460  2220  4575 W ContentService: Observer is already registered. Pid is 31784
06-06 21:37:53.462 31784 31826 D SmartSidebar.VideoAssistantPanelView: (main)Registered app status observer for: to.kuudere.anisuge
06-06 21:37:53.462 31784 31826 D SmartSidebar.VideoAssistantAppStatusManager: (main)isAppEnabled: to.kuudere.anisuge = true
06-06 21:37:53.519  1434  1448 I hwcomposer: [HWCDisplay] (0 updateFps():4512), (type:1, mode:2) fps:60.204052,dur:1013.22,max:19.10,min:13.36  
06-06 21:37:53.632  1438  1523 I OriginChannel: wise light debug, data[0].type is 65627,data[0].sensor is 91:[6.000000,,200.000000,,76.000000,0.000000,553288505360994]
06-06 21:37:53.680  1438  1523 I OriginChannel: wise light debug, data[4].type is 65627,data[4].sensor is 91:[6.000000,,200.000000,,105.000000,0.000000,553288705368470]
06-06 21:37:53.682 29991  5609 D CommonApp-322-10885: transport layer data is invalid
06-06 21:37:53.682 29991  5609 D ScorePolicy: handleScoreChanged: []
06-06 21:37:53.683 29991  5609 D ScorePolicy: handleScoreChanged: []
06-06 21:37:53.683 29991  5609 D ScorePolicy: handleScoreChanged: []
06-06 21:37:53.763 31784 31826 D SmartSidebar.EdgePanelSettingsValueProxy: (main)getOverlayShowVideoAssistant edge_panel_video_assistant =-1
06-06 21:37:53.763  2220  4575 D FlexibleTaskController: check task which not have enough child, isInSingleWhiteList:false isCloneTask:false
06-06 21:37:53.765  1435  1435 D healthd : system healthd: battery l=100 v=4 t=35.1 h=2 st=5 c=-3 fc=4869000 chg=u
06-06 21:37:53.766 31784 31784 D VideoAssistantUtils: isInSplitScreenMode  === :false
06-06 21:37:53.767  2220  4575 D FlexibleTaskController: check task which not have enough child, isInSingleWhiteList:false isCloneTask:false
06-06 21:37:53.770 31784 31826 D SmartSidebar.EdgePanelUtils: (main)getTopAppInfo() result: ApplicationInfo{e5328c0 to.kuudere.anisuge}
06-06 21:37:53.770 31784 31826 D SmartSidebar.EdgePanelUtils: (main)getTopPkg() pkg: to.*****.anisuge
06-06 21:37:53.771  2220  4575 W ContentService: Observer is already registered. Pid is 31784
06-06 21:37:53.772 31784 31826 D SmartSidebar.VideoAssistantPanelView: (main)Registered app status observer for: to.kuudere.anisuge
06-06 21:37:53.772 31784 31826 D SmartSidebar.VideoAssistantAppStatusManager: (main)isAppEnabled: to.kuudere.anisuge = true
06-06 21:37:53.803  1464  1464 D ChargerInfo: getInfo: type: 0x1, update: 1
06-06 21:37:53.804  1464  1509 D ChargerInfo: chargerInfoUpdateThread: update start
06-06 21:37:53.808  1464  1509 D ChargerInfo: enableTx: path(/proc/wireless/enable_tx): not exist
06-06 21:37:53.812  1464  1509 D ChargerInfo: get_ui_charge_icon_type: [0 0] [0 0] 1
06-06 21:37:53.814  1464  1509 E ChargerInfo: SingleHyperPath not found
06-06 21:37:53.815  1464  1509 D ChargerInfo: CarC: path(/sys/class/oplus_chg/battery/gauge_car_c): not exist
06-06 21:37:53.815  1464  1509 D ChargerInfo: chargerInfoUpdateThread: update end
06-06 21:37:53.815  1464  1509 D ChargerInfo: chargerInfoUpdateThread: update wait
06-06 21:37:53.815  1464  1464 D ChargerInfo: enableTx: path(/proc/wireless/enable_tx): not exist
06-06 21:37:53.815  1464  1464 D ChargerInfo: getInfo: {"Update":{"batteryFcc":4869,"batteryRm":4869,"bddLeakCurr":0,"bmsStatus":0,"bypassChgStatus":0,"chargeTimeRemaining":0,"cpaPower":0,"enableTx":"0","fastCharge":0,"isSupportSpeedCharge":0,"notifyCode":1048704,"otgOnline":0,"ppsChargePower":0,"ppsCharging":0,"shortCHwStatus":0,"shortIcOtpStatus":0,"uiIconType":0,"uiPower":0,"usbStatus":0,"wlsAdapterPower":0}}
06-06 21:37:53.832  1438  1523 I OriginChannel: wise light debug, data[4].type is 65627,data[4].sensor is 91:[6.000000,,200.000000,,77.000000,0.000000,553288930374609]
06-06 21:37:53.863  1438  1523 I OriginChannel: wise light debug, data[0].type is 65627,data[0].sensor is 91:[6.000000,,200.000000,,90.000000,0.000000,553289130350913]
06-06 21:37:53.914  1510  1510 I BufferQueueProducer: [to.kuudere.anisuge/to.kuudere.anisuge.MainActivity#203939](this:0xb4000078323042f8,id:-1,api:0,p:-1,c:1510) queueBuffer: fps=60.18 dur=1013.62 max=16.94 min=16.06
06-06 21:37:54.005  3006  3123 I SystemUi--Statusbar: OplusNetworkSpeedControllExImpl-->updateNetworkSpeed: isConnected:true,isSwitchOn:true,isSuspend:false,isPause:false
06-06 21:37:54.010  3006  3123 I SystemUi--Statusbar: OplusNetworkSpeedControllExImpl-->getTotalByte: totalRxBytes:47812442512,totalTxBytes:15997995955,loopbackTxBytes:4996270845,loopbackRxBytes:4996270845 ,totalBytes:53817896777
06-06 21:37:54.053  3006  3006 E OplusNotificationPullDownAnimationExImpl: updateShelfPosition, error! ambientState=com.android.systemui.statusbar.notification.stack.AmbientState@26e6372, shelfViewState=com.android.systemui.statusbar.NotificationShelf$ShelfState@77943c3, lastViewState=null, stackLayout=com.android.systemui.statusbar.notification.stack.NotificationStackScrollLayout{d197440 V.E...... ......ID 0,0-1080,2256 #7f0a08f0 app:id/notification_stack_scroller alpha=1.0 viewInfo = }, shelfEx=com.oplus.systemui.notification.row.OplusShelfExImpl@ec22f79
06-06 21:37:54.063  1510  1510 I BufferQueueProducer: [StatusBar#92](this:0xb40000782c96daf8,id:-1,api:0,p:-1,c:1510) queueBuffer: fps=0.25 dur=4017.95 max=4017.95 min=4017.95
06-06 21:37:54.073 31784 31826 D SmartSidebar.EdgePanelSettingsValueProxy: (main)getOverlayShowVideoAssistant edge_panel_video_assistant =-1
06-06 21:37:54.074  2220  4632 D FlexibleTaskController: check task which not have enough child, isInSingleWhiteList:false isCloneTask:false
06-06 21:37:54.076 31784 31784 D VideoAssistantUtils: isInSplitScreenMode  === :false
06-06 21:37:54.077  2220  4632 D FlexibleTaskController: check task which not have enough child, isInSingleWhiteList:false isCloneTask:false
06-06 21:37:54.079 31784 31826 D SmartSidebar.EdgePanelUtils: (main)getTopAppInfo() result: ApplicationInfo{45309f9 to.kuudere.anisuge}
06-06 21:37:54.079 31784 31826 D SmartSidebar.EdgePanelUtils: (main)getTopPkg() pkg: to.*****.anisuge
06-06 21:37:54.080  2220  4632 W ContentService: Observer is already registered. Pid is 31784
06-06 21:37:54.082 31784 31826 D SmartSidebar.VideoAssistantPanelView: (main)Registered app status observer for: to.kuudere.anisuge
06-06 21:37:54.082 31784 31826 D SmartSidebar.VideoAssistantAppStatusManager: (main)isAppEnabled: to.kuudere.anisuge = true
06-06 21:37:54.191  2220  3513 I OplusHansManager : uid=10658, pkg=com.whatsapp F enter(), M stay=10
06-06 21:37:54.200  2220  3513 I OplusHansManager : freeze uid: 10658 com.whatsapp pids: [1273] scene: LcdOn
06-06 21:37:54.202  2220  4495 I OStatsManager_OplusBatteryStatsManager: updateStateTime: PkgName = com.whatsapp, uid = 10658, state to em, mForegroundCnt = 0, isFg = false
06-06 21:37:54.204  8618  9482 D IHansComunication: HANS sendMessageToKernel: threadId = 543345654848, netLinkSetup = 1, type = PKG, targetUid = 10658, pkgCmd = ADD_ONE_UID
06-06 21:37:54.206  2220  3518 I OplusHansManager : p_BC uid=10658 pkg=com.whatsapp
06-06 21:37:54.206  2220  3518 I OplusBinderProxy: proxyBinder uid: 10658 pkg: com.whatsapp proxy: true calling: OFreezer
06-06 21:37:54.206  2220  3518 I LocationFreezeProc: will freezeLocationProcess for com.whatsapp, 10658, true, false
06-06 21:37:54.207  2220  2817 W LocationFreezeProc: Location service is off, record pending freeze operation for com.whatsapp, freeze: true
06-06 21:37:54.208  2220  3518 I OplusHansManager : p_gps: uid 10658 result true
06-06 21:37:54.208  2220  3518 W OplusHansManager : Failed to notify phone app uid : not register
06-06 21:37:54.208  2220  2817 I LocationFreezeProc: Updated app com.whatsapp in pending freeze list
06-06 21:37:54.212  2220  2581 V AlarmManager: sending alarm Alarm{8dfbad5 type 1 origWhen 1780762074211 whenElapsed 553289711 android} uid 1000 whenElapsed 553289711 windowLength 0 maxWhenElapsed 553289711 repeatInterval 0 action null component null tag StorgaeBandInfoAlarmTag flags 0x9 procName system_server
06-06 21:37:54.213  2220 27977 E OplusStorageUFSBandwidth: storage_io_metrics_path is /proc/oplus_storage/io_metrics/forever/
06-06 21:37:54.214  1458  3605 E PerformanceService: storage_feature: open /proc/oplus_storage/io_metrics/forever//ufs_total_read_size_mb fail
06-06 21:37:54.217  1458  3605 E PerformanceService: storage_feature: open /proc/oplus_storage/io_metrics/forever//ufs_total_write_size_mb fail
06-06 21:37:54.221  2220 27977 E OplusStorageUFSBandwidth: Bandwidth - Read: 0.00 MB/s, Write: 0.00 MB/s
06-06 21:37:54.221  2220 27977 E OplusStorageUFSBandwidth: Task time: 8ms
06-06 21:37:54.225  2220  3585 I OplusHansManager : unfreeze uid: 10658 com.whatsapp pids: [1273] reason: acquireWakeLock *alar... /WorkSource{1000 chains=WorkChain{(10658), (1000, JobScheduler)}} scene: LcdOn
06-06 21:37:54.227  2220  4495 I OStatsManager_OplusBatteryStatsManager: updateStateTime: PkgName = com.whatsapp, uid = 10658, state to bg, mForegroundCnt = 0, isFg = false
06-06 21:37:54.227  2220 27977 E OplusStorageUFSBandwidth: Alarm set to trigger in 10 seconds
06-06 21:37:54.227  6368  6460 I 6368PAS[16002082][7f7bd12].ResourceTrigger: finishAlign
06-06 21:37:54.228  6368  6612 I 6368PAS[16002082][7f7bd12].PolicyDispatcher_Travel: dispatchToMultiPolicy: policyResourceArray= {20030=[ResourceTriggerTask{mResourceId=10116}]}
06-06 21:37:54.228  6368  6612 I 6368PAS[16002082][7f7bd12].PolicyDispatcher_Travel: dispatchMultiplePolicy acquire success result = true
06-06 21:37:54.229  6368  6612 I 6368PAS[16002082][7f7bd12].PolicyManager: handleDispatchRequest  Thread is pool-25-thread-1
06-06 21:37:54.229  2220  3513 I OplusHansManager : uid=10658, pkg=com.whatsapp F exit(), F stay=0, reason=acquireWakeLock *alar... /WorkSource{1000 chains=WorkChain{(10658), (1000, JobScheduler)}}, FrozenActionKeepProxy=false
06-06 21:37:54.229  6368 17375 I 6368PAS[16002082][7f7bd12].HomeAndCompanyPolicy_Travel: handleTriggerEvent: resourceTriggerTasks = [ResourceTriggerTask{mResourceId=10116}]
06-06 21:37:54.229  6368 17375 I 6368PAS[16002082][7f7bd12].HomeAndCompanyPolicy_Travel: handleEvent: resource = [10116]
06-06 21:37:54.231  2220  3518 I OplusHansManager : up_BC uid=10658 pkg=com.whatsapp
06-06 21:37:54.232  2220  3518 I OplusBinderProxy: proxyBinder uid: 10658 pkg: com.whatsapp proxy: false calling: OFreezer
06-06 21:37:54.233  2220  3518 I LocationFreezeProc: will freezeLocationProcess for com.whatsapp, 10658, false, false
06-06 21:37:54.233  6368 17375 E 6368PAS[16002082][7f7bd12].LocationHelper: judgeProvider: prodiverlist is null.
06-06 21:37:54.233  6368 17375 E 6368PAS[16002082][7f7bd12].LocationHelper: getLastKnownLocation mLocationProvider is empty
06-06 21:37:54.233  6368 17375 I 6368PAS[16002082][7f7bd12].HomeAndCompanyPolicy_Travel: handleEvent: location fail
06-06 21:37:54.233  6368 17375 I 6368PAS[16002082][7f7bd12].HomeAndCompanyPolicy_Travel: handleEvent: location not valid.
06-06 21:37:54.234  2220  2817 W LocationFreezeProc: Location service is off, record pending freeze operation for com.whatsapp, freeze: false
06-06 21:37:54.234  2220  2817 I LocationFreezeProc: Updated app com.whatsapp in pending unfreeze list
06-06 21:37:54.235  2220  3518 I OplusHansManager : up_gps: uid 10658 result true
06-06 21:37:54.241  6368 17375 I 6368PAS[16002082][7f7bd12].UserProfileDao: WeakReference have info
06-06 21:37:54.241  6368 17375 D EventBus: No subscribers registered for event class com.coloros.dataengine.sdk.beans.UserProfileInfo
06-06 21:37:54.241  6368 17375 D EventBus: No subscribers registered for event class com.oplus.sdp.x01.h
06-06 21:37:54.242  6368 17375 I 6368PAS[16002082][7f7bd12].PolicyManager: acceptHandleResult, hanleResult is PolicyHandleResult{mPolicyId=20030, mIsNeedDispatch=false}
06-06 21:37:54.242  6368  6612 I 6368PAS[16002082][7f7bd12].PolicyDispatcher: onDispatchResult  Thread is pool-25-thread-1
06-06 21:37:54.242  6368 17375 I 6368PAS[16002082][7f7bd12].PolicyManager_Travel: finish executePolicy, policyId is 20030, resIds is [ResourceTriggerTask{mResourceId=10116}], spendTime = 13
06-06 21:37:54.242  6368  6612 I 6368PAS[16002082][7f7bd12].PolicyDispatcher: requestDispatchScene  results size is 1,Thread is pool-25-thread-1
06-06 21:37:54.242  6368  6612 W 6368PAS[16002082][7f7bd12].SceneDispatcher: createSceneByPolicyId, result is null or need not dispatch, result:PolicyHandleResult{mPolicyId=20030, mIsNeedDispatch=false}
06-06 21:37:54.242  6368  6612 I 6368PAS[16002082][7f7bd12].PolicyDispatcher_Travel: onDispatchResult
06-06 21:37:54.242  6368  6612 I 6368PAS[16002082][7f7bd12].PolicyDispatcher_Travel: dispatchToMultiPolicy: spendTime = 14
06-06 21:37:54.257  1438  1523 I OriginChannel: wise light debug, data[3].type is 65627,data[3].sensor is 91:[6.000000,,200.000000,,88.000000,0.000000,553289330370230]
06-06 21:37:54.383 31784 31826 D SmartSidebar.EdgePanelSettingsValueProxy: (main)getOverlayShowVideoAssistant edge_panel_video_assistant =-1
06-06 21:37:54.385  2220  4632 D FlexibleTaskController: check task which not have enough child, isInSingleWhiteList:false isCloneTask:false
06-06 21:37:54.388 31784 31784 D VideoAssistantUtils: isInSplitScreenMode  === :false
06-06 21:37:54.391  2220  4632 D FlexibleTaskController: check task which not have enough child, isInSingleWhiteList:false isCloneTask:false
06-06 21:37:54.393 31784 31826 D SmartSidebar.EdgePanelUtils: (main)getTopAppInfo() result: ApplicationInfo{3fb4d3e to.kuudere.anisuge}
06-06 21:37:54.393 31784 31826 D SmartSidebar.EdgePanelUtils: (main)getTopPkg() pkg: to.*****.anisuge
06-06 21:37:54.395  2220  4632 W ContentService: Observer is already registered. Pid is 31784
06-06 21:37:54.396 31784 31826 D SmartSidebar.VideoAssistantPanelView: (main)Registered app status observer for: to.kuudere.anisuge
06-06 21:37:54.397 31784 31826 D SmartSidebar.VideoAssistantAppStatusManager: (main)isAppEnabled: to.kuudere.anisuge = true
06-06 21:37:54.446  1594  1594 I GBE     : GBE_BOOST_UNKNOWN cmd:-1
06-06 21:37:54.510 29991 29991 D VendorWifiService: onEvent event:9,action:1
06-06 21:37:54.518  2220  2802 D ScorerUtils: isLowTraffic: txTputKBps=0, rxTputKBps=0
06-06 21:37:54.521  2220  2802 D OplusWifiPower_TriggerCenter: mComponentCallback: wifistat
06-06 21:37:54.526  2220  2802 D OplusWifiResidenceRecognition: No available relateBssidList
06-06 21:37:54.529  1434  1448 I hwcomposer: [HWCDisplay] (0 updateFps():4512), (type:1, mode:2) fps:60.395889,dur:1010.00,max:19.87,min:11.68  
06-06 21:37:54.682  1438  1523 I OriginChannel: wise light debug, data[0].type is 65627,data[0].sensor is 91:[6.000000,,200.000000,,91.000000,0.000000,553289555374918]
06-06 21:37:54.698 31784 31826 D SmartSidebar.EdgePanelSettingsValueProxy: (main)getOverlayShowVideoAssistant edge_panel_video_assistant =-1
06-06 21:37:54.699  2220  4632 D FlexibleTaskController: check task which not have enough child, isInSingleWhiteList:false isCloneTask:false
06-06 21:37:54.702 31784 31784 D VideoAssistantUtils: isInSplitScreenMode  === :false
06-06 21:37:54.703 29991  5609 D CommonApp-322-10885: transport layer data is invalid
06-06 21:37:54.703 29991  5609 D ScorePolicy: handleScoreChanged: []
06-06 21:37:54.703  2220  4632 D FlexibleTaskController: check task which not have enough child, isInSingleWhiteList:false isCloneTask:false
06-06 21:37:54.704 29991  5609 D ScorePolicy: handleScoreChanged: []
06-06 21:37:54.704 29991  5609 D ScorePolicy: handleScoreChanged: []
06-06 21:37:54.706 31784 31826 D SmartSidebar.EdgePanelUtils: (main)getTopAppInfo() result: ApplicationInfo{f7cf79f to.kuudere.anisuge}
06-06 21:37:54.706 31784 31826 D SmartSidebar.EdgePanelUtils: (main)getTopPkg() pkg: to.*****.anisuge
06-06 21:37:54.707  2220  4632 W ContentService: Observer is already registered. Pid is 31784
06-06 21:37:54.709 31784 31826 D SmartSidebar.VideoAssistantPanelView: (main)Registered app status observer for: to.kuudere.anisuge
06-06 21:37:54.709 31784 31826 D SmartSidebar.VideoAssistantAppStatusManager: (main)isAppEnabled: to.kuudere.anisuge = true
06-06 21:37:54.882  1438  1523 I OriginChannel: wise light debug, data[4].type is 65627,data[4].sensor is 91:[6.000000,,200.000000,,89.000000,0.000000,553289755354215]
06-06 21:37:54.927  1510  1510 I BufferQueueProducer: [to.kuudere.anisuge/to.kuudere.anisuge.MainActivity#203939](this:0xb4000078323042f8,id:-1,api:0,p:-1,c:1510) queueBuffer: fps=60.20 dur=1013.33 max=18.38 min=14.98
06-06 21:37:55.011 31784 31826 D SmartSidebar.EdgePanelSettingsValueProxy: (main)getOverlayShowVideoAssistant edge_panel_video_assistant =-1
06-06 21:37:55.012  2220  4632 D FlexibleTaskController: check task which not have enough child, isInSingleWhiteList:false isCloneTask:false
06-06 21:37:55.016 31784 31784 D VideoAssistantUtils: isInSplitScreenMode  === :false
06-06 21:37:55.019  2220  4632 D FlexibleTaskController: check task which not have enough child, isInSingleWhiteList:false isCloneTask:false
06-06 21:37:55.021 31784 31826 D SmartSidebar.EdgePanelUtils: (main)getTopAppInfo() result: ApplicationInfo{fa210ec to.kuudere.anisuge}
06-06 21:37:55.022 31784 31826 D SmartSidebar.EdgePanelUtils: (main)getTopPkg() pkg: to.*****.anisuge
06-06 21:37:55.023  2220  4632 W ContentService: Observer is already registered. Pid is 31784
06-06 21:37:55.024 31784 31826 D SmartSidebar.VideoAssistantPanelView: (main)Registered app status observer for: to.kuudere.anisuge
06-06 21:37:55.024 31784 31826 D SmartSidebar.VideoAssistantAppStatusManager: (main)isAppEnabled: to.kuudere.anisuge = true
06-06 21:37:55.082  1438  1523 I OriginChannel: wise light debug, data[0].type is 65627,data[0].sensor is 91:[6.000000,,200.000000,,100.000000,0.000000,553289955365003]
06-06 21:37:55.207  8618  9482 D IHansComunication: HANS sendMessageToKernel: threadId = 543345654848, netLinkSetup = 1, type = FROZEN_TRANS, targetUid = 10658, pkgCmd = PKG_CMD_MAX
06-06 21:37:55.307  1438  1523 I OriginChannel: wise light debug, data[4].type is 65627,data[4].sensor is 91:[6.000000,,200.000000,,95.000000,0.000000,553290180422936]
06-06 21:37:55.325 31784 31826 D SmartSidebar.EdgePanelSettingsValueProxy: (main)getOverlayShowVideoAssistant edge_panel_video_assistant =-1
06-06 21:37:55.327  2220  4632 D FlexibleTaskController: check task which not have enough child, isInSingleWhiteList:false isCloneTask:false
06-06 21:37:55.331 31784 31784 D VideoAssistantUtils: isInSplitScreenMode  === :false
06-06 21:37:55.334  2220  4632 D FlexibleTaskController: check task which not have enough child, isInSingleWhiteList:false isCloneTask:false
06-06 21:37:55.336 31784 31826 D SmartSidebar.EdgePanelUtils: (main)getTopAppInfo() result: ApplicationInfo{bb14cb5 to.kuudere.anisuge}
06-06 21:37:55.336 31784 31826 D SmartSidebar.EdgePanelUtils: (main)getTopPkg() pkg: to.*****.anisuge
06-06 21:37:55.338  2220  4632 W ContentService: Observer is already registered. Pid is 31784
06-06 21:37:55.339 31784 31826 D SmartSidebar.VideoAssistantPanelView: (main)Registered app status observer for: to.kuudere.anisuge
06-06 21:37:55.339 31784 31826 D SmartSidebar.VideoAssistantAppStatusManager: (main)isAppEnabled: to.kuudere.anisuge = true
06-06 21:37:55.378  6938 18291 D gaia-GaiaConnectChecker: start connect check++
06-06 21:37:55.384  6938  7691 D gaia-GaiaConnectChecker: start connect check++
06-06 21:37:55.408  1464  1530 D vendor.oplus.hardware.charger-V10-service: ret_value:139, read content:,351,348,4402,4379,-9,2000,2200,100,100,1,17,-1,5037,100,1,1048704,1,1,0,0,4435,0,5,0,5,0,1,0,-2740,0,4,2,0,0,40,40,40,0,0,0,0,0,0,0,0,0,0
06-06 21:37:55.408  1464  1530 D vendor.oplus.hardware.charger-V10-service: gmtime: 2026-06-06-21-37-55
06-06 21:37:55.409  1464  1530 D vendor.oplus.hardware.charger-V10-service: usb_online:1, ac_online:0, wireless_online:-2147483648
06-06 21:37:55.507  1438  1523 I OriginChannel: wise light debug, data[4].type is 65627,data[4].sensor is 91:[6.000000,,200.000000,,101.000000,0.000000,553290380325388]
06-06 21:37:55.546  1434  1448 I hwcomposer: [HWCDisplay] (0 updateFps():4512), (type:1, mode:2) fps:59.987835,dur:1016.87,max:19.91,min:12.90  
06-06 21:37:55.640 31784 31826 D SmartSidebar.EdgePanelSettingsValueProxy: (main)getOverlayShowVideoAssistant edge_panel_video_assistant =-1
06-06 21:37:55.641  2220  4632 D FlexibleTaskController: check task which not have enough child, isInSingleWhiteList:false isCloneTask:false
06-06 21:37:55.645 31784 31784 D VideoAssistantUtils: isInSplitScreenMode  === :false
06-06 21:37:55.648  2220  4632 D FlexibleTaskController: check task which not have enough child, isInSingleWhiteList:false isCloneTask:false
06-06 21:37:55.651 31784 31826 D SmartSidebar.EdgePanelUtils: (main)getTopAppInfo() result: ApplicationInfo{8daff4a to.kuudere.anisuge}
06-06 21:37:55.651 31784 31826 D SmartSidebar.EdgePanelUtils: (main)getTopPkg() pkg: to.*****.anisuge
06-06 21:37:55.653  2220  4632 W ContentService: Observer is already registered. Pid is 31784
06-06 21:37:55.654 31784 31826 D SmartSidebar.VideoAssistantPanelView: (main)Registered app status observer for: to.kuudere.anisuge
06-06 21:37:55.654 31784 31826 D SmartSidebar.VideoAssistantAppStatusManager: (main)isAppEnabled: to.kuudere.anisuge = true
06-06 21:37:55.707  1438  1523 I OriginChannel: wise light debug, data[0].type is 65627,data[0].sensor is 91:[6.000000,,200.000000,,91.000000,0.000000,553290580277062]
06-06 21:37:55.726 29991  5609 D CommonApp-322-10885: transport layer data is invalid
06-06 21:37:55.727 29991  5609 D ScorePolicy: handleScoreChanged: []
06-06 21:37:55.727 29991  5609 D ScorePolicy: handleScoreChanged: []
06-06 21:37:55.727 29991  5609 D ScorePolicy: handleScoreChanged: []
06-06 21:37:55.870  1438  1523 I OriginChannel: wise light debug, data[3].type is 65627,data[3].sensor is 91:[6.000000,,200.000000,,104.000000,0.000000,553290805372047]
06-06 21:37:55.932  1438  1523 I OriginChannel: wise light debug, data[4].type is 65627,data[4].sensor is 91:[6.000000,,200.000000,,99.000000,0.000000,553291005348957]
06-06 21:37:55.940  1510  1510 I BufferQueueProducer: [to.kuudere.anisuge/to.kuudere.anisuge.MainActivity#203939](this:0xb4000078323042f8,id:-1,api:0,p:-1,c:1510) queueBuffer: fps=60.22 dur=1012.88 max=17.27 min=15.96
06-06 21:37:55.956 31784 31826 D SmartSidebar.EdgePanelSettingsValueProxy: (main)getOverlayShowVideoAssistant edge_panel_video_assistant =-1
06-06 21:37:55.957  2220  4632 D FlexibleTaskController: check task which not have enough child, isInSingleWhiteList:false isCloneTask:false
06-06 21:37:55.961 31784 31784 D VideoAssistantUtils: isInSplitScreenMode  === :false
06-06 21:37:55.963  2220  4632 D FlexibleTaskController: check task which not have enough child, isInSingleWhiteList:false isCloneTask:false
06-06 21:37:55.965 31784 31826 D SmartSidebar.EdgePanelUtils: (main)getTopAppInfo() result: ApplicationInfo{c436ebb to.kuudere.anisuge}
06-06 21:37:55.965 31784 31826 D SmartSidebar.EdgePanelUtils: (main)getTopPkg() pkg: to.*****.anisuge
06-06 21:37:55.965  2220  4632 W ContentService: Observer is already registered. Pid is 31784
06-06 21:37:55.966 31784 31826 D SmartSidebar.VideoAssistantPanelView: (main)Registered app status observer for: to.kuudere.anisuge
06-06 21:37:55.966 31784 31826 D SmartSidebar.VideoAssistantAppStatusManager: (main)isAppEnabled: to.kuudere.anisuge = true
06-06 21:37:56.132  1438  1523 I OriginChannel: wise light debug, data[0].type is 65627,data[0].sensor is 91:[6.000000,,200.000000,,84.000000,0.000000,553291205073960]
06-06 21:37:56.222  2220  2581 V AlarmManager: sending alarm Alarm{468ac78 type 1 origWhen 1780762076221 whenElapsed 553291721 android} uid 1000 whenElapsed 553291721 windowLength 0 maxWhenElapsed 553291721 repeatInterval 0 action null component null tag StorgaeBandInfoAlarmTag flags 0x9 procName system_server
06-06 21:37:56.223  2220 27977 E OplusStorageUFSBandwidth: storage_io_metrics_path is /proc/oplus_storage/io_metrics/forever/
06-06 21:37:56.229  1458  3605 E PerformanceService: storage_feature: open /proc/oplus_storage/io_metrics/forever//ufs_total_read_size_mb fail
06-06 21:37:56.231  1458  1484 E PerformanceService: storage_feature: open /proc/oplus_storage/io_metrics/forever//ufs_total_write_size_mb fail
06-06 21:37:56.232  2220 27977 E OplusStorageUFSBandwidth: Bandwidth - Read: 0.00 MB/s, Write: 0.00 MB/s
06-06 21:37:56.232  2220 27977 E OplusStorageUFSBandwidth: Task time: 9ms
06-06 21:37:56.239  2220 27977 E OplusStorageUFSBandwidth: Alarm set to trigger in 10 seconds
06-06 21:37:56.267 31784 31826 D SmartSidebar.EdgePanelSettingsValueProxy: (main)getOverlayShowVideoAssistant edge_panel_video_assistant =-1
06-06 21:37:56.269  2220  4632 D FlexibleTaskController: check task which not have enough child, isInSingleWhiteList:false isCloneTask:false
06-06 21:37:56.272 31784 31784 D VideoAssistantUtils: isInSplitScreenMode  === :false
06-06 21:37:56.274  2220  4632 D FlexibleTaskController: check task which not have enough child, isInSingleWhiteList:false isCloneTask:false
06-06 21:37:56.278 31784 31826 D SmartSidebar.EdgePanelUtils: (main)getTopAppInfo() result: ApplicationInfo{4154fd8 to.kuudere.anisuge}
06-06 21:37:56.278 31784 31826 D SmartSidebar.EdgePanelUtils: (main)getTopPkg() pkg: to.*****.anisuge
06-06 21:37:56.279  2220  4632 W ContentService: Observer is already registered. Pid is 31784
06-06 21:37:56.280 31784 31826 D SmartSidebar.VideoAssistantPanelView: (main)Registered app status observer for: to.kuudere.anisuge
06-06 21:37:56.280 31784 31826 D SmartSidebar.VideoAssistantAppStatusManager: (main)isAppEnabled: to.kuudere.anisuge = true
