06-06 21:37:47.549 29991  5609 D ScoreLoader: clinetId 201367470 [mInstanceId: -1 mPolicyId: 3342340 mLevel: 1 mValue: 88 mTechnology: 2 mNetId: 322 mUid: 10885 mPeriod: 0 mThreshold: 0 mBadReasonType: 0 mBadReason: 0 mScene: 0 mCBClientId: 192629916, mInstanceId: -1 mPolicyId: 3342340 mLevel: 1 mValue: 88 mTechnology: 2 mNetId: 322 mUid: 10885 mPeriod: 0 mThreshold: 0 mBadReasonType: 0 mBadReason: 0 mScene: 0 mCBClientId: 115915552, mInstanceId: -1 mPolicyId: 3342340 mLevel: 1 mValue: 88 mTechnology: 2 mNetId: 322 mUid: 10885 mPeriod: 0 mThreshold: 0 mBadReasonType: 0 mBadReason: 0 mScene: 0 mCBClientId: 265317961, mInstanceId: -1 mPolicyId: 3342340 mLevel: 1 mValue: 88 mTechnology: 2 mNetId: 322 mUid: 10885 mPeriod: 0 mThreshold: 0 mBadReasonType: 0 mBadReason: 0 mScene: 0 mCBClientId: 219796304, mInstanceId: -1 mPolicyId: 3342340 mLevel: 1 mValue: 88 mTechnology: 2 mNetId: 322 mUid: 10885 mPeriod: 0 mThreshold: 0 mBadReasonType: 0 mBadReason: 0 mScene: 0 mCBClientId: 109764868, mInstanceId: -1 mPolicyId: 3342340 mLevel: 1 mValue: 88 mTechnology: 2 mNetId: 322 mUid: 10885 mPeriod: 0 mThreshold: 0 mBadReasonType: 0 mBadReason: 0 mScene: 0 mCBClientId: 148593412]
06-06 21:37:47.550  3502  4091 D OLK-NAS : get score result     mInstanceId: -1 mPolicyId: 3342340 mLevel: 1 mValue: 88 mTechnology: 2 mNetId: 322 mUid: 10885 mPeriod: 0 mThreshold: 0 mBadReasonType: 0 mBadReason: 0 mScene: 0 mCBClientId: 148593412
06-06 21:37:47.551  3502  4091 D OLK-NAS : networkScoreChange networkId: 322 better = true, score = 88
06-06 21:37:47.551  3502  4501 E SmartDataSwitchStateManager: null network score or unexpected tech
06-06 21:37:47.552  2220  2802 D OplusL3Monitor: network=322, score=88, onScoreChanged result = mInstanceId: -1 mPolicyId: 3342340 mLevel: 1 mValue: 88 mTechnology: 2 mNetId: 322 mUid: 10885 mPeriod: 0 mThreshold: 0 mBadReasonType: 0 mBadReason: 0 mScene: 0 mCBClientId: 252681903, screen= true
06-06 21:37:47.582  1438  1523 I OriginChannel: wise light debug, data[4].type is 65627,data[4].sensor is 91:[6.000000,,200.000000,,83.000000,0.000000,553282455366917]
06-06 21:37:47.689 29991 29991 D AtCmdParser: [PHONE0]< com.oplus.radio.AtCmdParser$2@3321509 urc ind:+ECSQ: 3,10,-450,1,1,-73,-523,4096,-23,5
06-06 21:37:47.782  1438  1523 I OriginChannel: wise light debug, data[4].type is 65627,data[4].sensor is 91:[6.000000,,200.000000,,90.000000,0.000000,553282655356758]
06-06 21:37:47.818  1438  1523 I OriginChannel: wise light debug, data[4].type is 65627,data[4].sensor is 91:[6.000000,,200.000000,,85.000000,0.000000,553282855460667]
06-06 21:37:47.834  1510  1510 I BufferQueueProducer: [to.kuudere.anisuge/to.kuudere.anisuge.MainActivity#203939](this:0xb4000078323042f8,id:-1,api:0,p:-1,c:1510) queueBuffer: fps=57.24 dur=1013.29 max=69.10 min=13.21
06-06 21:37:47.843 31784 31826 D SmartSidebar.EdgePanelSettingsValueProxy: (main)getOverlayShowVideoAssistant edge_panel_video_assistant =-1
06-06 21:37:47.844  2220  3647 D FlexibleTaskController: check task which not have enough child, isInSingleWhiteList:false isCloneTask:false
06-06 21:37:47.846 31784 31784 D VideoAssistantUtils: isInSplitScreenMode  === :false
06-06 21:37:47.847  2220  3647 D FlexibleTaskController: check task which not have enough child, isInSingleWhiteList:false isCloneTask:false
06-06 21:37:47.849 31784 31826 D SmartSidebar.EdgePanelUtils: (main)getTopAppInfo() result: ApplicationInfo{1a4948d to.kuudere.anisuge}
06-06 21:37:47.851 31784 31826 D SmartSidebar.EdgePanelUtils: (main)getTopPkg() pkg: to.*****.anisuge
06-06 21:37:47.851  2220  3647 W ContentService: Observer is already registered. Pid is 31784
06-06 21:37:47.852 31784 31826 D SmartSidebar.VideoAssistantPanelView: (main)Registered app status observer for: to.kuudere.anisuge
06-06 21:37:47.853 31784 31826 D SmartSidebar.VideoAssistantAppStatusManager: (main)isAppEnabled: to.kuudere.anisuge = true
06-06 21:37:47.858   769   769 I System.out: [Aniskip] ok mal=59970 ep=8 intro=0.0-89.42628 outro=1346.4194-1435.253
06-06 21:37:47.968   769   973 V mpv     : [ffmpeg:v] Could not set AVOption tls_verify='0'
06-06 21:37:47.968   769   973 V mpv     : [ffmpeg:v] Mime-type: 'application/vnd.apple.mpegurl'
06-06 21:37:47.968   769   973 V mpv     : [demux:v] Trying demuxers for level=normal.
06-06 21:37:48.000   769   973 V mpv     : [lavf:v] Found 'hls' at score=100 size=580.
06-06 21:37:48.000   769   973 V mpv     : [lavf:v] Option extension_picky=0 was set due to known FFmpeg bugs
06-06 21:37:48.007  1438  1523 I OriginChannel: wise light debug, data[0].type is 65627,data[0].sensor is 91:[6.000000,,175.000000,,69.000000,0.000000,553283080367417]
06-06 21:37:48.051  3395 27960 D IpClient/wlan0: interfaceLinkStateChanged: ifindex 37 up
06-06 21:37:48.154 31784 31826 D SmartSidebar.EdgePanelSettingsValueProxy: (main)getOverlayShowVideoAssistant edge_panel_video_assistant =-1
06-06 21:37:48.156  2220  3647 D FlexibleTaskController: check task which not have enough child, isInSingleWhiteList:false isCloneTask:false
06-06 21:37:48.159 31784 31784 D VideoAssistantUtils: isInSplitScreenMode  === :false
06-06 21:37:48.162  2220  3647 D FlexibleTaskController: check task which not have enough child, isInSingleWhiteList:false isCloneTask:false
06-06 21:37:48.164 31784 31826 D SmartSidebar.EdgePanelUtils: (main)getTopAppInfo() result: ApplicationInfo{a646642 to.kuudere.anisuge}
06-06 21:37:48.164 31784 31826 D SmartSidebar.EdgePanelUtils: (main)getTopPkg() pkg: to.*****.anisuge
06-06 21:37:48.166  2220  3647 W ContentService: Observer is already registered. Pid is 31784
06-06 21:37:48.167 31784 31826 D SmartSidebar.VideoAssistantPanelView: (main)Registered app status observer for: to.kuudere.anisuge
06-06 21:37:48.167 31784 31826 D SmartSidebar.VideoAssistantAppStatusManager: (main)isAppEnabled: to.kuudere.anisuge = true
06-06 21:37:48.181   769  2258 I AnisugeSubs: Prepared VTT → /data/user/0/to.kuudere.anisuge/cache/anisuge_sub_6244003069471489748.vtt
06-06 21:37:48.182   769   973 V mpv     : [file:v] Opening /data/user/0/to.kuudere.anisuge/cache/anisuge_sub_6244003069471489748.vtt
06-06 21:37:48.183   769   973 V mpv     : [demux:v] Trying demuxers for level=normal.
06-06 21:37:48.194  2220  2581 V AlarmManager: sending alarm Alarm{f94a62e type 1 origWhen 1780762068193 whenElapsed 553283693 android} uid 1000 whenElapsed 553283693 windowLength 0 maxWhenElapsed 553283693 repeatInterval 0 action null component null tag StorgaeBandInfoAlarmTag flags 0x9 procName system_server
06-06 21:37:48.195  2220 27977 E OplusStorageUFSBandwidth: storage_io_metrics_path is /proc/oplus_storage/io_metrics/forever/
06-06 21:37:48.196  1458  3605 E PerformanceService: storage_feature: open /proc/oplus_storage/io_metrics/forever//ufs_total_read_size_mb fail
06-06 21:37:48.196  1458  3605 E PerformanceService: storage_feature: open /proc/oplus_storage/io_metrics/forever//ufs_total_write_size_mb fail
06-06 21:37:48.197  2220 27977 E OplusStorageUFSBandwidth: Bandwidth - Read: 0.00 MB/s, Write: 0.00 MB/s
06-06 21:37:48.197  2220 27977 E OplusStorageUFSBandwidth: Task time: 2ms
06-06 21:37:48.203   769   973 V mpv     : [cplayer:v] Set property: force-window="no" -> 1
06-06 21:37:48.207  1438  1523 I OriginChannel: wise light debug, data[3].type is 65627,data[3].sensor is 91:[6.000000,,200.000000,,102.000000,0.000000,553283280350282]
06-06 21:37:48.208   769   973 V mpv     : [lavf:error] avformat_open_input() failed
06-06 21:37:48.208   769   973 V mpv     : [demux:v] Trying demuxers for level=unsafe.
06-06 21:37:48.209   769   973 V mpv     : [cplayer:v] Opening failed or was aborted: http://127.0.0.1:39707/proxy/97bafe1f-dc4a-4054-93f0-b119424ad2e1/3e04ed54-cbde-4e60-ac4a-ca9a324a016b/playlist.m3u8
06-06 21:37:48.209  2220 27977 E OplusStorageUFSBandwidth: Alarm set to trigger in 10 seconds
06-06 21:37:48.210   769   973 V mpv     : event: end-file
06-06 21:37:48.211   769   973 V mpv     : [cplayer:v] finished playback, success (reason 2)
06-06 21:37:48.213   769   973 V mpv     : event: video-reconfig
06-06 21:37:48.213   769   973 V mpv     : event: idle
06-06 21:37:48.214   769   973 V mpv     : [lavf:v] Found 'webvtt' at score=100 size=2048.
06-06 21:37:48.222   769   973 V mpv     : [lavf:v] Could not set AVOption tcp_nodelay='1'
06-06 21:37:48.223   769   973 V mpv     : [lavf:v] Could not set AVOption reconnect='1'
06-06 21:37:48.223   769   973 V mpv     : [lavf:v] avformat_find_stream_info() finished after 22330 bytes.
06-06 21:37:48.224   769   973 V mpv     : [lavf:v] demuxer read all data; closing stream
06-06 21:37:48.224   769   973 V mpv     : [demux:v] Detected file format: webvtt (libavformat)
06-06 21:37:48.225   769  2258 I AnisugeSubs: sub-add cached text [select] /data/user/0/to.kuudere.anisuge/cache/anisuge_sub_6244003069471489748.vtt
06-06 21:37:48.226   769   973 V mpv     : [cplayer:v] Set property: sub-visibility="yes" -> 1
06-06 21:37:48.268   769  1010 I AnisugeSubs: Prepared VTT → /data/user/0/to.kuudere.anisuge/cache/anisuge_sub_3642515231435578513.vtt
06-06 21:37:48.270   769  1010 I AnisugeSubs: sub-add cached text [select] /data/user/0/to.kuudere.anisuge/cache/anisuge_sub_3642515231435578513.vtt
06-06 21:37:48.271   769   973 V mpv     : [cplayer:v] Set property: sub-visibility="yes" -> 1
06-06 21:37:48.283   769  1921 I AnisugeSubs: Prepared VTT → /data/user/0/to.kuudere.anisuge/cache/anisuge_sub_6516849477903454886.vtt
06-06 21:37:48.284   769  1921 I AnisugeSubs: sub-add cached text [select] /data/user/0/to.kuudere.anisuge/cache/anisuge_sub_6516849477903454886.vtt
06-06 21:37:48.286   769   973 V mpv     : [cplayer:v] Set property: sub-visibility="yes" -> 1
06-06 21:37:48.446  2220  2839 D OplusSlaFastSwitch: Network Capabiliteis changed 322
06-06 21:37:48.450  3006  3123 D WifiStatusTracker: mNetworkCallback onCapabilitiesChanged network:322 mPrimaryNetworkId:322
06-06 21:37:48.458 29991 29991 D VendorWifiService: onEvent event:9,action:1
06-06 21:37:48.459  3006  3178 D WifiPickerTracker: handleNetworkCapabilitiesChanged network:322
06-06 21:37:48.461  3006  3123 D WifiStatusTracker: mNetworkCallback onCapabilitiesChanged network:322 mPrimaryNetworkId:322
06-06 21:37:48.469  2220  3647 D FlexibleTaskController: check task which not have enough child, isInSingleWhiteList:false isCloneTask:false
06-06 21:37:48.469  3502  4080 I SmartDataSwitchValidator: unexpected network onCapabilitiesChanged
06-06 21:37:48.470 31784 31784 D VideoAssistantUtils: isInSplitScreenMode  === :false
06-06 21:37:48.470  3006  3178 I WifiPickerTracker: wifi connected status realConnectedWifiEntry not null: true
06-06 21:37:48.470  2220  3647 D FlexibleTaskController: check task which not have enough child, isInSingleWhiteList:false isCloneTask:false
06-06 21:37:48.471  2220  2839 D OplusSlaNetworkManager: isPrimaryWifi:true network:322
06-06 21:37:48.471  2220  4575 W ContentService: Observer is already registered. Pid is 31784
06-06 21:37:48.471  3006  3123 I SystemUi--Statusbar: NetworkController.WifiSignalController-->handleStatusUpdated state=3 enabled=true connected=true isDefaultNetwork=true rssi=-43 level=4 statusLabel=null isDirty=false
06-06 21:37:48.471 31784 31826 D SmartSidebar.EdgePanelSettingsValueProxy: (main)getOverlayShowVideoAssistant edge_panel_video_assistant =-1
06-06 21:37:48.471 31784 31826 D SmartSidebar.EdgePanelUtils: (main)getTopAppInfo() result: ApplicationInfo{cf3d653 to.kuudere.anisuge}
06-06 21:37:48.472 31784 31826 D SmartSidebar.EdgePanelUtils: (main)getTopPkg() pkg: to.*****.anisuge
06-06 21:37:48.472  3006  3123 I SystemUi--Statusbar: NetworkController.WifiSignalController-->handleStatusUpdated state=3 enabled=true connected=true isDefaultNetwork=true rssi=-43 level=4 statusLabel=null isDirty=false
06-06 21:37:48.473  2220  2802 D MultiNetworkStatsMonitor: wifi network 322 nc changed, primary=true, iface=wlan0
06-06 21:37:48.473  2220  2802 D OplusInterfaceMonitor: interface:wlan0 primary:true
06-06 21:37:48.473  3006  3123 I SystemUi--Statusbar: NetworkController.WifiSignalController-->handleStatusUpdated state=3 enabled=true connected=true isDefaultNetwork=true rssi=-43 level=4 statusLabel=null isDirty=false
06-06 21:37:48.473 31784 31826 D SmartSidebar.VideoAssistantPanelView: (main)Registered app status observer for: to.kuudere.anisuge
06-06 21:37:48.473 31784 31826 D SmartSidebar.VideoAssistantAppStatusManager: (main)isAppEnabled: to.kuudere.anisuge = true
06-06 21:37:48.474  2220  2802 D ScorerUtils: isLowTraffic: txTputKBps=4, rxTputKBps=37
06-06 21:37:48.476  2220  2802 D OplusWifiPower_TriggerCenter: mComponentCallback: wifistat
06-06 21:37:48.478 29991 29991 D SubsysEventListenerManager: onCapabilitiesChanged
06-06 21:37:48.478 29991 29991 D DataStateTracker: getCurDataChannel, channel:1
06-06 21:37:48.478 29991 29991 D SubsysEventListenerManager: mDefaultNetworkCb onCapabilitiesChanged
06-06 21:37:48.478 29991 29991 D NetworkService[0]: default onCapabilitiesChanged
06-06 21:37:48.479  2220  2802 D OplusWifiResidenceRecognition: No available relateBssidList
06-06 21:37:48.479  3468  3617 I BugleRcsEngine: Connected state: [1], networkType: [WIFI] [CONTEXT thread_id=2970 ]
06-06 21:37:48.479  3468  3753 I BugleRcsEngine: handleMessage processing message:[NOTIFY_UPTIME_IGNORE_STATE_CHANGED] with [non-null]:RcsEngineImpl reference [CONTEXT log_prefix="RcsEngineImpl[DUAL_REG]:[2efd3a7b-2aa9]>Handler" thread_id=2973 ]
06-06 21:37:48.479  2220  2700 W IPCThreadState: Sending oneway calls to frozen process.
06-06 21:37:48.480  3468  3753 I BugleRcsEngine: Cannot use CS.apk as it's battery optimized [CONTEXT thread_id=2973 ]
06-06 21:37:48.480  2220  2700 W IPCThreadState: Sending oneway calls to frozen process.
06-06 21:37:48.480  2220  2700 W IPCThreadState: Sending oneway calls to frozen process.
06-06 21:37:48.482  1434  1448 I hwcomposer: [HWCDisplay] (0 updateFps():4512), (type:1, mode:2) fps:60.462826,dur:1008.88,max:19.94,min:12.96  
06-06 21:37:48.486  2220  2700 W IPCThreadState: Sending oneway calls to frozen process.
06-06 21:37:48.486  2220  2700 W IPCThreadState: Sending oneway calls to frozen process.
06-06 21:37:48.490  3468  3753 I BugleRcsEngine: Rcs is enabled from user settings: true [CONTEXT log_prefix="ProvisioningEngineDataRetriever" thread_id=2973 ]
06-06 21:37:48.493 21649 30187 I NearbyMediums: Wifi changed new SSID: <unknown ssid>
06-06 21:37:48.494 21649 30187 I NearbyMediums: WifiLanConnectivityInfo is not changed, skip notify.
06-06 21:37:48.494  2220  2700 D ConnectivityService: NetReassign [no changes] [c 1] [a 1] [i 2]
06-06 21:37:48.498 22197 17749 I NearbyMediums: Wifi changed new SSID: <unknown ssid>
06-06 21:37:48.498 22197 17749 I NearbyMediums: WifiLanConnectivityInfo is not changed, skip notify.
06-06 21:37:48.499  2220  2700 D ConnectivityService: NetReassign [no changes] [c 0] [a 2] [i 1]
06-06 21:37:48.545   769   769 I System.out: [WatchVM] Aniskip lookup malIn=null anilist=182205 resolvedMal=59970 ep=8 len=1440.0
06-06 21:37:48.557 29991  5609 D CommonApp-322-10885: commonScoreStrategy scenarios 3 mTLD.uplink_packets + mTLD.downlink_packets > 10 avgRtt173
06-06 21:37:48.557 29991  5609 D CommonApp-322-10885: notifyScoreChange appScene COMMON score 89
06-06 21:37:48.558 29991  5609 D ScorePolicy: handleScoreChanged: []
06-06 21:37:48.558 29991  5609 D ScorePolicy: handleScoreChanged: []
06-06 21:37:48.558 29991  5609 D ScorePolicy: handleScoreChanged: []
06-06 21:37:48.568   769   769 I SurfaceView: 179094929 onAttachedToWindow
06-06 21:37:48.575   769   973 V mpv     : [cplayer:v] Applying profile 'fast'...
06-06 21:37:48.575   769   973 V mpv     : [cplayer:v] Setting option 'scale' = 'bilinear' (flags = 4)
06-06 21:37:48.575   769   973 V mpv     : [cplayer:v] Setting option 'dscale' = 'bilinear' (flags = 4)
06-06 21:37:48.575   769   973 V mpv     : [cplayer:v] Setting option 'dither' = 'no' (flags = 4)
06-06 21:37:48.575   769   973 V mpv     : [cplayer:v] Setting option 'correct-downscaling' = 'no' (flags = 4)
06-06 21:37:48.575   769   973 V mpv     : [cplayer:v] Setting option 'linear-downscaling' = 'no' (flags = 4)
06-06 21:37:48.575   769   973 V mpv     : [cplayer:v] Setting option 'sigmoid-upscaling' = 'no' (flags = 4)
06-06 21:37:48.575   769   973 V mpv     : [cplayer:v] Setting option 'hdr-compute-peak' = 'no' (flags = 4)
06-06 21:37:48.575   769   973 V mpv     : [cplayer:v] Setting option 'allow-delayed-peak-detect' = 'yes' (flags = 4)
06-06 21:37:48.577  2220  4575 I MediaFocusControl: requestAudioFocus() from uid/pid 10885/769 AA=USAGE_MEDIA/CONTENT_TYPE_MOVIE clientId=android.media.AudioManager@52c27fdto.kuudere.anisuge.player.MediaSessionManager$$ExternalSyntheticLambda0@5ca32df callingPack=to.kuudere.anisuge req=1 flags=0x0 sdk=35
06-06 21:37:48.577  2220  4575 I AS.FadeOutManager: unfadeOutUid() uid:10885
06-06 21:37:48.578   769   769 I MediaSessionImpl: Init a11cb2c [AndroidXMedia3/1.5.1] [RE5C86L1, RMX3870, realme, 36]
06-06 21:37:48.581   769   769 W MediaSessionCompat: Couldn't find a unique registered media button receiver in the given context.
06-06 21:37:48.583  2220  4575 I MediaSessionStack: addSession to bottom of stack | record: to.kuudere.anisuge/androidx.media3.session.id.AnisugVideoSession_1780762068578/617 (userId=0)
06-06 21:37:48.583  2220  4575 D MediaSessionService: Media button session is changed to to.kuudere.anisuge/androidx.media3.session.id.AnisugVideoSession_1780762068578/617 (userId=0)
06-06 21:37:48.585  2220  4575 D MediaSessionStack: getMediaButtonSession() mMediaButtonSession=to.kuudere.anisuge/androidx.media3.session.id.AnisugVideoSession_1780762068578/617 (userId=0)
06-06 21:37:48.585  2220  2220 I OplusMediaControlService: onActiveSessionsChanged begin
06-06 21:37:48.585  2220  2220 I OplusMediaControlService: onEventFromMediaControllerList controller size = 0
06-06 21:37:48.585  2220  2220 I OplusMediaControlService: updateControllerMap begin
06-06 21:37:48.585  2220  2220 I OplusMediaControlService: updataPlayStateMap begin
06-06 21:37:48.585  2220  2220 I OplusMediaControlService: updateMetadataMap begin
06-06 21:37:48.585  2220  2220 I OplusMediaControlService: updatePlayerInfoList event = com.oplus.media.OplusMediaEvent@3bf4d06
06-06 21:37:48.585  2220  2220 I OplusMediaControlService: sendOnEventMessage begin, eventType: 6, observer: android.os.BinderProxy@e941955
06-06 21:37:48.586  2220  2220 I OplusMediaControlService: on event EventType: 6
06-06 21:37:48.587  2220  3647 I OplusMediaControlService: unregisterEventObserver start, observer: android.os.BinderProxy@e941955, callerUid: 10197
06-06 21:37:48.588  2220  3647 I OplusMediaControlService: unregisterEventObserver successfully.
06-06 21:37:48.589  2220  4575 I OplusMediaControlService: registerEventObserver start, observer: android.os.BinderProxy@e941955, callerUid: 10197
06-06 21:37:48.590  2220  3647 D MediaSessionService: onSessionPlaybackStateChanged: record=to.kuudere.anisuge/androidx.media3.session.id.AnisugVideoSession_1780762068578/617 (userId=0) playbackState=PlaybackState {state=NONE(0), position=0, buffered position=0, speed=0.0, updated=553284089, actions=647, custom actions=[], active item id=-1, error=null}
06-06 21:37:48.591  2220  3647 D MediaSessionService: onSessionActiveStateChanged: record=to.kuudere.anisuge/androidx.media3.session.id.AnisugVideoSession_1780762068578/617 (userId=0) playbackState=PlaybackState {state=NONE(0), position=0, buffered position=0, speed=0.0, updated=553284089, actions=647, custom actions=[], active item id=-1, error=null}
06-06 21:37:48.592  2220  3647 D MediaSessionService: onSessionPlaybackStateChanged: record=to.kuudere.anisuge/androidx.media3.session.id.AnisugVideoSession_1780762068578/617 (userId=0) playbackState=PlaybackState {state=NONE(0), position=0, buffered position=0, speed=0.0, updated=553284091, actions=647, custom actions=[], active item id=-1, error=null}
06-06 21:37:48.592  2220  2220 I OplusMediaControlService: onActiveSessionsChanged begin
06-06 21:37:48.593  2220  2220 I OplusMediaControlService: onEventFromMediaControllerList controller size = 1
06-06 21:37:48.593  2220  2220 I OplusMediaControlService: getPlayerInfo, playerId: 177534434, pkgname: to.kuudere.anisuge
06-06 21:37:48.593  2220  2220 I MediaControlUtils: addPlayers | players: [177534434 | to.kuudere.anisuge]
06-06 21:37:48.593  2220  2220 I OplusMediaControlService: updateControllerMap begin
06-06 21:37:48.593  2220  2220 I OplusMediaControlService: updataPlayStateMap begin
06-06 21:37:48.593  2220  2220 I OplusMediaControlService: updateMetadataMap begin
06-06 21:37:48.593  2220  2220 I OplusMediaControlService: updatePlayerInfoList event = com.oplus.media.OplusMediaEvent@b7449f4
06-06 21:37:48.593  2220  2220 I OplusMediaControlService: sendOnEventMessage begin, eventType: 6, observer: android.os.BinderProxy@e941955
06-06 21:37:48.594  2220  2220 I OplusMediaControlService: on event EventType: 6
06-06 21:37:48.596  2220  3647 I OplusMediaControlService: sendEvent type: 2, player: 177534434
06-06 21:37:48.596  2220  3647 I OplusMediaControlService: onEventFromRequestData: 1, player: 177534434
06-06 21:37:48.596  2220  3647 I OplusMediaControlService: getTitleAndArtist, title: Anisuge, artist: null, playerId: 177534434
06-06 21:37:48.596  2220  3647 D OplusMediaControlService: players is empty
06-06 21:37:48.597  2220  3647 I OplusMediaControlService: sendEvent type: 2, player: 177534434
06-06 21:37:48.597  2220  3647 I OplusMediaControlService: onEventFromRequestData: 2, player: 177534434
06-06 21:37:48.597  2220  3647 D OplusMediaControlService: players is empty
06-06 21:37:48.598  2220  3647 I OplusMediaControlService: unregisterEventObserver start, observer: android.os.BinderProxy@e941955, callerUid: 10197
06-06 21:37:48.598  2220  3647 I OplusMediaControlService: unregisterEventObserver successfully.
06-06 21:37:48.599  2220  3647 I OplusMediaControlService: registerEventObserver start, observer: android.os.BinderProxy@e941955, callerUid: 10197
06-06 21:37:48.599  2220  3647 I OplusMediaControlService: registerEventObserver successfully.
06-06 21:37:48.607   769   769 D SurfaceView: 179094929 dispatchDraw mDrawFinished false isAboveParent false (mPrivateFlags & PFLAG_SKIP_DRAW) 128
06-06 21:37:48.618   769   973 V mpv     : [cplayer:v] Set property: sid=0 -> 1
06-06 21:37:48.619   769   973 V mpv     : [cplayer:v] Set property: sub-scale="1.3" -> 1
06-06 21:37:48.619   769   973 V mpv     : [cplayer:v] Set property: speed=1.000000 -> 1
06-06 21:37:48.632  1438  1523 I OriginChannel: wise light debug, data[0].type is 65627,data[0].sensor is 91:[6.000000,,200.000000,,74.000000,0.000000,553283505360417]
06-06 21:37:48.633   769   769 D SurfaceView: 179094929, SurfaceView[to.kuudere.anisuge/to.kuudere.anisuge.MainActivity], layerid: 203962 createBlastSurfaceControls
06-06 21:37:48.633   769   769 D BufferQueueConsumer: [](id:30100000004,api:0,p:-1,c:769) connect: controlledByApp=false
06-06 21:37:48.635  1801  1801 D AALLightSensor: oldLux=0 [SA:-1 LA:-1] newLux=0 (oriLux: 0)
06-06 21:37:48.636   769   769 D BufferQueueConsumer: [aacc591 SurfaceView[to.kuudere.anisuge/to.kuudere.anisuge.MainActivity]#4(BLAST Consumer)4](id:30100000004,api:0,p:-1,c:769) setMaxAcquiredBufferCount: 6
06-06 21:37:48.636   769   769 I SurfaceView: 179094929 visibleChanged -- surfaceCreated 
06-06 21:37:48.637   769   973 V mpv     : [cplayer:v] Set property: vo="gpu" -> 1
06-06 21:37:48.637   769   936 E mpv     : mpv_get_property(path) format 1 returned error property unavailable
06-06 21:37:48.637   769   973 V mpv     : [cplayer:v] Set property: android-surface-size="1080x608" -> 1
06-06 21:37:48.638   769   769 D SurfaceView: 179094929 handleSyncNoBuffer
06-06 21:37:48.638  2220  3647 D OplusStartingWindowManager: updateRecordSurfaceViewState windowToken = android.os.BinderProxy@9419ede, surfaceState = true, attachedToWindow = true, inList = false, win = Window{d0c78bf u0 to.kuudere.anisuge/to.kuudere.anisuge.MainActivity}
06-06 21:37:48.638   769   973 V mpv     : event: start-file
06-06 21:37:48.638   769   769 D SurfaceView: 179094929 finishedDrawing
06-06 21:37:48.638   769   769 D SurfaceView: 179094929 performDrawFinished mAttachedToWindow true
06-06 21:37:48.639   769   769 D SurfaceView: 179094929 dispatchDraw mDrawFinished true isAboveParent false (mPrivateFlags & PFLAG_SKIP_DRAW) 128
06-06 21:37:48.639   769   769 D SurfaceView: 179094929 clearSurfaceViewPort mCornerRadius 0.0
06-06 21:37:48.640  1452  1473 I mtkpower@impl: [setMode] type:6, enabled:1
06-06 21:37:48.640  1452  1473 E mtkpower@impl: [setMode] unknown type
06-06 21:37:48.641   769   973 V mpv     : [stream_callback:v] Opening http://127.0.0.1:39707/proxy/3aaab6c8-a830-4213-8865-697453cc6729/27c0e8ba-13d0-4483-8ae1-c0fdc353ee3a/stream
06-06 21:37:48.641   769   973 V mpv     : [ffmpeg:v] Opening http://127.0.0.1:39707/proxy/3aaab6c8-a830-4213-8865-697453cc6729/27c0e8ba-13d0-4483-8ae1-c0fdc353ee3a/stream
06-06 21:37:48.645  1510  1510 I BufferQueueProducer: [FramebufferSurface](this:0xb400007879a66ef0,id:-1,api:1,p:1510,c:1510) queueBuffer: fps=0.50 dur=2018.97 max=2018.97 min=2018.97
06-06 21:37:48.653  1452  1473 I mtkpower@impl: [setMode] type:6, enabled:0
06-06 21:37:48.653  1452  1473 E mtkpower@impl: [setMode] unknown type
06-06 21:37:48.728   769  1007 I AnisugeSubs: Prepared VTT → /data/user/0/to.kuudere.anisuge/cache/anisuge_sub_5221050556062168237.vtt
06-06 21:37:48.729   769   973 V mpv     : [file:v] Opening /data/user/0/to.kuudere.anisuge/cache/anisuge_sub_5221050556062168237.vtt
06-06 21:37:48.730   769   973 V mpv     : [demux:v] Trying demuxers for level=normal.
06-06 21:37:48.759   769   973 V mpv     : [lavf:v] Found 'webvtt' at score=100 size=2048.
06-06 21:37:48.762   769   807 I kuudere.anisuge: JIT allocated 53KB for stack maps of kotlin.Unit to.kuudere.anisuge.player.PlayerControlsKt.PlayerControls$lambda$54$1(to.kuudere.anisuge.player.VideoPlayerState, boolean, boolean, kotlin.jvm.functions.Function0, java.lang.String, kotlin.jvm.functions.Function0, kotlin.jvm.functions.Function0, kotlin.jvm.functions.Function0, androidx.compose.runtime.MutableState, androidx.compose.runtime.MutableState, to.kuudere.anisuge.data.models.SkipData, to.kuudere.anisuge.data.models.StreamingData, to.kuudere.anisuge.data.models.SkipData, androidx.compose.runtime.MutableState, androidx.compose.runtime.MutableState, androidx.compose.runtime.MutableState, boolean, to.kuudere.anisuge.platform.PipManager, boolean, kotlin.jvm.functions.Function0, boolean, kotlin.jvm.functions.Function0, kotlin.jvm.functions.Function0, boolean, kotlin.jvm.functions.Function0, kotlin.jvm.functions.Function0, kotlin.jvm.functions.Function0, kotlin.jvm.functions.Function0, boolean, kotlin.jvm.functions.Function0, boolean, boolean, kotlin.jvm.functions.Function0, androidx.compose.animation.AnimatedVisibilityScope, androidx.compose.runtime.Composer, int)
06-06 21:37:48.762   769   807 I kuudere.anisuge: Compiler allocated 15MB to compile kotlin.Unit to.kuudere.anisuge.player.PlayerControlsKt.PlayerControls$lambda$54$1(to.kuudere.anisuge.player.VideoPlayerState, boolean, boolean, kotlin.jvm.functions.Function0, java.lang.String, kotlin.jvm.functions.Function0, kotlin.jvm.functions.Function0, kotlin.jvm.functions.Function0, androidx.compose.runtime.MutableState, androidx.compose.runtime.MutableState, to.kuudere.anisuge.data.models.SkipData, to.kuudere.anisuge.data.models.StreamingData, to.kuudere.anisuge.data.models.SkipData, androidx.compose.runtime.MutableState, androidx.compose.runtime.MutableState, androidx.compose.runtime.MutableState, boolean, to.kuudere.anisuge.platform.PipManager, boolean, kotlin.jvm.functions.Function0, boolean, kotlin.jvm.functions.Function0, kotlin.jvm.functions.Function0, boolean, kotlin.jvm.functions.Function0, kotlin.jvm.functions.Function0, kotlin.jvm.functions.Function0, kotlin.jvm.functions.Function0, boolean, kotlin.jvm.functions.Function0, boolean, boolean, kotlin.jvm.functions.Function0, androidx.compose.animation.AnimatedVisibilityScope, androidx.compose.runtime.Composer, int)
06-06 21:37:48.769   769   973 V mpv     : [lavf:v] Could not set AVOption tcp_nodelay='1'
06-06 21:37:48.769   769   973 V mpv     : [lavf:v] Could not set AVOption reconnect='1'
06-06 21:37:48.769   769   973 V mpv     : [lavf:v] avformat_find_stream_info() finished after 22330 bytes.
06-06 21:37:48.770   769   973 V mpv     : [lavf:v] demuxer read all data; closing stream
06-06 21:37:48.770   769   973 V mpv     : [demux:v] Detected file format: webvtt (libavformat)
06-06 21:37:48.770   769  1007 I AnisugeSubs: sub-add cached text [select] /data/user/0/to.kuudere.anisuge/cache/anisuge_sub_5221050556062168237.vtt
06-06 21:37:48.772   769   973 V mpv     : [cplayer:v] Set property: sub-visibility="yes" -> 1
06-06 21:37:48.772   769  1007 E mpv     : mpv_get_property(track-list/0/lang) format 1 returned error property unavailable
06-06 21:37:48.774 31784 31826 D SmartSidebar.EdgePanelSettingsValueProxy: (main)getOverlayShowVideoAssistant edge_panel_video_assistant =-1
06-06 21:37:48.775  2220  3647 D FlexibleTaskController: check task which not have enough child, isInSingleWhiteList:false isCloneTask:false
06-06 21:37:48.776 31784 31784 D VideoAssistantUtils: isInSplitScreenMode  === :false
06-06 21:37:48.777  2220  3647 D FlexibleTaskController: check task which not have enough child, isInSingleWhiteList:false isCloneTask:false
06-06 21:37:48.777 31784 31826 D SmartSidebar.EdgePanelUtils: (main)getTopAppInfo() result: ApplicationInfo{651bb90 to.kuudere.anisuge}
06-06 21:37:48.777 31784 31826 D SmartSidebar.EdgePanelUtils: (main)getTopPkg() pkg: to.*****.anisuge
06-06 21:37:48.777  2220  3647 W ContentService: Observer is already registered. Pid is 31784
06-06 21:37:48.778 31784 31826 D SmartSidebar.VideoAssistantPanelView: (main)Registered app status observer for: to.kuudere.anisuge
06-06 21:37:48.778 31784 31826 D SmartSidebar.VideoAssistantAppStatusManager: (main)isAppEnabled: to.kuudere.anisuge = true
06-06 21:37:48.832  1438  1523 I OriginChannel: wise light debug, data[4].type is 65627,data[4].sensor is 91:[6.000000,,200.000000,,96.000000,0.000000,553283705368417]
06-06 21:37:48.847  1510  1510 I BufferQueueProducer: [to.kuudere.anisuge/to.kuudere.anisuge.MainActivity#203939](this:0xb4000078323042f8,id:-1,api:0,p:-1,c:1510) queueBuffer: fps=57.25 dur=1013.13 max=70.47 min=13.93
06-06 21:37:48.979 22197 17749 I NearbySharing: Network state changed: NetworkState(isRestricted=false, isOnline=true, isCongested=false, isMetered=false, isWifiConnected=true)
06-06 21:37:48.994   769   973 V mpv     : [ffmpeg:warn] http: HTTP error 404 Not Found
06-06 21:37:48.995   769   973 V mpv     : [stream:error] Failed to open http://127.0.0.1:39707/proxy/3aaab6c8-a830-4213-8865-697453cc6729/27c0e8ba-13d0-4483-8ae1-c0fdc353ee3a/stream.
06-06 21:37:48.995   769   973 V mpv     : [cplayer:v] Opening failed or was aborted: http://127.0.0.1:39707/proxy/3aaab6c8-a830-4213-8865-697453cc6729/27c0e8ba-13d0-4483-8ae1-c0fdc353ee3a/stream
06-06 21:37:48.996   769   973 V mpv     : event: end-file
06-06 21:37:49.000   769  2296 D libMEOW : meow new tls: 0xb4000079251e24c0
06-06 21:37:49.000   769  2296 D libMEOW : applied 0 plugin for [to.kuudere.anisuge].
06-06 21:37:49.007   769  2296 D Surface : Surface::dispatchSetGameApi
06-06 21:37:49.008   769  2296 D Surface : dispatchSetGameApi pid[769] tid[2296] GameApi[0]
06-06 21:37:49.008   769  2296 D Surface : dispatchSetGameApi res:0
06-06 21:37:49.008   769  2296 D libEGL  : set game api gles successfully
06-06 21:37:49.029   769  2296 D BLASTBufferQueue: [aacc591 SurfaceView[to.kuudere.anisuge/to.kuudere.anisuge.MainActivity]#4](f:0,a:1) acquireNextBufferLocked size=1080x608 mFrameNumber=1 applyTransaction=true mTimestamp=450621364157550(auto) mPendingTransactions.size=0 graphicBufferId=3302829850678 transform=0
06-06 21:37:49.030   769   973 E mpv     : mpv_get_property(time-pos) format 5 returned error property unavailable
06-06 21:37:49.030   769   973 E mpv     : mpv_get_property(duration) format 5 returned error property unavailable
06-06 21:37:49.030   769   973 I System.out: [VideoPlayerSurface] END_FILE failed start before metadata (pos=0.0 dur=0.0)
06-06 21:37:49.030   769   973 V mpv     : event: video-reconfig
06-06 21:37:49.030   769   973 V mpv     : event: idle
06-06 21:37:49.030   769   973 V mpv     : [cplayer:v] finished playback, loading failed (reason 4)
06-06 21:37:49.031   769   973 V mpv     : [vo/gpu:v] Probing for best GPU context.
06-06 21:37:49.031   769   973 V mpv     : [vo/gpu/auto:v] Initializing GPU context 'auto'
06-06 21:37:49.031   769   973 V mpv     : [vo/gpu/opengl:v] Initializing GPU context 'android'
06-06 21:37:49.031   769   973 V mpv     : [vo/gpu/opengl:v] EGL_VERSION=1.5 Android META-EGL
06-06 21:37:49.031   769   973 V mpv     : [vo/gpu/opengl:v] EGL_VENDOR=Android
06-06 21:37:49.032  1438  1523 I OriginChannel: wise light debug, data[0].type is 65627,data[0].sensor is 91:[6.000000,,200.000000,,93.000000,0.000000,553283905350652]
06-06 21:37:49.031   769   973 V mpv     : [vo/gpu/opengl:v] EGL_CLIENT_APIS=OpenGL_ES
06-06 21:37:49.033   769   973 V mpv     : [vo/gpu/opengl:v] Trying to create Desktop OpenGL context.
06-06 21:37:49.033   769   973 V mpv     : [vo/gpu/opengl:v] Could not bind API!
06-06 21:37:49.033   769   973 V mpv     : [vo/gpu/opengl:v] Trying to create GLES 2.x + context.
06-06 21:37:49.033   769   973 V mpv     : [vo/gpu/opengl:v] GL_VERSION='OpenGL ES 3.2 v1.r49p1-03bet0.5f9a92adb22346da069f00be2943f72a.I68f2d9af44ef65fd25877be97c6eb13fb'
06-06 21:37:49.033   769   973 V mpv     : [vo/gpu/opengl:v] Detected GLES 3.2.
06-06 21:37:49.033   769   973 V mpv     : [vo/gpu/opengl:v] GL_VENDOR='ARM'
06-06 21:37:49.033   769   973 V mpv     : [vo/gpu/opengl:v] GL_RENDERER='Mali-G68 MC4'
06-06 21:37:49.033   769   973 V mpv     : [vo/gpu/opengl:v] GL_SHADING_LANGUAGE_VERSION='OpenGL ES GLSL ES 3.20'
06-06 21:37:49.033   769   973 V mpv     : [vo/gpu/opengl:v] Loaded extension GL_EXT_disjoint_timer_query.
06-06 21:37:49.034   769   973 V mpv     : [vo/gpu/opengl:v] Loaded extension GL_EXT_buffer_storage.
06-06 21:37:49.034   769   973 V mpv     : [vo/gpu/opengl:v] 16 bit UNORM textures not available.
06-06 21:37:49.034   769   973 V mpv     : [vo/gpu:v] Testing FBO format rgba16f
06-06 21:37:49.034   769   973 V mpv     : [vo/gpu:v] Using FBO format rgba16f.
06-06 21:37:49.034   769   973 V mpv     : [vo/gpu:v] No advanced processing required. Enabling dumb mode.
06-06 21:37:49.034   769   973 V mpv     : [vo/gpu:v] reconfig to 960x540 yuv444p auto/auto/auto/auto/auto CL=unknown
06-06 21:37:49.034   769   973 V mpv     : [vo/gpu:v] Resize: 1080x608
06-06 21:37:49.034   769   973 V mpv     : [vo/gpu:v] Window size: 1080x608 (Borders: l=0 t=0 r=0 b=0)
06-06 21:37:49.034   769   973 V mpv     : [vo/gpu:v] Video source: 960x540 (1:1)
06-06 21:37:49.034   769   973 V mpv     : [vo/gpu:v] Video display: (0, 0) 960x540 -> (0, 0) 1080x607
06-06 21:37:49.034   769   973 V mpv     : [vo/gpu:v] Video scale: 1.125000/1.124074
06-06 21:37:49.034   769   973 V mpv     : [vo/gpu:v] OSD borders: l=0 t=0 r=0 b=1
06-06 21:37:49.034   769   973 V mpv     : [vo/gpu:v] Video borders: l=0 t=0 r=0 b=1
06-06 21:37:49.034   769   973 V mpv     : [vo/gpu:v] Reported display depth: 8
06-06 21:37:49.034   769   973 V mpv     : [vo/gpu:v] Texture for plane 0: 960x540
06-06 21:37:49.034   769   973 V mpv     : [vo/gpu:v] Texture for plane 1: 960x540
06-06 21:37:49.034   769   973 V mpv     : [vo/gpu:v] Texture for plane 2: 960x540
06-06 21:37:49.034   769   973 V mpv     : [vo/gpu:v] Testing FBO format rgba16f
06-06 21:37:49.034   769   973 V mpv     : [vo/gpu:v] Using FBO format rgba16f.
06-06 21:37:49.034   769   973 V mpv     : [vo/gpu:v] No advanced processing required. Enabling dumb mode.
06-06 21:37:49.036   769   769 I System.out: [Aniskip] ok mal=59970 ep=8 intro=0.0-89.42628 outro=1346.4194-1435.253
06-06 21:37:49.058  1434  2025 W hwcomposer: [DRMDEV] paramIsSame(), id 62664, w 1080/1080, h 2400/2400, pitch 1088/1088, format 0x2/0x1, secure 0/0  
06-06 21:37:49.079 31784 31826 D SmartSidebar.EdgePanelSettingsValueProxy: (main)getOverlayShowVideoAssistant edge_panel_video_assistant =-1
06-06 21:37:49.081  2220  3647 D FlexibleTaskController: check task which not have enough child, isInSingleWhiteList:false isCloneTask:false
06-06 21:37:49.084 31784 31784 D VideoAssistantUtils: isInSplitScreenMode  === :false
06-06 21:37:49.086  2220  3647 D FlexibleTaskController: check task which not have enough child, isInSingleWhiteList:false isCloneTask:false
06-06 21:37:49.088 31784 31826 D SmartSidebar.EdgePanelUtils: (main)getTopAppInfo() result: ApplicationInfo{952ec89 to.kuudere.anisuge}
06-06 21:37:49.088 31784 31826 D SmartSidebar.EdgePanelUtils: (main)getTopPkg() pkg: to.*****.anisuge
06-06 21:37:49.090  2220  3647 W ContentService: Observer is already registered. Pid is 31784
06-06 21:37:49.091 31784 31826 D SmartSidebar.VideoAssistantPanelView: (main)Registered app status observer for: to.kuudere.anisuge
06-06 21:37:49.091 31784 31826 D SmartSidebar.VideoAssistantAppStatusManager: (main)isAppEnabled: to.kuudere.anisuge = true
06-06 21:37:49.158  1510  2041 D VRR [OTI]: handleIdle from 0 to 1
06-06 21:37:49.159  1510  2041 D VRR [OTI-HW]: isStateReady 0
06-06 21:37:49.159  1510  2041 D VRR [OTI-HW]: keep rate.
06-06 21:37:49.257  1438  1523 I OriginChannel: wise light debug, data[3].type is 65627,data[3].sensor is 91:[6.000000,,200.000000,,94.000000,0.000000,553284130354652]
06-06 21:37:49.393 31784 31826 D SmartSidebar.EdgePanelSettingsValueProxy: (main)getOverlayShowVideoAssistant edge_panel_video_assistant =-1
06-06 21:37:49.393  2220  3647 D FlexibleTaskController: check task which not have enough child, isInSingleWhiteList:false isCloneTask:false
06-06 21:37:49.395 31784 31784 D VideoAssistantUtils: isInSplitScreenMode  === :false
06-06 21:37:49.396  2220  3647 D FlexibleTaskController: check task which not have enough child, isInSingleWhiteList:false isCloneTask:false
06-06 21:37:49.397 31784 31826 D SmartSidebar.EdgePanelUtils: (main)getTopAppInfo() result: ApplicationInfo{756a48e to.kuudere.anisuge}
06-06 21:37:49.398 31784 31826 D SmartSidebar.EdgePanelUtils: (main)getTopPkg() pkg: to.*****.anisuge
06-06 21:37:49.400  2220  4575 W ContentService: Observer is already registered. Pid is 31784
06-06 21:37:49.401 31784 31826 D SmartSidebar.VideoAssistantPanelView: (main)Registered app status observer for: to.kuudere.anisuge
06-06 21:37:49.402 31784 31826 D SmartSidebar.VideoAssistantAppStatusManager: (main)isAppEnabled: to.kuudere.anisuge = true
06-06 21:37:49.422 29991 29991 D AtCmdParser: parserAtcmdUrc can not find parser for +EPHYCONFIGN
06-06 21:37:49.424 29991 29991 D AtCmdParser: parserAtcmdUrc can not find parser for +EPHYCONFIG
06-06 21:37:49.426 29991 29991 D AtCmdParser: parserAtcmdUrc can not find parser for +EPHYCONFIG
06-06 21:37:49.428 29991 29991 D AtCmdParser: parserAtcmdUrc can not find parser for +EPHYCONFIGN
06-06 21:37:49.457  1438  1523 I OriginChannel: wise light debug, data[4].type is 65627,data[4].sensor is 91:[6.000000,,200.000000,,76.000000,0.000000,553284330375504]
06-06 21:37:49.482  1434  1448 I hwcomposer: [HWCDisplay] (0 updateFps():4512), (type:1, mode:2) fps:56.976513,dur:1000.41,max:79.60,min:7.69  
06-06 21:37:49.583 29991  5609 D CommonApp-322-10885: commonScoreStrategy scenarios 5 mdnsScore=0
06-06 21:37:49.583 29991  5609 D CommonApp-322-10885: notifyScoreChange appScene COMMON score 89
06-06 21:37:49.583 29991  5609 D ScorePolicy: handleScoreChanged: []
06-06 21:37:49.584 29991  5609 D ScorePolicy: handleScoreChanged: []
06-06 21:37:49.584 29991  5609 D ScorePolicy: handleScoreChanged: []
06-06 21:37:49.657  1438  1523 I OriginChannel: wise light debug, data[0].type is 65627,data[0].sensor is 91:[6.000000,,200.000000,,97.000000,0.000000,553284530381407]
06-06 21:37:49.703 31784 31826 D SmartSidebar.EdgePanelSettingsValueProxy: (main)getOverlayShowVideoAssistant edge_panel_video_assistant =-1
06-06 21:37:49.705  2220  4575 D FlexibleTaskController: check task which not have enough child, isInSingleWhiteList:false isCloneTask:false
06-06 21:37:49.707 31784 31784 D VideoAssistantUtils: isInSplitScreenMode  === :false
06-06 21:37:49.708  2220  4575 D FlexibleTaskController: check task which not have enough child, isInSingleWhiteList:false isCloneTask:false
06-06 21:37:49.709 31784 31826 D SmartSidebar.EdgePanelUtils: (main)getTopAppInfo() result: ApplicationInfo{9db84af to.kuudere.anisuge}
06-06 21:37:49.710 31784 31826 D SmartSidebar.EdgePanelUtils: (main)getTopPkg() pkg: to.*****.anisuge
06-06 21:37:49.710  2220  4575 W ContentService: Observer is already registered. Pid is 31784
06-06 21:37:49.711 31784 31826 D SmartSidebar.VideoAssistantPanelView: (main)Registered app status observer for: to.kuudere.anisuge
06-06 21:37:49.711 31784 31826 D SmartSidebar.VideoAssistantAppStatusManager: (main)isAppEnabled: to.kuudere.anisuge = true
06-06 21:37:49.716  1524  1579 D ccci_mdinit: (1):monitor_time_update_thread round:19507 ########
06-06 21:37:49.831  1438  1523 I OriginChannel: wise light debug, data[4].type is 65627,data[4].sensor is 91:[6.000000,,200.000000,,91.000000,0.000000,553284755357008]
06-06 21:37:49.860  1510  1510 I BufferQueueProducer: [to.kuudere.anisuge/to.kuudere.anisuge.MainActivity#203939](this:0xb4000078323042f8,id:-1,api:0,p:-1,c:1510) queueBuffer: fps=60.21 dur=1013.05 max=18.37 min=14.35
06-06 21:37:49.882  1438  1523 I OriginChannel: wise light debug, data[4].type is 65627,data[4].sensor is 91:[6.000000,,200.000000,,100.000000,0.000000,553284955372691]
06-06 21:37:49.999  3006  3123 I SystemUi--Statusbar: OplusNetworkSpeedControllExImpl-->updateNetworkSpeed: isConnected:true,isSwitchOn:true,isSuspend:false,isPause:false
06-06 21:37:50.003  3006  3123 I SystemUi--Statusbar: OplusNetworkSpeedControllExImpl-->getTotalByte: totalRxBytes:47812442396,totalTxBytes:15997995676,loopbackTxBytes:4996270845,loopbackRxBytes:4996270845 ,totalBytes:53817896382
06-06 21:37:50.012 31784 31826 D SmartSidebar.EdgePanelSettingsValueProxy: (main)getOverlayShowVideoAssistant edge_panel_video_assistant =-1
06-06 21:37:50.014  2220  4575 D FlexibleTaskController: check task which not have enough child, isInSingleWhiteList:false isCloneTask:false
06-06 21:37:50.017 31784 31784 D VideoAssistantUtils: isInSplitScreenMode  === :false
06-06 21:37:50.019  2220  4575 D FlexibleTaskController: check task which not have enough child, isInSingleWhiteList:false isCloneTask:false
06-06 21:37:50.021 31784 31826 D SmartSidebar.EdgePanelUtils: (main)getTopAppInfo() result: ApplicationInfo{33f00bc to.kuudere.anisuge}
06-06 21:37:50.022 31784 31826 D SmartSidebar.EdgePanelUtils: (main)getTopPkg() pkg: to.*****.anisuge
06-06 21:37:50.023  2220  4575 W ContentService: Observer is already registered. Pid is 31784
06-06 21:37:50.024 31784 31826 D SmartSidebar.VideoAssistantPanelView: (main)Registered app status observer for: to.kuudere.anisuge
06-06 21:37:50.024 31784 31826 D SmartSidebar.VideoAssistantAppStatusManager: (main)isAppEnabled: to.kuudere.anisuge = true
06-06 21:37:50.043  3006  3006 E OplusNotificationPullDownAnimationExImpl: updateShelfPosition, error! ambientState=com.android.systemui.statusbar.notification.stack.AmbientState@26e6372, shelfViewState=com.android.systemui.statusbar.NotificationShelf$ShelfState@77943c3, lastViewState=null, stackLayout=com.android.systemui.statusbar.notification.stack.NotificationStackScrollLayout{d197440 V.E...... ......ID 0,0-1080,2256 #7f0a08f0 app:id/notification_stack_scroller alpha=1.0 viewInfo = }, shelfEx=com.oplus.systemui.notification.row.OplusShelfExImpl@ec22f79
06-06 21:37:50.045  1510  1510 I BufferQueueProducer: [StatusBar#92](this:0xb40000782c96daf8,id:-1,api:0,p:-1,c:1510) queueBuffer: fps=0.25 dur=4002.15 max=4002.15 min=4002.15
06-06 21:37:50.082  1438  1523 I OriginChannel: wise light debug, data[3].type is 65627,data[3].sensor is 91:[6.000000,,200.000000,,103.000000,0.000000,553285155346850]
06-06 21:37:50.199  2220  2581 V AlarmManager: sending alarm Alarm{5c4051d type 1 origWhen 1780762070198 whenElapsed 553285698 android} uid 1000 whenElapsed 553285698 windowLength 0 maxWhenElapsed 553285698 repeatInterval 0 action null component null tag StorgaeBandInfoAlarmTag flags 0x9 procName system_server
06-06 21:37:50.201  2220 27977 E OplusStorageUFSBandwidth: storage_io_metrics_path is /proc/oplus_storage/io_metrics/forever/
06-06 21:37:50.202  1458  3605 E PerformanceService: storage_feature: open /proc/oplus_storage/io_metrics/forever//ufs_total_read_size_mb fail
06-06 21:37:50.203  1458  3605 E PerformanceService: storage_feature: open /proc/oplus_storage/io_metrics/forever//ufs_total_write_size_mb fail
06-06 21:37:50.203  2220 27977 E OplusStorageUFSBandwidth: Bandwidth - Read: 0.00 MB/s, Write: 0.00 MB/s
06-06 21:37:50.203  2220 27977 E OplusStorageUFSBandwidth: Task time: 2ms
06-06 21:37:50.213  2220 27977 E OplusStorageUFSBandwidth: Alarm set to trigger in 10 seconds
06-06 21:37:50.325 31784 31826 D SmartSidebar.EdgePanelSettingsValueProxy: (main)getOverlayShowVideoAssistant edge_panel_video_assistant =-1
06-06 21:37:50.327  2220  4575 D FlexibleTaskController: check task which not have enough child, isInSingleWhiteList:false isCloneTask:false
06-06 21:37:50.330 31784 31784 D VideoAssistantUtils: isInSplitScreenMode  === :false
06-06 21:37:50.331  2220  4575 D FlexibleTaskController: check task which not have enough child, isInSingleWhiteList:false isCloneTask:false
06-06 21:37:50.332 31784 31826 D SmartSidebar.EdgePanelUtils: (main)getTopAppInfo() result: ApplicationInfo{174c845 to.kuudere.anisuge}
06-06 21:37:50.333 31784 31826 D SmartSidebar.EdgePanelUtils: (main)getTopPkg() pkg: to.*****.anisuge
06-06 21:37:50.333  2220  4575 W ContentService: Observer is already registered. Pid is 31784
06-06 21:37:50.334 31784 31826 D SmartSidebar.VideoAssistantPanelView: (main)Registered app status observer for: to.kuudere.anisuge
06-06 21:37:50.334 31784 31826 D SmartSidebar.VideoAssistantAppStatusManager: (main)isAppEnabled: to.kuudere.anisuge = true
06-06 21:37:50.405  1464  1530 D vendor.oplus.hardware.charger-V10-service: ret_value:139, read content:,351,347,4402,4379,-4,2000,2200,100,100,1,17,-1,5075,100,1,1048704,1,1,0,0,4435,0,5,0,5,0,1,0,-2740,0,4,2,0,0,40,40,40,0,0,0,0,0,0,0,0,0,0
06-06 21:37:50.406  1464  1530 D vendor.oplus.hardware.charger-V10-service: gmtime: 2026-06-06-21-37-50
06-06 21:37:50.407  1464  1530 D vendor.oplus.hardware.charger-V10-service: usb_online:1, ac_online:0, wireless_online:-2147483648
06-06 21:37:50.428 29991 29991 D AtCmdParser: parserAtcmdUrc can not find parser for +EPHYCONFIGN
06-06 21:37:50.430 29991 29991 D AtCmdParser: parserAtcmdUrc can not find parser for +EPHYCONFIG
06-06 21:37:50.434 29991 29991 D AtCmdParser: parserAtcmdUrc can not find parser for +EPHYCONFIG
06-06 21:37:50.436 29991 29991 D AtCmdParser: parserAtcmdUrc can not find parser for +EPHYCONFIGN
06-06 21:37:50.458  1758  2212 W OPLUS_LOG_LOAD: ==LOGS PROG INFO, prog(camerahalserver) ==
06-06 21:37:50.458  1758  2212 D ULogGuard: Monitoring: 2 threads, 0 requests, 0 time-bombs; 4 guards. ResetFlags = 0x7
06-06 21:37:50.495  1434  1448 I hwcomposer: [HWCDisplay] (0 updateFps():4512), (type:1, mode:2) fps:60.224670,dur:1012.87,max:19.90,min:13.43  
06-06 21:37:50.507  1438  1523 I OriginChannel: wise light debug, data[0].type is 65627,data[0].sensor is 91:[6.000000,,200.000000,,96.000000,0.000000,553285380361942]
06-06 21:37:50.610 29991  5609 D CommonApp-322-10885: transport layer data is invalid
06-06 21:37:50.611 29991  5609 D ScorePolicy: handleScoreChanged: []
06-06 21:37:50.611 29991  5609 D ScorePolicy: handleScoreChanged: []
06-06 21:37:50.611 29991  5609 D ScorePolicy: handleScoreChanged: []
06-06 21:37:50.635 31784 31826 D SmartSidebar.EdgePanelSettingsValueProxy: (main)getOverlayShowVideoAssistant edge_panel_video_assistant =-1
06-06 21:37:50.636  2220  3647 D FlexibleTaskController: check task which not have enough child, isInSingleWhiteList:false isCloneTask:false
06-06 21:37:50.639 31784 31784 D VideoAssistantUtils: isInSplitScreenMode  === :false
06-06 21:37:50.641  2220  3647 D FlexibleTaskController: check task which not have enough child, isInSingleWhiteList:false isCloneTask:false
06-06 21:37:50.643 31784 31826 D SmartSidebar.EdgePanelUtils: (main)getTopAppInfo() result: ApplicationInfo{e1c7b9a to.kuudere.anisuge}
06-06 21:37:50.643 31784 31826 D SmartSidebar.EdgePanelUtils: (main)getTopPkg() pkg: to.*****.anisuge
06-06 21:37:50.645  2220  3647 W ContentService: Observer is already registered. Pid is 31784
06-06 21:37:50.646 31784 31826 D SmartSidebar.VideoAssistantPanelView: (main)Registered app status observer for: to.kuudere.anisuge
06-06 21:37:50.646 31784 31826 D SmartSidebar.VideoAssistantAppStatusManager: (main)isAppEnabled: to.kuudere.anisuge = true
