06-06 21:37:56.462  1758  2212 D ULogGuard: Monitoring: 2 threads, 0 requests, 0 time-bombs; 4 guards. ResetFlags = 0x7
06-06 21:37:56.557  1438  1523 I OriginChannel: wise light debug, data[0].type is 65627,data[0].sensor is 91:[6.000000,,200.000000,,104.000000,0.000000,553291430345995]
06-06 21:37:56.558  1434  1448 I hwcomposer: [HWCDisplay] (0 updateFps():4512), (type:1, mode:2) fps:60.225166,dur:1012.87,max:20.03,min:12.91  
06-06 21:37:56.581 31784 31826 D SmartSidebar.EdgePanelSettingsValueProxy: (main)getOverlayShowVideoAssistant edge_panel_video_assistant =-1
06-06 21:37:56.582  2220  4632 D FlexibleTaskController: check task which not have enough child, isInSingleWhiteList:false isCloneTask:false
06-06 21:37:56.585 31784 31784 D VideoAssistantUtils: isInSplitScreenMode  === :false
06-06 21:37:56.587  2220  4632 D FlexibleTaskController: check task which not have enough child, isInSingleWhiteList:false isCloneTask:false
06-06 21:37:56.589 31784 31826 D SmartSidebar.EdgePanelUtils: (main)getTopAppInfo() result: ApplicationInfo{476ff31 to.kuudere.anisuge}
06-06 21:37:56.590 31784 31826 D SmartSidebar.EdgePanelUtils: (main)getTopPkg() pkg: to.*****.anisuge
06-06 21:37:56.592  2220  4632 W ContentService: Observer is already registered. Pid is 31784
06-06 21:37:56.593 31784 31826 D SmartSidebar.VideoAssistantPanelView: (main)Registered app status observer for: to.kuudere.anisuge
06-06 21:37:56.594 31784 31826 D SmartSidebar.VideoAssistantAppStatusManager: (main)isAppEnabled: to.kuudere.anisuge = true
06-06 21:37:56.750 29991  5609 D CommonApp-322-10885: transport layer data is invalid
06-06 21:37:56.751 29991  5609 D ScorePolicy: handleScoreChanged: []
06-06 21:37:56.751 29991  5609 D ScorePolicy: handleScoreChanged: []
06-06 21:37:56.751 29991  5609 D ScorePolicy: handleScoreChanged: []
06-06 21:37:56.757  1438  1523 I OriginChannel: wise light debug, data[0].type is 65627,data[0].sensor is 91:[6.000000,,200.000000,,99.000000,0.000000,553291630355125]
06-06 21:37:56.895 31784 31826 D SmartSidebar.EdgePanelSettingsValueProxy: (main)getOverlayShowVideoAssistant edge_panel_video_assistant =-1
06-06 21:37:56.897  2220  4632 D FlexibleTaskController: check task which not have enough child, isInSingleWhiteList:false isCloneTask:false
06-06 21:37:56.900 31784 31784 D VideoAssistantUtils: isInSplitScreenMode  === :false
06-06 21:37:56.902  2220  4632 D FlexibleTaskController: check task which not have enough child, isInSingleWhiteList:false isCloneTask:false
06-06 21:37:56.904 31784 31826 D SmartSidebar.EdgePanelUtils: (main)getTopAppInfo() result: ApplicationInfo{951c616 to.kuudere.anisuge}
06-06 21:37:56.905 31784 31826 D SmartSidebar.EdgePanelUtils: (main)getTopPkg() pkg: to.*****.anisuge
06-06 21:37:56.906  2220  4632 W ContentService: Observer is already registered. Pid is 31784
06-06 21:37:56.908 31784 31826 D SmartSidebar.VideoAssistantPanelView: (main)Registered app status observer for: to.kuudere.anisuge
06-06 21:37:56.908 31784 31826 D SmartSidebar.VideoAssistantAppStatusManager: (main)isAppEnabled: to.kuudere.anisuge = true
06-06 21:37:56.953  1510  1510 I BufferQueueProducer: [to.kuudere.anisuge/to.kuudere.anisuge.MainActivity#203939](this:0xb4000078323042f8,id:-1,api:0,p:-1,c:1510) queueBuffer: fps=60.20 dur=1013.21 max=17.70 min=15.74
06-06 21:37:56.957  1438  1523 I OriginChannel: wise light debug, data[4].type is 65627,data[4].sensor is 91:[6.000000,,200.000000,,106.000000,0.000000,553291830368442]
06-06 21:37:56.961  1801  1801 D AALLightSensor: oldLux=0 [SA:-1 LA:-1] newLux=0 (oriLux: 0)
06-06 21:37:57.182  1438  1523 I OriginChannel: wise light debug, data[3].type is 65627,data[3].sensor is 91:[6.000000,,200.000000,,71.000000,0.000000,553292055370827]
06-06 21:37:57.209 31784 31826 D SmartSidebar.EdgePanelSettingsValueProxy: (main)getOverlayShowVideoAssistant edge_panel_video_assistant =-1
06-06 21:37:57.211  2220  4632 D FlexibleTaskController: check task which not have enough child, isInSingleWhiteList:false isCloneTask:false
06-06 21:37:57.215 31784 31784 D VideoAssistantUtils: isInSplitScreenMode  === :false
06-06 21:37:57.217  2220  4632 D FlexibleTaskController: check task which not have enough child, isInSingleWhiteList:false isCloneTask:false
06-06 21:37:57.219 31784 31826 D SmartSidebar.EdgePanelUtils: (main)getTopAppInfo() result: ApplicationInfo{d303b97 to.kuudere.anisuge}
06-06 21:37:57.219 31784 31826 D SmartSidebar.EdgePanelUtils: (main)getTopPkg() pkg: to.*****.anisuge
06-06 21:37:57.219  2220  4632 W ContentService: Observer is already registered. Pid is 31784
06-06 21:37:57.220 31784 31826 D SmartSidebar.VideoAssistantPanelView: (main)Registered app status observer for: to.kuudere.anisuge
06-06 21:37:57.220 31784 31826 D SmartSidebar.VideoAssistantAppStatusManager: (main)isAppEnabled: to.kuudere.anisuge = true
06-06 21:37:57.382  1438  1523 I OriginChannel: wise light debug, data[0].type is 65627,data[0].sensor is 91:[6.000000,,200.000000,,102.000000,0.000000,553292255387212]
06-06 21:37:57.522 31784 31826 D SmartSidebar.EdgePanelSettingsValueProxy: (main)getOverlayShowVideoAssistant edge_panel_video_assistant =-1
06-06 21:37:57.523 29991 29991 D VendorWifiService: onEvent event:9,action:1
06-06 21:37:57.526  2220  4632 D FlexibleTaskController: check task which not have enough child, isInSingleWhiteList:false isCloneTask:false
06-06 21:37:57.528 31784 31784 D VideoAssistantUtils: isInSplitScreenMode  === :false
06-06 21:37:57.530  2220  4632 D FlexibleTaskController: check task which not have enough child, isInSingleWhiteList:false isCloneTask:false
06-06 21:37:57.533 31784 31826 D SmartSidebar.EdgePanelUtils: (main)getTopAppInfo() result: ApplicationInfo{d7b9184 to.kuudere.anisuge}
06-06 21:37:57.533 31784 31826 D SmartSidebar.EdgePanelUtils: (main)getTopPkg() pkg: to.*****.anisuge
06-06 21:37:57.534  2220  4632 W ContentService: Observer is already registered. Pid is 31784
06-06 21:37:57.535 31784 31826 D SmartSidebar.VideoAssistantPanelView: (main)Registered app status observer for: to.kuudere.anisuge
06-06 21:37:57.536 31784 31826 D SmartSidebar.VideoAssistantAppStatusManager: (main)isAppEnabled: to.kuudere.anisuge = true
06-06 21:37:57.542  2220  2802 D ScorerUtils: isLowTraffic: txTputKBps=0, rxTputKBps=0
06-06 21:37:57.544  2220  2802 D OplusWifiPower_TriggerCenter: mComponentCallback: wifistat
06-06 21:37:57.549  2220  2802 D OplusWifiResidenceRecognition: No available relateBssidList
06-06 21:37:57.553  1510  1510 I BufferQueueProducer: [StatusBar#92](this:0xb40000782c96daf8,id:-1,api:0,p:-1,c:1510) queueBuffer: fps=0.29 dur=3489.63 max=3489.63 min=3489.63
06-06 21:37:57.571  1434  1448 I hwcomposer: [HWCDisplay] (0 updateFps():4512), (type:1, mode:2) fps:60.221992,dur:1012.92,max:17.75,min:14.13  
06-06 21:37:57.607  1438  1523 I OriginChannel: wise light debug, data[4].type is 65627,data[4].sensor is 91:[6.000000,,200.000000,,94.000000,0.000000,553292455553360]
06-06 21:37:57.773 29991  5609 D CommonApp-322-10885: transport layer data is invalid
06-06 21:37:57.774 29991  5609 D ScorePolicy: handleScoreChanged: []
06-06 21:37:57.775 29991  5609 D ScorePolicy: handleScoreChanged: []
06-06 21:37:57.776 29991  5609 D ScorePolicy: handleScoreChanged: []
06-06 21:37:57.789  1435  1435 D healthd : system healthd: battery l=100 v=4 t=35.1 h=2 st=5 c=-9 fc=4869000 chg=u
06-06 21:37:57.807  1438  1523 I OriginChannel: wise light debug, data[4].type is 65627,data[4].sensor is 91:[6.000000,,200.000000,,73.000000,0.000000,553292680057111]
06-06 21:37:57.832  1435  1435 D healthd : system healthd: battery l=100 v=4 t=35.1 h=2 st=5 c=-6 fc=4869000 chg=u
06-06 21:37:57.837 31784 31826 D SmartSidebar.EdgePanelSettingsValueProxy: (main)getOverlayShowVideoAssistant edge_panel_video_assistant =-1
06-06 21:37:57.839  2220  4575 D FlexibleTaskController: check task which not have enough child, isInSingleWhiteList:false isCloneTask:false
06-06 21:37:57.841 31784 31784 D VideoAssistantUtils: isInSplitScreenMode  === :false
06-06 21:37:57.842  2220  4575 D FlexibleTaskController: check task which not have enough child, isInSingleWhiteList:false isCloneTask:false
06-06 21:37:57.845 31784 31826 D SmartSidebar.EdgePanelUtils: (main)getTopAppInfo() result: ApplicationInfo{40b5d6d to.kuudere.anisuge}
06-06 21:37:57.845 31784 31826 D SmartSidebar.EdgePanelUtils: (main)getTopPkg() pkg: to.*****.anisuge
06-06 21:37:57.846  2220  4575 W ContentService: Observer is already registered. Pid is 31784
06-06 21:37:57.847 31784 31826 D SmartSidebar.VideoAssistantPanelView: (main)Registered app status observer for: to.kuudere.anisuge
06-06 21:37:57.847 31784 31826 D SmartSidebar.VideoAssistantAppStatusManager: (main)isAppEnabled: to.kuudere.anisuge = true
06-06 21:37:57.876  1438  1523 I OriginChannel: wise light debug, data[0].type is 65627,data[0].sensor is 91:[6.000000,,200.000000,,87.000000,0.000000,553292880349707]
06-06 21:37:57.925 29991 29991 D AtCmdParser: [PHONE0]< com.oplus.radio.AtCmdParser$2@3321509 urc ind:+ECSQ: 255,255,1,1,1,1,1,4096,32767,5
06-06 21:37:57.966  1510  1510 I BufferQueueProducer: [to.kuudere.anisuge/to.kuudere.anisuge.MainActivity#203939](this:0xb4000078323042f8,id:-1,api:0,p:-1,c:1510) queueBuffer: fps=60.21 dur=1013.13 max=18.41 min=14.06
06-06 21:37:58.007  1438  1523 I OriginChannel: wise light debug, data[4].type is 65627,data[4].sensor is 91:[6.000000,,200.000000,,102.000000,0.000000,553293105358548]
06-06 21:37:58.013  3006  3123 W OPLUS_LOG_LOAD: ==LOGS PROG INFO, prog(com.android.systemui) ==
06-06 21:37:58.013  3006  3123 I SystemUi--Statusbar: OplusNetworkSpeedControllExImpl-->updateNetworkSpeed: isConnected:true,isSwitchOn:true,isSuspend:false,isPause:false
06-06 21:37:58.017  3006  3123 I SystemUi--Statusbar: OplusNetworkSpeedControllExImpl-->getTotalByte: totalRxBytes:47812442512,totalTxBytes:15997995955,loopbackTxBytes:4996270845,loopbackRxBytes:4996270845 ,totalBytes:53817896777
06-06 21:37:58.031  1464  1464 D ChargerInfo: getInfo: type: 0x1, update: 1
06-06 21:37:58.031  1464  1509 D ChargerInfo: chargerInfoUpdateThread: update start
06-06 21:37:58.035  1464  1509 D ChargerInfo: enableTx: path(/proc/wireless/enable_tx): not exist
06-06 21:37:58.039  1464  1509 D ChargerInfo: get_ui_charge_icon_type: [0 0] [0 0] 1
06-06 21:37:58.041  1464  1509 E ChargerInfo: SingleHyperPath not found
06-06 21:37:58.042  1464  1509 D ChargerInfo: CarC: path(/sys/class/oplus_chg/battery/gauge_car_c): not exist
06-06 21:37:58.042  1464  1509 D ChargerInfo: chargerInfoUpdateThread: update end
06-06 21:37:58.042  1464  1509 D ChargerInfo: chargerInfoUpdateThread: update wait
06-06 21:37:58.043  1464  1464 D ChargerInfo: enableTx: path(/proc/wireless/enable_tx): not exist
06-06 21:37:58.043  1464  1464 D ChargerInfo: getInfo: {"Update":{"batteryFcc":4869,"batteryRm":4869,"bddLeakCurr":0,"bmsStatus":0,"bypassChgStatus":0,"chargeTimeRemaining":0,"cpaPower":0,"enableTx":"0","fastCharge":0,"isSupportSpeedCharge":0,"notifyCode":1048704,"otgOnline":0,"ppsChargePower":0,"ppsCharging":0,"shortCHwStatus":0,"shortIcOtpStatus":0,"uiIconType":0,"uiPower":0,"usbStatus":0,"wlsAdapterPower":0}}
06-06 21:37:58.048  3006  3006 E OplusNotificationPullDownAnimationExImpl: updateShelfPosition, error! ambientState=com.android.systemui.statusbar.notification.stack.AmbientState@26e6372, shelfViewState=com.android.systemui.statusbar.NotificationShelf$ShelfState@77943c3, lastViewState=null, stackLayout=com.android.systemui.statusbar.notification.stack.NotificationStackScrollLayout{d197440 V.E...... ......ID 0,0-1080,2256 #7f0a08f0 app:id/notification_stack_scroller alpha=1.0 viewInfo = }, shelfEx=com.oplus.systemui.notification.row.OplusShelfExImpl@ec22f79
06-06 21:37:58.052 29991 29991 D AtCmdParser: parserAtcmdUrc can not find parser for +EPHYCONFIGN
06-06 21:37:58.054 29991 29991 D AtCmdParser: parserAtcmdUrc can not find parser for +EPHYCONFIG
06-06 21:37:58.056 29991 29991 D AtCmdParser: parserAtcmdUrc can not find parser for +EPHYCONFIGN
06-06 21:37:58.073 29991 29991 D AtCmdParser: parserAtcmdUrc can not find parser for +EPHYCONFIGN
06-06 21:37:58.074 29991 29991 D AtCmdParser: parserAtcmdUrc can not find parser for +EPHYCONFIG
06-06 21:37:58.077 29991 29991 D AtCmdParser: parserAtcmdUrc can not find parser for +EPHYCONFIG
06-06 21:37:58.078 29991 29991 D AtCmdParser: parserAtcmdUrc can not find parser for +EPHYCONFIGN
06-06 21:37:58.149 31784 31826 D SmartSidebar.EdgePanelSettingsValueProxy: (main)getOverlayShowVideoAssistant edge_panel_video_assistant =-1
06-06 21:37:58.150  2220  4575 D FlexibleTaskController: check task which not have enough child, isInSingleWhiteList:false isCloneTask:false
06-06 21:37:58.154 31784 31784 D VideoAssistantUtils: isInSplitScreenMode  === :false
06-06 21:37:58.156  2220  4575 D FlexibleTaskController: check task which not have enough child, isInSingleWhiteList:false isCloneTask:false
06-06 21:37:58.158 31784 31826 D SmartSidebar.EdgePanelUtils: (main)getTopAppInfo() result: ApplicationInfo{e9c2da2 to.kuudere.anisuge}
06-06 21:37:58.158 31784 31826 D SmartSidebar.EdgePanelUtils: (main)getTopPkg() pkg: to.*****.anisuge
06-06 21:37:58.160  2220  4575 W ContentService: Observer is already registered. Pid is 31784
06-06 21:37:58.161 31784 31826 D SmartSidebar.VideoAssistantPanelView: (main)Registered app status observer for: to.kuudere.anisuge
06-06 21:37:58.161 31784 31826 D SmartSidebar.VideoAssistantAppStatusManager: (main)isAppEnabled: to.kuudere.anisuge = true
06-06 21:37:58.177  1464  1464 D ChargerInfo: getInfo: type: 0x1, update: 1
06-06 21:37:58.178  1464  1509 D ChargerInfo: chargerInfoUpdateThread: update start
06-06 21:37:58.179  1464  1509 D ChargerInfo: enableTx: path(/proc/wireless/enable_tx): not exist
06-06 21:37:58.182  1464  1509 D ChargerInfo: get_ui_charge_icon_type: [0 0] [0 0] 1
06-06 21:37:58.185  1464  1509 E ChargerInfo: SingleHyperPath not found
06-06 21:37:58.185  1464  1509 D ChargerInfo: CarC: path(/sys/class/oplus_chg/battery/gauge_car_c): not exist
06-06 21:37:58.185  1464  1509 D ChargerInfo: chargerInfoUpdateThread: update end
06-06 21:37:58.185  1464  1509 D ChargerInfo: chargerInfoUpdateThread: update wait
06-06 21:37:58.186  1464  1464 D ChargerInfo: enableTx: path(/proc/wireless/enable_tx): not exist
06-06 21:37:58.186  1464  1464 D ChargerInfo: getInfo: {"Update":{"batteryFcc":4869,"batteryRm":4869,"bddLeakCurr":0,"bmsStatus":0,"bypassChgStatus":0,"chargeTimeRemaining":0,"cpaPower":0,"enableTx":"0","fastCharge":0,"isSupportSpeedCharge":0,"notifyCode":1048704,"otgOnline":0,"ppsChargePower":0,"ppsCharging":0,"shortCHwStatus":0,"shortIcOtpStatus":0,"uiIconType":0,"uiPower":0,"usbStatus":0,"wlsAdapterPower":0}}
06-06 21:37:58.232  2220  2581 V AlarmManager: sending alarm Alarm{a4638b7 type 1 origWhen 1780762078232 whenElapsed 553293731 android} uid 1000 whenElapsed 553293731 windowLength 0 maxWhenElapsed 553293731 repeatInterval 0 action null component null tag StorgaeBandInfoAlarmTag flags 0x9 procName system_server
06-06 21:37:58.232  1438  1523 I OriginChannel: wise light debug, data[3].type is 65627,data[3].sensor is 91:[6.000000,,200.000000,,91.000000,0.000000,553293305374236]
06-06 21:37:58.234  2220 27977 E OplusStorageUFSBandwidth: storage_io_metrics_path is /proc/oplus_storage/io_metrics/forever/
06-06 21:37:58.235  1458  1484 E PerformanceService: storage_feature: open /proc/oplus_storage/io_metrics/forever//ufs_total_read_size_mb fail
06-06 21:37:58.237  1458  3605 E PerformanceService: storage_feature: open /proc/oplus_storage/io_metrics/forever//ufs_total_write_size_mb fail
06-06 21:37:58.237  2220 27977 E OplusStorageUFSBandwidth: Bandwidth - Read: 0.00 MB/s, Write: 0.00 MB/s
06-06 21:37:58.238  2220 27977 E OplusStorageUFSBandwidth: Task time: 4ms
06-06 21:37:58.246  2220 27977 E OplusStorageUFSBandwidth: Alarm set to trigger in 10 seconds
06-06 21:37:58.461 31784 31826 D SmartSidebar.EdgePanelSettingsValueProxy: (main)getOverlayShowVideoAssistant edge_panel_video_assistant =-1
06-06 21:37:58.463  2220  4632 D FlexibleTaskController: check task which not have enough child, isInSingleWhiteList:false isCloneTask:false
06-06 21:37:58.467 31784 31784 D VideoAssistantUtils: isInSplitScreenMode  === :false
06-06 21:37:58.469  2220  4632 D FlexibleTaskController: check task which not have enough child, isInSingleWhiteList:false isCloneTask:false
06-06 21:37:58.472 31784 31826 D SmartSidebar.EdgePanelUtils: (main)getTopAppInfo() result: ApplicationInfo{bb2fa33 to.kuudere.anisuge}
06-06 21:37:58.473 31784 31826 D SmartSidebar.EdgePanelUtils: (main)getTopPkg() pkg: to.*****.anisuge
06-06 21:37:58.474  2220  4632 W ContentService: Observer is already registered. Pid is 31784
06-06 21:37:58.475 31784 31826 D SmartSidebar.VideoAssistantPanelView: (main)Registered app status observer for: to.kuudere.anisuge
06-06 21:37:58.476 31784 31826 D SmartSidebar.VideoAssistantAppStatusManager: (main)isAppEnabled: to.kuudere.anisuge = true
06-06 21:37:58.585  1434  1448 I hwcomposer: [HWCDisplay] (0 updateFps():4512), (type:1, mode:2) fps:60.173782,dur:1013.73,max:20.12,min:13.40  
06-06 21:37:58.626  1273  1319 E msys    : E[N WCIHTTPImplNetworkSession]WCIHTTPTaskImplCreateRegular(556)=>[I] http/task/regular/create/start
06-06 21:37:58.628  1273  1319 E msys    : E[N WCIHTTPImplNetworkSession]WCIHTTPTaskImplCreateRegular(591)=>[I] http/task/regular/create/execute
06-06 21:37:58.628  1273  1319 E msys    : E[N WCIHTTPImplNetworkSession]WCIHTTPTaskImplCreateRegular(614)=>[I] http/task/regular/create/success
06-06 21:37:58.632  1438  1523 I OriginChannel: wise light debug, data[0].type is 65627,data[0].sensor is 91:[6.000000,,200.000000,,85.000000,0.000000,553293505357409]
06-06 21:37:58.695  1438  1523 I OriginChannel: wise light debug, data[4].type is 65627,data[4].sensor is 91:[6.000000,,200.000000,,99.000000,0.000000,553293730359197]
06-06 21:37:58.776 31784 31826 D SmartSidebar.EdgePanelSettingsValueProxy: (main)getOverlayShowVideoAssistant edge_panel_video_assistant =-1
06-06 21:37:58.778  2220  4632 D FlexibleTaskController: check task which not have enough child, isInSingleWhiteList:false isCloneTask:false
06-06 21:37:58.781 31784 31784 D VideoAssistantUtils: isInSplitScreenMode  === :false
06-06 21:37:58.784  2220  4632 D FlexibleTaskController: check task which not have enough child, isInSingleWhiteList:false isCloneTask:false
06-06 21:37:58.786 31784 31826 D SmartSidebar.EdgePanelUtils: (main)getTopAppInfo() result: ApplicationInfo{9e241f0 to.kuudere.anisuge}
06-06 21:37:58.787 31784 31826 D SmartSidebar.EdgePanelUtils: (main)getTopPkg() pkg: to.*****.anisuge
06-06 21:37:58.789  2220  4632 W ContentService: Observer is already registered. Pid is 31784
06-06 21:37:58.790 31784 31826 D SmartSidebar.VideoAssistantPanelView: (main)Registered app status observer for: to.kuudere.anisuge
06-06 21:37:58.791 31784 31826 D SmartSidebar.VideoAssistantAppStatusManager: (main)isAppEnabled: to.kuudere.anisuge = true
06-06 21:37:58.798 29991  5609 D CommonApp-322-10885: transport layer data is invalid
06-06 21:37:58.799 29991  5609 D ScorePolicy: handleScoreChanged: []
06-06 21:37:58.799 29991  5609 D ScorePolicy: handleScoreChanged: []
06-06 21:37:58.799 29991  5609 D ScorePolicy: handleScoreChanged: []
06-06 21:37:58.857  1438  1523 I OriginChannel: wise light debug, data[0].type is 65627,data[0].sensor is 91:[6.000000,,200.000000,,101.000000,0.000000,553293930373366]
06-06 21:37:58.979  1510  1510 I BufferQueueProducer: [to.kuudere.anisuge/to.kuudere.anisuge.MainActivity#203939](this:0xb4000078323042f8,id:-1,api:0,p:-1,c:1510) queueBuffer: fps=60.20 dur=1013.24 max=18.32 min=14.85
06-06 21:37:59.058  1438  1523 I OriginChannel: wise light debug, data[4].type is 65627,data[4].sensor is 91:[6.000000,,200.000000,,100.000000,0.000000,553294130389654]
06-06 21:37:59.092 31784 31826 D SmartSidebar.EdgePanelSettingsValueProxy: (main)getOverlayShowVideoAssistant edge_panel_video_assistant =-1
06-06 21:37:59.094  2220  4632 D FlexibleTaskController: check task which not have enough child, isInSingleWhiteList:false isCloneTask:false
06-06 21:37:59.096 31784 31784 D VideoAssistantUtils: isInSplitScreenMode  === :false
06-06 21:37:59.097  2220  4632 D FlexibleTaskController: check task which not have enough child, isInSingleWhiteList:false isCloneTask:false
06-06 21:37:59.100 31784 31826 D SmartSidebar.EdgePanelUtils: (main)getTopAppInfo() result: ApplicationInfo{50d6369 to.kuudere.anisuge}
06-06 21:37:59.100 31784 31826 D SmartSidebar.EdgePanelUtils: (main)getTopPkg() pkg: to.*****.anisuge
06-06 21:37:59.102  2220  4632 W ContentService: Observer is already registered. Pid is 31784
06-06 21:37:59.104 31784 31826 D SmartSidebar.VideoAssistantPanelView: (main)Registered app status observer for: to.kuudere.anisuge
06-06 21:37:59.105 31784 31826 D SmartSidebar.VideoAssistantAppStatusManager: (main)isAppEnabled: to.kuudere.anisuge = true
06-06 21:37:59.201 29991 29991 D AtCmdParser: parserAtcmdUrc can not find parser for +EPHYCONFIGN
06-06 21:37:59.206 29991 29991 D AtCmdParser: parserAtcmdUrc can not find parser for +EPHYCONFIG
06-06 21:37:59.210 29991 29991 D AtCmdParser: parserAtcmdUrc can not find parser for +EPHYCONFIG
06-06 21:37:59.210  3467  3467 D OplusTelephonyController: onSignalStrengthChanged: SignalStrength=SignalStrength:{mCdma=CellSignalStrengthCdma: cdmaDbm=2147483647 cdmaEcio=2147483647 evdoDbm=2147483647 evdoEcio=2147483647 evdoSnr=2147483647 level=0,mGsm=CellSignalStrengthGsm: rssi=2147483647 ber=2147483647 mTa=2147483647 mLevel=0,mWcdma=CellSignalStrengthWcdma: ss=2147483647 ber=2147483647 rscp=2147483647 ecno=2147483647 level=0,mTdscdma=CellSignalStrengthTdscdma: rssi=2147483647 ber=2147483647 rscp=2147483647 level=0,mLte=CellSignalStrengthLte: rssi=-111 rsrp=-127 rsrq=-16 rssnr=-4 cqiTableIndex=2147483647 cqi=0 ta=0 level=1 parametersUseForLevel=0,mNr=CellSignalStrengthNr:{ csiRsrp = 2147483647 csiRsrq = 2147483647 csiCqiTableIndex = 2147483647 csiCqiReport = [] ssRsrp = 2147483647 ssRsrq = 2147483647 ssSinr = 2147483647 level = 0 parametersUseForLevel = 0 timingAdvance = 2147483647 },primary=CellSignalStrengthLte}
06-06 21:37:59.219  3006  3006 D Tile.OplusCellularTile: refreshState: tile not listening, ignore
06-06 21:37:59.219  3006  3177 I SystemUi--Statusbar: MobileConnectionRepositoryImpl-->subId:1 isSoftSimCard:false slotId:0
06-06 21:37:59.220 29991 29991 D AtCmdParser: parserAtcmdUrc can not find parser for +EPHYCONFIGN
06-06 21:37:59.220 29991 29991 D SubsysEventListenerManager-SubsysTelephonyCallback[0]: onSignalStrengthsChanged
06-06 21:37:59.220 29991 29991 D AtCmdParser: [PHONE0]< com.oplus.radio.AtCmdParser$2@3321509 urc ind:+ECSQ: 8,14,-442,1,1,-64,-506,4096,-13,5
06-06 21:37:59.258  1438  1522 W AString : ctor got NULL, using empty string instead
06-06 21:37:59.261  1438  1522 I SensorSavedChannel: [-162,-277,-359,23543,-24335,39579]==>gyro_temp.json
06-06 21:37:59.405 31784 31826 D SmartSidebar.EdgePanelSettingsValueProxy: (main)getOverlayShowVideoAssistant edge_panel_video_assistant =-1
06-06 21:37:59.407  2220  4575 D FlexibleTaskController: check task which not have enough child, isInSingleWhiteList:false isCloneTask:false
06-06 21:37:59.410 31784 31784 D VideoAssistantUtils: isInSplitScreenMode  === :false
06-06 21:37:59.412  2220  4575 D FlexibleTaskController: check task which not have enough child, isInSingleWhiteList:false isCloneTask:false
06-06 21:37:59.414 31784 31826 D SmartSidebar.EdgePanelUtils: (main)getTopAppInfo() result: ApplicationInfo{73381ee to.kuudere.anisuge}
06-06 21:37:59.415 31784 31826 D SmartSidebar.EdgePanelUtils: (main)getTopPkg() pkg: to.*****.anisuge
06-06 21:37:59.417  2220  4575 W ContentService: Observer is already registered. Pid is 31784
06-06 21:37:59.419 31784 31826 D SmartSidebar.VideoAssistantPanelView: (main)Registered app status observer for: to.kuudere.anisuge
06-06 21:37:59.419 31784 31826 D SmartSidebar.VideoAssistantAppStatusManager: (main)isAppEnabled: to.kuudere.anisuge = true
06-06 21:37:59.465  1758  2212 D ULogGuard: Monitoring: 2 threads, 0 requests, 0 time-bombs; 4 guards. ResetFlags = 0x7
06-06 21:37:59.482  1438  1523 I OriginChannel: wise light debug, data[3].type is 65627,data[3].sensor is 91:[6.000000,,200.000000,,97.000000,0.000000,553294355471260]
06-06 21:37:59.598  1434  1448 I hwcomposer: [HWCDisplay] (0 updateFps():4512), (type:1, mode:2) fps:60.217560,dur:1012.99,max:20.95,min:12.95  
06-06 21:37:59.682  1438  1523 I OriginChannel: wise light debug, data[0].type is 65627,data[0].sensor is 91:[6.000000,,200.000000,,109.000000,0.000000,553294556015822]
06-06 21:37:59.720 31784 31826 D SmartSidebar.EdgePanelSettingsValueProxy: (main)getOverlayShowVideoAssistant edge_panel_video_assistant =-1
06-06 21:37:59.722  2220  4575 D FlexibleTaskController: check task which not have enough child, isInSingleWhiteList:false isCloneTask:false
06-06 21:37:59.724 31784 31784 D VideoAssistantUtils: isInSplitScreenMode  === :false
06-06 21:37:59.725  2220  4575 D FlexibleTaskController: check task which not have enough child, isInSingleWhiteList:false isCloneTask:false
06-06 21:37:59.728 31784 31826 D SmartSidebar.EdgePanelUtils: (main)getTopAppInfo() result: ApplicationInfo{e99068f to.kuudere.anisuge}
06-06 21:37:59.728 31784 31826 D SmartSidebar.EdgePanelUtils: (main)getTopPkg() pkg: to.*****.anisuge
06-06 21:37:59.730  2220  4575 W ContentService: Observer is already registered. Pid is 31784
06-06 21:37:59.731 31784 31826 D SmartSidebar.VideoAssistantPanelView: (main)Registered app status observer for: to.kuudere.anisuge
06-06 21:37:59.731 31784 31826 D SmartSidebar.VideoAssistantAppStatusManager: (main)isAppEnabled: to.kuudere.anisuge = true
06-06 21:37:59.821 29991  5609 D CommonApp-322-10885: transport layer data is invalid
06-06 21:37:59.823 29991  5609 D ScorePolicy: handleScoreChanged: []
06-06 21:37:59.823 29991  5609 D ScorePolicy: handleScoreChanged: []
06-06 21:37:59.823 29991  5609 D ScorePolicy: handleScoreChanged: []
06-06 21:37:59.882  1438  1523 I OriginChannel: wise light debug, data[4].type is 65627,data[4].sensor is 91:[6.000000,,200.000000,,93.000000,0.000000,553294755360725]
06-06 21:37:59.992  1510  1510 I BufferQueueProducer: [to.kuudere.anisuge/to.kuudere.anisuge.MainActivity#203939](this:0xb4000078323042f8,id:-1,api:0,p:-1,c:1510) queueBuffer: fps=60.21 dur=1013.16 max=17.79 min=15.70
06-06 21:38:00.001  2220  2581 V AlarmManager: sending alarm Alarm{a956f8d type 3 origWhen 553295500 whenElapsed 553295500 android} uid 1000 whenElapsed 553295500 windowLength 0 maxWhenElapsed 553295500 repeatInterval 0 action null component null tag TIME_TICK flags 0x9 procName system_server
06-06 21:38:00.002  3006  3006 I SystemUi--SystemUi--: Clock-->smallTime: 21:38
06-06 21:38:00.003  3006  3006 I SystemUi--SystemUi--: Clock-->smallTime: 21:38
06-06 21:38:00.005  3006  3006 I SystemUi--SystemUi--: Clock-->smallTime: 21:38
06-06 21:38:00.006  3006  3006 I SystemUi--SystemUi--: Clock-->smallTime: 21:38
06-06 21:38:00.015  2220  2432 D OplusDisplayBrightnessBroadcastReceiver: onReceive action = android.intent.action.TIME_TICK , listeners = [com.android.server.display.feature.marvels.module.ORBrightnessMarvelsDataCollector$ScreenStateReceiver@25c9c7d]
06-06 21:38:00.016  3502  4117 D AMC     : [TriggerSystem] handleLoopTick trigger:vowifihandover phoneId:0 voWifiHandoverCount:0
06-06 21:38:00.016 29991 29991 D SubsysBroadcastManager: onReceive action:android.intent.action.TIME_TICK
06-06 21:38:00.016  3502  4117 D AMC     : [TriggerSystem] handleLoopTick trigger:vowifihandover phoneId:1 voWifiHandoverCount:0
06-06 21:38:00.027  3006  3006 I SystemUi--Notification: SimpleQsClock-->textWidth:102.0, mPaddingEnd 18, dynamicWidth 140, systemFontScale 1.0
06-06 21:38:00.033 31784 31826 D SmartSidebar.EdgePanelSettingsValueProxy: (main)getOverlayShowVideoAssistant edge_panel_video_assistant =-1
06-06 21:38:00.034  2220  4575 D FlexibleTaskController: check task which not have enough child, isInSingleWhiteList:false isCloneTask:false
06-06 21:38:00.034  3254  8796 D PhoneUsageTime: lastChargeFullTime=1780762020021 LastChargeFullDurationTime=2168437
06-06 21:38:00.036 31784 31784 D VideoAssistantUtils: isInSplitScreenMode  === :false
06-06 21:38:00.037  2220  4575 D FlexibleTaskController: check task which not have enough child, isInSingleWhiteList:false isCloneTask:false
06-06 21:38:00.037  3006  3006 E OplusNotificationPullDownAnimationExImpl: updateShelfPosition, error! ambientState=com.android.systemui.statusbar.notification.stack.AmbientState@26e6372, shelfViewState=com.android.systemui.statusbar.NotificationShelf$ShelfState@77943c3, lastViewState=null, stackLayout=com.android.systemui.statusbar.notification.stack.NotificationStackScrollLayout{d197440 V.E...... ......ID 0,0-1080,2256 #7f0a08f0 app:id/notification_stack_scroller alpha=1.0 viewInfo = }, shelfEx=com.oplus.systemui.notification.row.OplusShelfExImpl@ec22f79
06-06 21:38:00.038 31784 31826 D SmartSidebar.EdgePanelUtils: (main)getTopAppInfo() result: ApplicationInfo{8c18d1c to.kuudere.anisuge}
06-06 21:38:00.038 31784 31826 D SmartSidebar.EdgePanelUtils: (main)getTopPkg() pkg: to.*****.anisuge
06-06 21:38:00.040  2220  4575 W ContentService: Observer is already registered. Pid is 31784
06-06 21:38:00.041 31784 31826 D SmartSidebar.VideoAssistantPanelView: (main)Registered app status observer for: to.kuudere.anisuge
06-06 21:38:00.041 31784 31826 D SmartSidebar.VideoAssistantAppStatusManager: (main)isAppEnabled: to.kuudere.anisuge = true
06-06 21:38:00.042  1510  1510 I BufferQueueProducer: [StatusBar#92](this:0xb40000782c96daf8,id:-1,api:0,p:-1,c:1510) queueBuffer: fps=0.80 dur=2489.34 max=1993.66 min=495.68
06-06 21:38:00.063  3006  3006 E OplusNotificationPullDownAnimationExImpl: updateShelfPosition, error! ambientState=com.android.systemui.statusbar.notification.stack.AmbientState@26e6372, shelfViewState=com.android.systemui.statusbar.NotificationShelf$ShelfState@77943c3, lastViewState=null, stackLayout=com.android.systemui.statusbar.notification.stack.NotificationStackScrollLayout{d197440 V.E...... ......ID 0,0-1080,2256 #7f0a08f0 app:id/notification_stack_scroller alpha=1.0 viewInfo = }, shelfEx=com.oplus.systemui.notification.row.OplusShelfExImpl@ec22f79
06-06 21:38:00.107  1438  1523 I OriginChannel: wise light debug, data[4].type is 65627,data[4].sensor is 91:[6.000000,,200.000000,,99.000000,0.000000,553294980363880]
06-06 21:38:00.239  2220  2581 V AlarmManager: sending alarm Alarm{df447bc type 1 origWhen 1780762080238 whenElapsed 553295738 android} uid 1000 whenElapsed 553295738 windowLength 0 maxWhenElapsed 553295738 repeatInterval 0 action null component null tag StorgaeBandInfoAlarmTag flags 0x9 procName system_server
06-06 21:38:00.241  2220 27977 E OplusStorageUFSBandwidth: storage_io_metrics_path is /proc/oplus_storage/io_metrics/forever/
06-06 21:38:00.245  1458  3605 E PerformanceService: storage_feature: open /proc/oplus_storage/io_metrics/forever//ufs_total_read_size_mb fail
06-06 21:38:00.247  1458  3605 E PerformanceService: storage_feature: open /proc/oplus_storage/io_metrics/forever//ufs_total_write_size_mb fail
06-06 21:38:00.247  2220 27977 E OplusStorageUFSBandwidth: Bandwidth - Read: 0.00 MB/s, Write: 0.00 MB/s
06-06 21:38:00.247  2220 27977 E OplusStorageUFSBandwidth: Task time: 6ms
06-06 21:38:00.252  2220 27977 E OplusStorageUFSBandwidth: Alarm set to trigger in 10 seconds
06-06 21:38:00.307  1438  1523 I OriginChannel: wise light debug, data[0].type is 65627,data[0].sensor is 91:[6.000000,,200.000000,,96.000000,0.000000,553295180600101]
06-06 21:38:00.343 31784 31826 D SmartSidebar.EdgePanelSettingsValueProxy: (main)getOverlayShowVideoAssistant edge_panel_video_assistant =-1
06-06 21:38:00.345  2220  4632 D FlexibleTaskController: check task which not have enough child, isInSingleWhiteList:false isCloneTask:false
06-06 21:38:00.349 31784 31784 D VideoAssistantUtils: isInSplitScreenMode  === :false
06-06 21:38:00.352  2220  4632 D FlexibleTaskController: check task which not have enough child, isInSingleWhiteList:false isCloneTask:false
06-06 21:38:00.354 31784 31826 D SmartSidebar.EdgePanelUtils: (main)getTopAppInfo() result: ApplicationInfo{30fcd25 to.kuudere.anisuge}
06-06 21:38:00.354 31784 31826 D SmartSidebar.EdgePanelUtils: (main)getTopPkg() pkg: to.*****.anisuge
06-06 21:38:00.356  2220  4632 W ContentService: Observer is already registered. Pid is 31784
06-06 21:38:00.357 31784 31826 D SmartSidebar.VideoAssistantPanelView: (main)Registered app status observer for: to.kuudere.anisuge
06-06 21:38:00.357 31784 31826 D SmartSidebar.VideoAssistantAppStatusManager: (main)isAppEnabled: to.kuudere.anisuge = true
06-06 21:38:00.379  2220  2390 D AES     : AEEIOCTL_GET/SET_SF_STATE IOCTL,cmd= 1074294797, lParam=0. 
06-06 21:38:00.379  2220  2390 D AES     : AEEIOCTL_RT_MON_Kick IOCTL,cmd= 2147774474, lParam=300. 
06-06 21:38:00.411  1464  1530 D vendor.oplus.hardware.charger-V10-service: ret_value:138, read content:,351,346,4402,4379,0,2000,2200,100,100,1,17,-1,5075,100,1,1048704,1,1,0,0,4435,0,5,0,5,0,1,0,-2740,0,4,2,0,0,40,40,40,0,0,0,0,0,0,0,0,0,0
06-06 21:38:00.411  1464  1530 D vendor.oplus.hardware.charger-V10-service: gmtime: 2026-06-06-21-38-00
06-06 21:38:00.413  1464  1530 D vendor.oplus.hardware.charger-V10-service: usb_online:1, ac_online:0, wireless_online:-2147483648
06-06 21:38:00.542 29991 29991 D VendorWifiService: onEvent event:9,action:1
06-06 21:38:00.558  2220  2802 D ScorerUtils: isLowTraffic: txTputKBps=1, rxTputKBps=0
06-06 21:38:00.561  2220  2802 D OplusWifiPower_TriggerCenter: mComponentCallback: wifistat
06-06 21:38:00.566  2220  2802 D OplusWifiResidenceRecognition: No available relateBssidList
06-06 21:38:00.611  1434  1448 I hwcomposer: [HWCDisplay] (0 updateFps():4512), (type:1, mode:2) fps:60.191635,dur:1013.43,max:21.44,min:12.89  
06-06 21:38:00.658 31784 31826 D SmartSidebar.EdgePanelSettingsValueProxy: (main)getOverlayShowVideoAssistant edge_panel_video_assistant =-1
06-06 21:38:00.660  2220  4632 D FlexibleTaskController: check task which not have enough child, isInSingleWhiteList:false isCloneTask:false
06-06 21:38:00.664 31784 31784 D VideoAssistantUtils: isInSplitScreenMode  === :false
06-06 21:38:00.666  2220  4632 D FlexibleTaskController: check task which not have enough child, isInSingleWhiteList:false isCloneTask:false
06-06 21:38:00.669 31784 31826 D SmartSidebar.EdgePanelUtils: (main)getTopAppInfo() result: ApplicationInfo{dd9cefa to.kuudere.anisuge}
06-06 21:38:00.669 31784 31826 D SmartSidebar.EdgePanelUtils: (main)getTopPkg() pkg: to.*****.anisuge
06-06 21:38:00.670  2220  4632 W ContentService: Observer is already registered. Pid is 31784
06-06 21:38:00.671 31784 31826 D SmartSidebar.VideoAssistantPanelView: (main)Registered app status observer for: to.kuudere.anisuge
06-06 21:38:00.672 31784 31826 D SmartSidebar.VideoAssistantAppStatusManager: (main)isAppEnabled: to.kuudere.anisuge = true
06-06 21:38:00.732  1438  1523 I OriginChannel: wise light debug, data[0].type is 65627,data[0].sensor is 91:[6.000000,,200.000000,,85.000000,0.000000,553295380937649]
06-06 21:38:00.849 29991  5609 D CommonApp-322-10885: transport layer data is invalid
06-06 21:38:00.850 29991  5609 D ScorePolicy: handleScoreChanged: []
06-06 21:38:00.850 29991  5609 D ScorePolicy: handleScoreChanged: []
06-06 21:38:00.850 29991  5609 D ScorePolicy: handleScoreChanged: []
06-06 21:38:00.893  1760  1760 I thermal_repeater: [recvMdThermalInfo] ret=28, strLen=127,  3, 41, -50, 0, 32767, 10407
06-06 21:38:00.933  1438  1523 I OriginChannel: wise light debug, data[0].type is 65627,data[0].sensor is 91:[6.000000,,200.000000,,88.000000,0.000000,553295605367211]
06-06 21:38:00.973 31784 31826 D SmartSidebar.EdgePanelSettingsValueProxy: (main)getOverlayShowVideoAssistant edge_panel_video_assistant =-1
06-06 21:38:00.975  2220  4632 D FlexibleTaskController: check task which not have enough child, isInSingleWhiteList:false isCloneTask:false
06-06 21:38:00.978 31784 31784 D VideoAssistantUtils: isInSplitScreenMode  === :false
06-06 21:38:00.979  2220  4632 D FlexibleTaskController: check task which not have enough child, isInSingleWhiteList:false isCloneTask:false
06-06 21:38:00.982 31784 31826 D SmartSidebar.EdgePanelUtils: (main)getTopAppInfo() result: ApplicationInfo{2297cab to.kuudere.anisuge}
06-06 21:38:00.982 31784 31826 D SmartSidebar.EdgePanelUtils: (main)getTopPkg() pkg: to.*****.anisuge
06-06 21:38:00.984  2220  4632 W ContentService: Observer is already registered. Pid is 31784
06-06 21:38:00.985 31784 31826 D SmartSidebar.VideoAssistantPanelView: (main)Registered app status observer for: to.kuudere.anisuge
06-06 21:38:00.986 31784 31826 D SmartSidebar.VideoAssistantAppStatusManager: (main)isAppEnabled: to.kuudere.anisuge = true
06-06 21:38:01.006  1510  1510 I BufferQueueProducer: [to.kuudere.anisuge/to.kuudere.anisuge.MainActivity#203939](this:0xb4000078323042f8,id:-1,api:0,p:-1,c:1510) queueBuffer: fps=60.21 dur=1013.15 max=18.78 min=15.29
06-06 21:38:01.132  1438  1523 I OriginChannel: wise light debug, data[4].type is 65627,data[4].sensor is 91:[6.000000,,200.000000,,96.000000,0.000000,553295805373649]
06-06 21:38:01.135  1801  1801 D AALLightSensor: oldLux=0 [SA:-1 LA:-1] newLux=0 (oriLux: 0)
06-06 21:38:01.275  2220  3513 I OplusHansManager : uid=10793, pkg=app.alextran.immich cannot transition from R to M, importance=widget
06-06 21:38:01.285 31784 31826 D SmartSidebar.EdgePanelSettingsValueProxy: (main)getOverlayShowVideoAssistant edge_panel_video_assistant =-1
06-06 21:38:01.287  2220  4632 D FlexibleTaskController: check task which not have enough child, isInSingleWhiteList:false isCloneTask:false
06-06 21:38:01.290 31784 31784 D VideoAssistantUtils: isInSplitScreenMode  === :false
06-06 21:38:01.292  2220  4632 D FlexibleTaskController: check task which not have enough child, isInSingleWhiteList:false isCloneTask:false
06-06 21:38:01.295 31784 31826 D SmartSidebar.EdgePanelUtils: (main)getTopAppInfo() result: ApplicationInfo{6e85f08 to.kuudere.anisuge}
06-06 21:38:01.295 31784 31826 D SmartSidebar.EdgePanelUtils: (main)getTopPkg() pkg: to.*****.anisuge
06-06 21:38:01.297  2220  4632 W ContentService: Observer is already registered. Pid is 31784
06-06 21:38:01.298 31784 31826 D SmartSidebar.VideoAssistantPanelView: (main)Registered app status observer for: to.kuudere.anisuge
06-06 21:38:01.298 31784 31826 D SmartSidebar.VideoAssistantAppStatusManager: (main)isAppEnabled: to.kuudere.anisuge = true
06-06 21:38:01.357  1438  1523 I OriginChannel: wise light debug, data[0].type is 65627,data[0].sensor is 91:[6.000000,,200.000000,,101.000000,0.000000,553296005121875]
